01-05 17:54:16.062   474   474 D AudioALSADeviceParser: Period count:	min=1		max=4096
01-05 17:54:16.062   474   474 D AudioALSADeviceParser: PCM_PARAM_BUFFER_BYTES :	 max=36864	
01-05 17:54:16.083   474   474 D AudioALSADeviceParser: Rate:	min=8000Hz	max=32000Hz
01-05 17:54:16.083   474   474 D AudioALSADeviceParser: Channels:	min=1		max=2
01-05 17:54:16.085   474   474 D AudioALSADeviceParser: Sample bits:	min=16		max=16
01-05 17:54:16.085   474   474 D AudioALSADeviceParser: Period size:	min=0		max=18432
01-05 17:54:16.085   474   474 D AudioALSADeviceParser: Period count:	min=1		max=4096
01-05 17:54:16.085   474   474 D AudioALSADeviceParser: PCM_PARAM_BUFFER_BYTES :	 max=36864	
01-05 17:54:16.085   474   474 D AudioALSADeviceParser: pcm 3 HMDI_PLayback 
01-05 17:54:16.085   474   474 D AudioALSADeviceParser: pcm mCardindex 0 mPcmindex 3 
01-05 17:54:16.085   474   474 D AudioALSADeviceParser: Rate:	min=8000Hz	max=192000Hz
01-05 17:54:16.085   474   474 D AudioALSADeviceParser: Channels:	min=1		max=8
01-05 17:54:16.085   474   474 D AudioALSADeviceParser: Sample bits:	min=16		max=32
01-05 17:54:16.085   474   474 D AudioALSADeviceParser: Period size:	min=0		max=98304
01-05 17:54:16.085   474   474 D AudioALSADeviceParser: Period count:	min=1		max=49152
01-05 17:54:16.085   474   474 D AudioALSADeviceParser: PCM_PARAM_BUFFER_BYTES :	 max=196608	
01-05 17:54:16.090   474   474 D AudioALSADeviceParser: Rate:	min=8000Hz	max=192000Hz
01-05 17:54:16.090   474   474 D AudioALSADeviceParser: Channels:	min=1		max=8
01-05 17:54:16.090   474   474 D AudioALSADeviceParser: Sample bits:	min=16		max=32
01-05 17:54:16.090   474   474 D AudioALSADeviceParser: Period size:	min=0		max=98304
01-05 17:54:16.090   474   474 D AudioALSADeviceParser: Period count:	min=1		max=49152
01-05 17:54:16.090   474   474 D AudioALSADeviceParser: PCM_PARAM_BUFFER_BYTES :	 max=196608	
01-05 17:54:16.091   474   474 D AudioALSADeviceParser: pcm 4 ULDL_Loopback 
01-05 17:54:16.091   474   474 D AudioALSADeviceParser: pcm mCardindex 0 mPcmindex 4 
01-05 17:54:16.096   474   474 D AudioALSADeviceParser: Rate:	min=8000Hz	max=48000Hz
01-05 17:54:16.096   474   474 D AudioALSADeviceParser: Channels:	min=1		max=2
01-05 17:54:16.096   474   474 D AudioALSADeviceParser: Sample bits:	min=16		max=16
01-05 17:54:16.096   474   474 D AudioALSADeviceParser: Period size:	min=0		max=18432
01-05 17:54:16.096   474   474 D AudioALSADeviceParser: Period count:	min=1		max=36864
01-05 17:54:16.096   474   474 D AudioALSADeviceParser: PCM_PARAM_BUFFER_BYTES :	 max=36864	
01-05 17:54:16.102   244   253 I [mTEE]  : begin to init TEEI OS OK
01-05 17:54:16.130   474   474 D AudioALSADeviceParser: Device 4 does not exist capture
01-05 17:54:16.130   474   474 D AudioALSADeviceParser: pcm 5 I2S0_PLayback 
01-05 17:54:16.130   474   474 D AudioALSADeviceParser: pcm mCardindex 0 mPcmindex 5 
01-05 17:54:16.131   474   474 D AudioALSADeviceParser: Rate:	min=8000Hz	max=192000Hz
01-05 17:54:16.131   474   474 D AudioALSADeviceParser: Channels:	min=1		max=2
01-05 17:54:16.131   474   474 D AudioALSADeviceParser: Sample bits:	min=32		max=32
01-05 17:54:16.132   474   474 D AudioALSADeviceParser: Period size:	min=0		max=8192
01-05 17:54:16.134   474   474 D AudioALSADeviceParser: Period count:	min=1		max=4
01-05 17:54:16.134   474   474 D AudioALSADeviceParser: PCM_PARAM_BUFFER_BYTES :	 max=32768	
01-05 17:54:16.137   474   474 D AudioALSADeviceParser: Rate:	min=8000Hz	max=192000Hz
01-05 17:54:16.137   474   474 D AudioALSADeviceParser: Channels:	min=1		max=2
01-05 17:54:16.137   474   474 D AudioALSADeviceParser: Sample bits:	min=32		max=32
01-05 17:54:16.137   474   474 D AudioALSADeviceParser: Period size:	min=0		max=8192
01-05 17:54:16.137   474   474 D AudioALSADeviceParser: Period count:	min=1		max=4
01-05 17:54:16.137   474   474 D AudioALSADeviceParser: PCM_PARAM_BUFFER_BYTES :	 max=32768	
01-05 17:54:16.137   474   474 D AudioALSADeviceParser: pcm 6 MRGRX_PLayback 
01-05 17:54:16.137   474   474 D AudioALSADeviceParser: pcm mCardindex 0 mPcmindex 6 
01-05 17:54:16.143   295   295 E stp_dump: fail to get Sdcard stat :No such file or directory, count: 5
01-05 17:54:16.145   474   474 D AudioALSADeviceParser: Rate:	min=32000Hz	max=48000Hz
01-05 17:54:16.145   474   474 D AudioALSADeviceParser: Channels:	min=1		max=2
01-05 17:54:16.145   474   474 D AudioALSADeviceParser: Sample bits:	min=16		max=16
01-05 17:54:16.145   474   474 D AudioALSADeviceParser: Period size:	min=0		max=32768
01-05 17:54:16.145   474   474 D AudioALSADeviceParser: Period count:	min=1		max=65536
01-05 17:54:16.145   474   474 D AudioALSADeviceParser: PCM_PARAM_BUFFER_BYTES :	 max=65536	
01-05 17:54:16.179   474   474 D AudioALSADeviceParser: Rate:	min=32000Hz	max=48000Hz
01-05 17:54:16.179   474   474 D AudioALSADeviceParser: Channels:	min=1		max=2
01-05 17:54:16.179   474   474 D AudioALSADeviceParser: Sample bits:	min=16		max=16
01-05 17:54:16.179   474   474 D AudioALSADeviceParser: Period size:	min=0		max=32768
01-05 17:54:16.179   474   474 D AudioALSADeviceParser: Period count:	min=1		max=65536
01-05 17:54:16.179   474   474 D AudioALSADeviceParser: PCM_PARAM_BUFFER_BYTES :	 max=65536	
01-05 17:54:16.179   474   474 D AudioALSADeviceParser: pcm 7 MRGRX_CAPTURE 
01-05 17:54:16.179   474   474 D AudioALSADeviceParser: pcm mCardindex 0 mPcmindex 7 
01-05 17:54:16.182   474   474 D AudioALSADeviceParser: Device 7 does not exist playback
01-05 17:54:16.201   474   474 D AudioALSADeviceParser: Rate:	min=8000Hz	max=48000Hz
01-05 17:54:16.201   474   474 D AudioALSADeviceParser: Channels:	min=1		max=2
01-05 17:54:16.201   474   474 D AudioALSADeviceParser: Sample bits:	min=16		max=16
01-05 17:54:16.201   474   474 D AudioALSADeviceParser: Period size:	min=0		max=32768
01-05 17:54:16.201   474   474 D AudioALSADeviceParser: Period count:	min=1		max=65536
01-05 17:54:16.201   474   474 D AudioALSADeviceParser: PCM_PARAM_BUFFER_BYTES :	 max=65536	
01-05 17:54:16.201   474   474 D AudioALSADeviceParser: pcm 8 I2S0DL1_PLayback 
01-05 17:54:16.201   474   474 D AudioALSADeviceParser: pcm mCardindex 0 mPcmindex 8 
01-05 17:54:16.202   474   474 D AudioALSADeviceParser: Rate:	min=8000Hz	max=192000Hz
01-05 17:54:16.202   474   474 D AudioALSADeviceParser: Channels:	min=1		max=2
01-05 17:54:16.202   474   474 D AudioALSADeviceParser: Sample bits:	min=16		max=32
01-05 17:54:16.202   474   474 D AudioALSADeviceParser: Period size:	min=0		max=16384
01-05 17:54:16.202   474   474 D AudioALSADeviceParser: Period count:	min=1		max=4
01-05 17:54:16.202   474   474 D AudioALSADeviceParser: PCM_PARAM_BUFFER_BYTES :	 max=32768	
01-05 17:54:16.202   474   474 D AudioALSADeviceParser: pcm 9 DL1_AWB_Record 
01-05 17:54:16.202   474   474 D AudioALSADeviceParser: pcm mCardindex 0 mPcmindex 9 
01-05 17:54:16.205   273   273 E wmt_launcher: get property(persist.mtk.wcn.fwlog.status) failed ret:0
01-05 17:54:16.205   273   273 I wmt_launcher: get property(persist.mtk.wcn.dynamic.dump) is 0
01-05 17:54:16.220   474   474 D AudioALSADeviceParser: Rate:	min=8000Hz	max=48000Hz
01-05 17:54:16.220   474   474 D AudioALSADeviceParser: Channels:	min=1		max=2
01-05 17:54:16.220   474   474 D AudioALSADeviceParser: Sample bits:	min=16		max=16
01-05 17:54:16.220   474   474 D AudioALSADeviceParser: Period size:	min=0		max=32768
01-05 17:54:16.220   474   474 D AudioALSADeviceParser: Period count:	min=1		max=65536
01-05 17:54:16.220   474   474 D AudioALSADeviceParser: PCM_PARAM_BUFFER_BYTES :	 max=65536	
01-05 17:54:16.220   474   474 D AudioALSADeviceParser: pcm 10 Voice_MD1_BT_Playback 
01-05 17:54:16.220   474   474 D AudioALSADeviceParser: pcm mCardindex 0 mPcmindex 10 
01-05 17:54:16.238   474   474 D AudioALSADeviceParser: Rate:	min=8000Hz	max=32000Hz
01-05 17:54:16.238   474   474 D AudioALSADeviceParser: Channels:	min=1		max=2
01-05 17:54:16.238   474   474 D AudioALSADeviceParser: Sample bits:	min=16		max=16
01-05 17:54:16.238   474   474 D AudioALSADeviceParser: Period size:	min=0		max=18432
01-05 17:54:16.238   474   474 D AudioALSADeviceParser: Period count:	min=1		max=4096
01-05 17:54:16.238   474   474 D AudioALSADeviceParser: PCM_PARAM_BUFFER_BYTES :	 max=36864	
01-05 17:54:16.238   474   474 D AudioALSADeviceParser: pcm 11 VOIP_Call_BT_Playback 
01-05 17:54:16.238   474   474 D AudioALSADeviceParser: pcm mCardindex 0 mPcmindex 11 
01-05 17:54:16.239   474   474 D AudioALSADeviceParser: Rate:	min=8000Hz	max=32000Hz
01-05 17:54:16.239   474   474 D AudioALSADeviceParser: Channels:	min=1		max=2
01-05 17:54:16.239   474   474 D AudioALSADeviceParser: Sample bits:	min=16		max=32
01-05 17:54:16.239   474   474 D AudioALSADeviceParser: Period size:	min=0		max=16384
01-05 17:54:16.239   474   474 D AudioALSADeviceParser: Period count:	min=1		max=4
01-05 17:54:16.239   474   474 D AudioALSADeviceParser: PCM_PARAM_BUFFER_BYTES :	 max=32768	
01-05 17:54:16.239   474   474 D AudioALSADeviceParser: pcm 12 VOIP_Call_BT_Capture 
01-05 17:54:16.239   474   474 D AudioALSADeviceParser: pcm mCardindex 0 mPcmindex 12 
01-05 17:54:16.250   475   475 D PQ      : [PQ_PROT][PQCust] libpq_cust_base.so absent, libpq_cust.so OK
01-05 17:54:16.252   475   475 E PQ      : [PQ][PQWhiteList] libwlparser.so is absent
01-05 17:54:16.252   475   475 D Iop/P2PPWp: [HalPipeWrapper] dupidx CQ1/CQ2/CQ3 (0/0/0)
01-05 17:54:16.253   475   475 D flashlight_drv.cpp: FlashlightDrv()
01-05 17:54:16.254   474   474 D AudioALSADeviceParser: Rate:	min=8000Hz	max=32000Hz
01-05 17:54:16.254   474   474 D AudioALSADeviceParser: Channels:	min=1		max=2
01-05 17:54:16.254   474   474 D AudioALSADeviceParser: Sample bits:	min=16		max=16
01-05 17:54:16.254   474   474 D AudioALSADeviceParser: Period size:	min=0		max=8192
01-05 17:54:16.254   474   474 D AudioALSADeviceParser: Period count:	min=1		max=4
01-05 17:54:16.254   474   474 D AudioALSADeviceParser: PCM_PARAM_BUFFER_BYTES :	 max=16384	
01-05 17:54:16.254   474   474 D AudioALSADeviceParser: pcm 13 TDM_Debug_Record 
01-05 17:54:16.254   474   474 D AudioALSADeviceParser: pcm mCardindex 0 mPcmindex 13 
01-05 17:54:16.256   474   474 D AudioALSADeviceParser: Rate:	min=8000Hz	max=48000Hz
01-05 17:54:16.256   474   474 D AudioALSADeviceParser: Channels:	min=2		max=8
01-05 17:54:16.256   474   474 D AudioALSADeviceParser: Sample bits:	min=16		max=16
01-05 17:54:16.256   474   474 D AudioALSADeviceParser: Period size:	min=0		max=12288
01-05 17:54:16.256   474   474 D AudioALSADeviceParser: Period count:	min=1		max=4096
01-05 17:54:16.256   474   474 D AudioALSADeviceParser: PCM_PARAM_BUFFER_BYTES :	 max=49152	
01-05 17:54:16.256   474   474 D AudioALSADeviceParser: pcm 14 FM_MRGTX_Playback 
01-05 17:54:16.256   474   474 D AudioALSADeviceParser: pcm mCardindex 0 mPcmindex 14 
01-05 17:54:16.258   475   475 D MtkCam/devicemgr: [CamDeviceManagerBase] 0xe9e91018
01-05 17:54:16.258   475   475 D MtkCam/devicemgr: [CamDeviceManagerBase] 0xea46fbf1:set_camera_metadata_vendor_ops(0xe9e910b4) return res:Success(0) in libcamera_metadata.so
01-05 17:54:16.258   475   475 D MtkCam/module: [mtk_camera_module_methods_instantiate] module_api_version:0x204
01-05 17:54:16.258   475   475 D MtkCam/Utils/Property: [clear] pid/tid=475/475
01-05 17:54:16.258   475   475 D MtkCam/module: [mtk_camera_module_methods_instantiate] 00: getProperty
01-05 17:54:16.258   475   475 D MtkCam/module: [mtk_camera_module_methods_instantiate] 01: setProperty
01-05 17:54:16.258   475   475 D MtkCam/module: [mtk_camera_module_methods_instantiate] 02: getExternalDeviceListener
01-05 17:54:16.259   475   475 D MtkCam/Metadata: [clear] pid:475 tid:475
01-05 17:54:16.259   475   475 D MtkCam/HalSensorList: [searchSensors] searchSensors
01-05 17:54:16.259   474   474 D AudioALSADeviceParser: Rate:	min=44100Hz	max=44100Hz
01-05 17:54:16.259   474   474 D AudioALSADeviceParser: Channels:	min=1		max=2
01-05 17:54:16.259   474   474 D AudioALSADeviceParser: Sample bits:	min=16		max=32
01-05 17:54:16.259   475   475 D SeninfDrvImp: [getInstance][getInstance] 
01-05 17:54:16.259   474   474 D AudioALSADeviceParser: Period size:	min=0		max=16384
01-05 17:54:16.259   475   475 D SeninfDrvImp: [SeninfDrvImp][SeninfDrvImp] 
01-05 17:54:16.259   474   474 D AudioALSADeviceParser: Period count:	min=1		max=36864
01-05 17:54:16.259   475   475 D SeninfDrvImp: [init][init]: Entry count 0 
01-05 17:54:16.259   474   474 D AudioALSADeviceParser: PCM_PARAM_BUFFER_BYTES :	 max=32768	
01-05 17:54:16.259   474   474 D AudioALSADeviceParser: pcm 15 MultiMediaData2_Capture 
01-05 17:54:16.259   475   475 D IspDrv  : {IspDrv} [isp_fd_open]  - E. curUser(seninf_drv).
01-05 17:54:16.259   474   474 D AudioALSADeviceParser: pcm mCardindex 0 mPcmindex 15 
01-05 17:54:16.259   475   475 D IspDrv  : {IspDrv} [isp_fd_open] open ion id(8).
01-05 17:54:16.263   475   475 D IspDrv  : {IspDrv} [isp_fd_open] open isp mFd(9).
01-05 17:54:16.263   475   475 D SeninfDrvImp: [init]IspDrv mfd(9) 
01-05 17:54:16.263   475   475 D SeninfDrvImp: [init]mpCAMIODrvRegAddr 0xeadf2970 = 0x0, State: init  
01-05 17:54:16.263   475   475 D SeninfDrvImp: [init]csi_value(0xaaaaaaaa)
01-05 17:54:16.263   475   475 D SeninfDrvImp: [init][init]: Exit count 1 
01-05 17:54:16.263   475   475 D SeninfDrvImp: [setMclk1][setTg1PhaseCounter] pcEn(1) clkPol(0) CamPll(0x0) mMclk1User(1)
01-05 17:54:16.265   475   475 D SeninfDrvImp: [setMclk2][setTg2PhaseCounter] pcEn(1) clkPol(0) CamPll(0x0) mMclk2User(1)
01-05 17:54:16.271   475   475 W MtkCam/HalSensorList: [impConstructStaticMetadata_by_SymbolName] constructCustStaticMetadata_DEVICE_LENS_usb not found
01-05 17:54:16.273   475   475 W MtkCam/HalSensorList: [impConstructStaticMetadata_by_SymbolName] constructCustStaticMetadata_DEVICE_LENS_COMMON not found
01-05 17:54:16.279   475   475 W MtkCam/HalSensorList: [impConstructStaticMetadata_by_SymbolName] constructCustStaticMetadata_DEVICE_SENSOR_usb not found
01-05 17:54:16.280   475   475 W MtkCam/HalSensorList: [impConstructStaticMetadata_by_SymbolName] constructCustStaticMetadata_DEVICE_SENSOR_COMMON not found
01-05 17:54:16.281   474   474 D AudioALSADeviceParser: Rate:	min=8000Hz	max=48000Hz
01-05 17:54:16.281   474   474 D AudioALSADeviceParser: Channels:	min=1		max=2
01-05 17:54:16.282   474   474 D AudioALSADeviceParser: Sample bits:	min=16		max=16
01-05 17:54:16.282   474   474 D AudioALSADeviceParser: Period size:	min=0		max=32768
01-05 17:54:16.282   474   474 D AudioALSADeviceParser: Period count:	min=1		max=36864
01-05 17:54:16.282   474   474 D AudioALSADeviceParser: PCM_PARAM_BUFFER_BYTES :	 max=65536	
01-05 17:54:16.282   474   474 D AudioALSADeviceParser: pcm 16 I2S0AWB_Capture 
01-05 17:54:16.282   474   474 D AudioALSADeviceParser: pcm mCardindex 0 mPcmindex 16 
01-05 17:54:16.287   475   475 W MtkCam/HalSensorList: [impConstructStaticMetadata_by_SymbolName] constructCustStaticMetadata_DEVICE_TUNING_3A_usb not found
01-05 17:54:16.288   475   475 W MtkCam/HalSensorList: [impConstructStaticMetadata_by_SymbolName] constructCustStaticMetadata_DEVICE_TUNING_3A_COMMON not found
01-05 17:54:16.289   475   475 W MtkCam/HalSensorList: [impConstructStaticMetadata_by_SymbolName] constructCustStaticMetadata_DEVICE_FLASHLIGHT_usb not found
01-05 17:54:16.294   475   475 W MtkCam/HalSensorList: [impConstructStaticMetadata_by_SymbolName] constructCustStaticMetadata_DEVICE_FLASHLIGHT_COMMON not found
01-05 17:54:16.298   475   475 W MtkCam/HalSensorList: [impConstructStaticMetadata_by_SymbolName] constructCustStaticMetadata_DEVICE_SCALER_usb not found
01-05 17:54:16.300   474   474 D AudioALSADeviceParser: Rate:	min=8000Hz	max=48000Hz
01-05 17:54:16.300   474   474 D AudioALSADeviceParser: Channels:	min=1		max=2
01-05 17:54:16.300   474   474 D AudioALSADeviceParser: Sample bits:	min=16		max=16
01-05 17:54:16.300   474   474 D AudioALSADeviceParser: Period size:	min=0		max=32768
01-05 17:54:16.300   474   474 D AudioALSADeviceParser: Period count:	min=1		max=65536
01-05 17:54:16.300   474   474 D AudioALSADeviceParser: PCM_PARAM_BUFFER_BYTES :	 max=65536	
01-05 17:54:16.300   474   474 D AudioALSADeviceParser: pcm 17 Voice_MD2_PLayback 
01-05 17:54:16.300   474   474 D AudioALSADeviceParser: pcm mCardindex 0 mPcmindex 17 
01-05 17:54:16.301   475   475 W MtkCam/HalSensorList: [impConstructStaticMetadata_by_SymbolName] constructCustStaticMetadata_DEVICE_SCALER_COMMON not found
01-05 17:54:16.305   475   475 W MtkCam/HalSensorList: [impConstructStaticMetadata_by_SymbolName] constructCustStaticMetadata_DEVICE_FEATURE_usb not found
01-05 17:54:16.306   280   280 I DisplayDevice: [Built-in Screen (type:0)] fps:12.162382,dur:1068.87,max:134.04,min:29.05
01-05 17:54:16.309   475   475 W MtkCam/HalSensorList: [impConstructStaticMetadata_by_SymbolName] constructCustStaticMetadata_DEVICE_FEATURE_COMMON not found
01-05 17:54:16.313   475   475 W MtkCam/HalSensorList: [impConstructStaticMetadata_by_SymbolName] constructCustStaticMetadata_DEVICE_CAMERA_usb not found
01-05 17:54:16.313   474   474 D AudioALSADeviceParser: Rate:	min=8000Hz	max=32000Hz
01-05 17:54:16.313   474   474 D AudioALSADeviceParser: Channels:	min=1		max=2
01-05 17:54:16.313   474   474 D AudioALSADeviceParser: Sample bits:	min=16		max=16
01-05 17:54:16.313   474   474 D AudioALSADeviceParser: Period size:	min=0		max=8192
01-05 17:54:16.313   474   474 D AudioALSADeviceParser: Period count:	min=1		max=4096
01-05 17:54:16.313   474   474 D AudioALSADeviceParser: PCM_PARAM_BUFFER_BYTES :	 max=16384	
01-05 17:54:16.315   475   475 W MtkCam/HalSensorList: [impConstructStaticMetadata_by_SymbolName] constructCustStaticMetadata_DEVICE_CAMERA_COMMON not found
01-05 17:54:16.317   475   475 W MtkCam/HalSensorList: [impConstructStaticMetadata_by_SymbolName] constructCustStaticMetadata_DEVICE_REQUEST_usb not found
01-05 17:54:16.320   475   475 W MtkCam/HalSensorList: [impConstructStaticMetadata_by_SymbolName] constructCustStaticMetadata_DEVICE_REQUEST_COMMON not found
01-05 17:54:16.322   475   475 W MtkCam/HalSensorList: [impConstructStaticMetadata_by_SymbolName] constructCustStaticMetadata_PROJECT_LENS_usb not found
01-05 17:54:16.325   475   475 W MtkCam/HalSensorList: [impConstructStaticMetadata_by_SymbolName] constructCustStaticMetadata_PROJECT_LENS_COMMON not found
01-05 17:54:16.328   475   475 W MtkCam/HalSensorList: [impConstructStaticMetadata_by_SymbolName] constructCustStaticMetadata_PROJECT_SENSOR_usb not found
01-05 17:54:16.329   475   475 W MtkCam/HalSensorList: [impConstructStaticMetadata_by_SymbolName] constructCustStaticMetadata_PROJECT_SENSOR_COMMON not found
01-05 17:54:16.332   475   475 W MtkCam/HalSensorList: [impConstructStaticMetadata_by_SymbolName] constructCustStaticMetadata_PROJECT_TUNING_3A_usb not found
01-05 17:54:16.334   475   475 W MtkCam/HalSensorList: [impConstructStaticMetadata_by_SymbolName] constructCustStaticMetadata_PROJECT_TUNING_3A_COMMON not found
01-05 17:54:16.337   475   475 W MtkCam/HalSensorList: [impConstructStaticMetadata_by_SymbolName] constructCustStaticMetadata_PROJECT_FLASHLIGHT_usb not found
01-05 17:54:16.339   475   475 W MtkCam/HalSensorList: [impConstructStaticMetadata_by_SymbolName] constructCustStaticMetadata_PROJECT_FLASHLIGHT_COMMON not found
01-05 17:54:16.341   475   475 W MtkCam/HalSensorList: [impConstructStaticMetadata_by_SymbolName] constructCustStaticMetadata_PROJECT_SCALER_usb not found
01-05 17:54:16.349   475   475 W MtkCam/HalSensorList: [impConstructStaticMetadata_by_SymbolName] constructCustStaticMetadata_PROJECT_SCALER_COMMON not found
01-05 17:54:16.350   475   475 W MtkCam/HalSensorList: [impConstructStaticMetadata_by_SymbolName] constructCustStaticMetadata_PROJECT_FEATURE_usb not found
01-05 17:54:16.350   475   475 W MtkCam/HalSensorList: [impConstructStaticMetadata_by_SymbolName] constructCustStaticMetadata_PROJECT_FEATURE_COMMON not found
01-05 17:54:16.351   474   474 D AudioALSADeviceParser: Rate:	min=8000Hz	max=32000Hz
01-05 17:54:16.351   474   474 D AudioALSADeviceParser: Channels:	min=1		max=2
01-05 17:54:16.351   474   474 D AudioALSADeviceParser: Sample bits:	min=16		max=16
01-05 17:54:16.351   474   474 D AudioALSADeviceParser: Period size:	min=0		max=8192
01-05 17:54:16.351   474   474 D AudioALSADeviceParser: Period count:	min=1		max=4096
01-05 17:54:16.351   474   474 D AudioALSADeviceParser: PCM_PARAM_BUFFER_BYTES :	 max=16384	
01-05 17:54:16.351   474   474 D AudioALSADeviceParser: pcm 18 MultiMedia_Routing 
01-05 17:54:16.351   474   474 D AudioALSADeviceParser: pcm mCardindex 0 mPcmindex 18 
01-05 17:54:16.353   475   475 W MtkCam/HalSensorList: [impConstructStaticMetadata_by_SymbolName] constructCustStaticMetadata_PROJECT_CAMERA_usb not found
01-05 17:54:16.354   475   475 W MtkCam/HalSensorList: [impConstructStaticMetadata_by_SymbolName] constructCustStaticMetadata_PROJECT_CAMERA_COMMON not found
01-05 17:54:16.355   475   475 W MtkCam/HalSensorList: [impConstructStaticMetadata_by_SymbolName] constructCustStaticMetadata_PROJECT_REQUEST_usb not found
01-05 17:54:16.355   474   474 D AudioALSADeviceParser: Device 18 does not exist playback
01-05 17:54:16.355   474   474 D AudioALSADeviceParser: pcm 19 Voice_MD2_BT_Playback 
01-05 17:54:16.355   474   474 D AudioALSADeviceParser: pcm mCardindex 0 mPcmindex 19 
01-05 17:54:16.356   475   475 W MtkCam/HalSensorList: [impConstructStaticMetadata_by_SymbolName] constructCustStaticMetadata_PROJECT_REQUEST_COMMON not found
01-05 17:54:16.356   475   475 D ImgSensorDrv: [impSearchSensor]SENSOR search start 
01-05 17:54:16.357   475   475 D ImgSensorDrv: [impSearchSensor]impSearchSensor search to sub
01-05 17:54:16.357   475   475 D ImgSensorDrv: [impSearchSensor]set sensor driver id =10000
01-05 17:54:16.364   498   498 D PQ      : [PQ_PROT][PQCust] libpq_cust_base.so absent, libpq_cust.so OK
01-05 17:54:16.364   498   498 E PQ      : [PQ][PQWhiteList] libwlparser.so is absent
01-05 17:54:16.389   498   498 I ProgramBinary/Builder: Program binary builder is starting...
01-05 17:54:16.390   498   498 I ProgramBinary/Builder: Build program consctruct.
01-05 17:54:16.390   498   498 I ProgramBinary/Builder: Build program is running...
01-05 17:54:16.390   498   498 D libEGL  : Attempt to load from egl.cfg
01-05 17:54:16.390   498   498 D libEGL  : egl.cfg not found, using default config
01-05 17:54:16.393   474   474 D AudioALSADeviceParser: Rate:	min=8000Hz	max=32000Hz
01-05 17:54:16.393   474   474 D AudioALSADeviceParser: Channels:	min=1		max=2
01-05 17:54:16.393   474   474 D AudioALSADeviceParser: Sample bits:	min=16		max=16
01-05 17:54:16.393   474   474 D AudioALSADeviceParser: Period size:	min=0		max=18432
01-05 17:54:16.393   474   474 D AudioALSADeviceParser: Period count:	min=1		max=4096
01-05 17:54:16.393   474   474 D AudioALSADeviceParser: PCM_PARAM_BUFFER_BYTES :	 max=36864	
01-05 17:54:16.393   474   474 D AudioALSADeviceParser: pcm 20 HP_IMPEDANCE_Playback 
01-05 17:54:16.393   474   474 D AudioALSADeviceParser: pcm mCardindex 0 mPcmindex 20 
01-05 17:54:16.394   474   474 D AudioALSADeviceParser: Rate:	min=8000Hz	max=48000Hz
01-05 17:54:16.394   474   474 D AudioALSADeviceParser: Channels:	min=1		max=2
01-05 17:54:16.394   474   474 D AudioALSADeviceParser: Sample bits:	min=16		max=32
01-05 17:54:16.395   474   474 D AudioALSADeviceParser: Period size:	min=0		max=18432
01-05 17:54:16.395   474   474 D AudioALSADeviceParser: Period count:	min=1		max=4
01-05 17:54:16.395   474   474 D AudioALSADeviceParser: PCM_PARAM_BUFFER_BYTES :	 max=36864	
01-05 17:54:16.395   474   474 D AudioALSADeviceParser: pcm 21 FM_I2S_Playback 
01-05 17:54:16.395   474   474 D AudioALSADeviceParser: pcm mCardindex 0 mPcmindex 21 
01-05 17:54:16.406   474   474 D AudioALSADeviceParser: Rate:	min=32000Hz	max=48000Hz
01-05 17:54:16.406   474   474 D AudioALSADeviceParser: Channels:	min=1		max=2
01-05 17:54:16.406   474   474 D AudioALSADeviceParser: Sample bits:	min=16		max=16
01-05 17:54:16.406   474   474 D AudioALSADeviceParser: Period size:	min=0		max=32768
01-05 17:54:16.406   474   474 D AudioALSADeviceParser: Period count:	min=1		max=65536
01-05 17:54:16.406   474   474 D AudioALSADeviceParser: PCM_PARAM_BUFFER_BYTES :	 max=65536	
01-05 17:54:16.406   474   474 D AudioALSADeviceParser: pcm 22 FM_I2S_Capture 
01-05 17:54:16.406   474   474 D AudioALSADeviceParser: pcm mCardindex 0 mPcmindex 22 
01-05 17:54:16.425   474   474 D AudioALSADeviceParser: Rate:	min=8000Hz	max=48000Hz
01-05 17:54:16.425   474   474 D AudioALSADeviceParser: Channels:	min=1		max=2
01-05 17:54:16.425   474   474 D AudioALSADeviceParser: Sample bits:	min=16		max=16
01-05 17:54:16.426   474   474 D AudioALSADeviceParser: Period size:	min=0		max=32768
01-05 17:54:16.426   474   474 D AudioALSADeviceParser: Period count:	min=1		max=65536
01-05 17:54:16.426   474   474 D AudioALSADeviceParser: PCM_PARAM_BUFFER_BYTES :	 max=65536	
01-05 17:54:16.426   474   474 D AudioALSADeviceParser: pcm 24 MultiMedia2_PLayback 
01-05 17:54:16.426   474   474 D AudioALSADeviceParser: pcm mCardindex 0 mPcmindex 24 
01-05 17:54:16.432   480   480 D FPO_MSG : fpoServiceRegister : (0, FpoAggressiveFpsStrategy)
01-05 17:54:16.436   474   474 D AudioALSADeviceParser: Rate:	min=8000Hz	max=192000Hz
01-05 17:54:16.436   474   474 D AudioALSADeviceParser: Channels:	min=1		max=2
01-05 17:54:16.436   474   474 D AudioALSADeviceParser: Sample bits:	min=16		max=32
01-05 17:54:16.436   474   474 D AudioALSADeviceParser: Period size:	min=0		max=18432
01-05 17:54:16.436   474   474 D AudioALSADeviceParser: Period count:	min=1		max=4
01-05 17:54:16.436   474   474 D AudioALSADeviceParser: PCM_PARAM_BUFFER_BYTES :	 max=36864	
01-05 17:54:16.436   474   474 D AudioALSADeviceParser: dump size = 24
01-05 17:54:16.436   474   474 D AudioALSADeviceParser: name = MultiMedia1_PLayback 
01-05 17:54:16.437   474   474 D AudioALSADeviceParser: card index = 0 pcm index = 0
01-05 17:54:16.437   474   474 D AudioALSADeviceParser: playback  = 1 capture = 0
01-05 17:54:16.437   474   474 D AudioALSADeviceParser: name = MultiMedia1_Capture 
01-05 17:54:16.437   474   474 D AudioALSADeviceParser: card index = 0 pcm index = 1
01-05 17:54:16.437   474   474 D AudioALSADeviceParser: playback  = 0 capture = 1
01-05 17:54:16.437   474   474 D AudioALSADeviceParser: name = Voice_MD1_PLayback 
01-05 17:54:16.437   474   474 D AudioALSADeviceParser: card index = 0 pcm index = 2
01-05 17:54:16.437   474   474 D AudioALSADeviceParser: playback  = 1 capture = 1
01-05 17:54:16.438   474   474 D AudioALSADeviceParser: name = HMDI_PLayback 
01-05 17:54:16.438   474   474 D AudioALSADeviceParser: card index = 0 pcm index = 3
01-05 17:54:16.438   474   474 D AudioALSADeviceParser: playback  = 1 capture = 1
01-05 17:54:16.438   474   474 D AudioALSADeviceParser: name = ULDL_Loopback 
01-05 17:54:16.438   474   474 D AudioALSADeviceParser: card index = 0 pcm index = 4
01-05 17:54:16.438   474   474 D AudioALSADeviceParser: playback  = 1 capture = 1
01-05 17:54:16.438   474   474 D AudioALSADeviceParser: name = I2S0_PLayback 
01-05 17:54:16.438   474   474 D AudioALSADeviceParser: card index = 0 pcm index = 5
01-05 17:54:16.439   474   474 D AudioALSADeviceParser: playback  = 1 capture = 1
01-05 17:54:16.439   474   474 D AudioALSADeviceParser: name = MRGRX_PLayback 
01-05 17:54:16.439   474   474 D AudioALSADeviceParser: card index = 0 pcm index = 6
01-05 17:54:16.439   474   474 D AudioALSADeviceParser: playback  = 1 capture = 1
01-05 17:54:16.440   480   480 D PQ      : [PQ_PROT][PQCust] libpq_cust_base.so absent, libpq_cust.so OK
01-05 17:54:16.440   480   480 E PQ      : [PQ][PQWhiteList] libwlparser.so is absent
01-05 17:54:16.439   474   474 D AudioALSADeviceParser: name = MRGRX_CAPTURE 
01-05 17:54:16.441   474   474 D AudioALSADeviceParser: card index = 0 pcm index = 7
01-05 17:54:16.441   474   474 D AudioALSADeviceParser: playback  = 1 capture = 1
01-05 17:54:16.441   474   474 D AudioALSADeviceParser: name = I2S0DL1_PLayback 
01-05 17:54:16.441   474   474 D AudioALSADeviceParser: card index = 0 pcm index = 8
01-05 17:54:16.441   474   474 D AudioALSADeviceParser: playback  = 1 capture = 0
01-05 17:54:16.441   474   474 D AudioALSADeviceParser: name = DL1_AWB_Record 
01-05 17:54:16.441   474   474 D AudioALSADeviceParser: card index = 0 pcm index = 9
01-05 17:54:16.441   474   474 D AudioALSADeviceParser: playback  = 0 capture = 1
01-05 17:54:16.441   474   474 D AudioALSADeviceParser: name = Voice_MD1_BT_Playback 
01-05 17:54:16.441   474   474 D AudioALSADeviceParser: card index = 0 pcm index = 10
01-05 17:54:16.441   474   474 D AudioALSADeviceParser: playback  = 1 capture = 0
01-05 17:54:16.441   474   474 D AudioALSADeviceParser: name = VOIP_Call_BT_Playback 
01-05 17:54:16.441   474   474 D AudioALSADeviceParser: card index = 0 pcm index = 11
01-05 17:54:16.441   474   474 D AudioALSADeviceParser: playback  = 1 capture = 0
01-05 17:54:16.441   474   474 D AudioALSADeviceParser: name = VOIP_Call_BT_Capture 
01-05 17:54:16.441   474   474 D AudioALSADeviceParser: card index = 0 pcm index = 12
01-05 17:54:16.441   474   474 D AudioALSADeviceParser: playback  = 0 capture = 1
01-05 17:54:16.443   474   474 D AudioALSADeviceParser: name = TDM_Debug_Record 
01-05 17:54:16.443   474   474 D AudioALSADeviceParser: card index = 0 pcm index = 13
01-05 17:54:16.443   474   474 D AudioALSADeviceParser: playback  = 0 capture = 1
01-05 17:54:16.443   474   474 D AudioALSADeviceParser: name = FM_MRGTX_Playback 
01-05 17:54:16.443   474   474 D AudioALSADeviceParser: card index = 0 pcm index = 14
01-05 17:54:16.443   474   474 D AudioALSADeviceParser: playback  = 1 capture = 0
01-05 17:54:16.443   474   474 D AudioALSADeviceParser: name = MultiMediaData2_Capture 
01-05 17:54:16.443   474   474 D AudioALSADeviceParser: card index = 0 pcm index = 15
01-05 17:54:16.443   474   474 D AudioALSADeviceParser: playback  = 0 capture = 1
01-05 17:54:16.443   474   474 D AudioALSADeviceParser: name = I2S0AWB_Capture 
01-05 17:54:16.443   474   474 D AudioALSADeviceParser: card index = 0 pcm index = 16
01-05 17:54:16.443   474   474 D AudioALSADeviceParser: playback  = 0 capture = 1
01-05 17:54:16.443   474   474 D AudioALSADeviceParser: name = Voice_MD2_PLayback 
01-05 17:54:16.443   474   474 D AudioALSADeviceParser: card index = 0 pcm index = 17
01-05 17:54:16.443   474   474 D AudioALSADeviceParser: playback  = 1 capture = 1
01-05 17:54:16.443   474   474 D AudioALSADeviceParser: name = MultiMedia_Routing 
01-05 17:54:16.443   474   474 D AudioALSADeviceParser: card index = 0 pcm index = 18
01-05 17:54:16.443   474   474 D AudioALSADeviceParser: playback  = 1 capture = 0
01-05 17:54:16.443   474   474 D AudioALSADeviceParser: name = Voice_MD2_BT_Playback 
01-05 17:54:16.443   474   474 D AudioALSADeviceParser: card index = 0 pcm index = 19
01-05 17:54:16.443   474   474 D AudioALSADeviceParser: playback  = 1 capture = 0
01-05 17:54:16.443   474   474 D AudioALSADeviceParser: name = HP_IMPEDANCE_Playback 
01-05 17:54:16.443   474   474 D AudioALSADeviceParser: card index = 0 pcm index = 20
01-05 17:54:16.443   474   474 D AudioALSADeviceParser: playback  = 1 capture = 0
01-05 17:54:16.443   474   474 D AudioALSADeviceParser: name = FM_I2S_Playback 
01-05 17:54:16.443   474   474 D AudioALSADeviceParser: card index = 0 pcm index = 21
01-05 17:54:16.443   474   474 D AudioALSADeviceParser: playback  = 1 capture = 0
01-05 17:54:16.443   474   474 D AudioALSADeviceParser: name = FM_I2S_Capture 
01-05 17:54:16.444   474   474 D AudioALSADeviceParser: card index = 0 pcm index = 22
01-05 17:54:16.444   474   474 D AudioALSADeviceParser: playback  = 0 capture = 1
01-05 17:54:16.444   474   474 D AudioALSADeviceParser: name = MultiMedia2_PLayback 
01-05 17:54:16.447   474   474 D AudioALSADeviceParser: card index = 0 pcm index = 24
01-05 17:54:16.453   474   474 D AudioALSADeviceParser: playback  = 1 capture = 0
01-05 17:54:16.453   474   474 D AudioALSADeviceParser: dump done
01-05 17:54:16.453   474   474 D AudioALSADeviceParser: -UniqueVolumeInstance
01-05 17:54:16.455   474   474 D AudioALSADriverUtility: mMixer = 0xe8008000
01-05 17:54:16.455   474   474 D AudioALSAHardwareResourceManager: AudioALSAHardwareResourceManager()
01-05 17:54:16.471   480   480 V MediaUtils: physMem: 1979015168
01-05 17:54:16.471   480   480 V MediaUtils: requested limit: 395803020
01-05 17:54:16.471   480   480 V MediaUtils: actual limit: 500000000
01-05 17:54:16.471   480   480 V MediaUtils: original limits: 4294967295/4294967295
01-05 17:54:16.471   480   480 V MediaUtils: new limits: 500000000/4294967295
01-05 17:54:16.471   480   480 W /system/bin/mediaextractor: libminijail: allowing syscall: clock_gettime
01-05 17:54:16.471   480   480 W /system/bin/mediaextractor: libminijail: allowing syscall: connect
01-05 17:54:16.471   480   480 W /system/bin/mediaextractor: libminijail: allowing syscall: fcntl64
01-05 17:54:16.471   480   480 W /system/bin/mediaextractor: libminijail: allowing syscall: socket
01-05 17:54:16.471   480   480 W /system/bin/mediaextractor: libminijail: allowing syscall: writev
01-05 17:54:16.473   480   480 W /system/bin/mediaextractor: libminijail: logging seccomp filter failures
01-05 17:54:16.474   475   475 D ImgSensorDrv: [impSearchSensor][impSearchSensor] Err-ctrlCode (I/O error) 
01-05 17:54:16.474   475   475 D ImgSensorDrv: [getCurrentSensorType][getCurrentSensorType] 
01-05 17:54:16.474   475   475 D ImgSensorDrv: [getInfo][getInfo],m_fdSensor = 0xb 
01-05 17:54:16.474   475   475 D ImgSensorDrv: [getSocketPosition][getSocketPosition]:[1][1] 
01-05 17:54:16.474   475   475 D ImgSensorDrv: [impSearchSensor]sensor ID mismatch
01-05 17:54:16.474   475   475 D ImgSensorDrv: [impSearchSensor]set sensor driver id =10001
01-05 17:54:16.483   479   479 D FPO_MSG : fpoServiceRegister : (0, FpoAggressiveFpsStrategy)
01-05 17:54:16.486   479   479 D PQ      : [PQ_PROT][PQCust] libpq_cust_base.so absent, libpq_cust.so OK
01-05 17:54:16.487   479   479 E PQ      : [PQ][PQWhiteList] libwlparser.so is absent
01-05 17:54:16.498   479   479 I mediaserver: ServiceManager: 0xeacd2460
01-05 17:54:16.505   469   501 E C2KMDLOGGER: read poll excp_msg_dev: got POLLERR
01-05 17:54:16.517   474   474 D AudioALSACodecDeviceBase: AudioALSACodecDeviceBase()
01-05 17:54:16.517   474   474 D AudioALSACodecDeviceOutEarphonePMIC: AudioALSACodecDeviceOutEarphonePMIC()
01-05 17:54:16.517   474   474 D AudioALSACodecDeviceOutEarphonePMIC: DeviceDoDcCalibrate()
01-05 17:54:16.517   498   498 D MALI    : osup_constructor:144: osup_constructor
01-05 17:54:16.521   498   498 D libEGL  : loaded /vendor/lib64/egl/libGLES_mali.so
01-05 17:54:16.523   474   474 D NVRAM   : length of g_NVRAM_BACKUP_DEVICE=59
01-05 17:54:16.523   474   474 D NVRAM   : nvram_layout_callback will run!!!
01-05 17:54:16.523   474   474 D NVRAM   : nvram_platform_log_block: 2
01-05 17:54:16.523   474   474 D NVRAM   : nvram_platform_resv_block: 2
01-05 17:54:16.523   474   474 D NVRAM   : nvram_platform_DM_block: 1
01-05 17:54:16.523   474   474 D NVRAM   : nvram_platform_layout_version: 0
01-05 17:54:16.523   474   474 D NVRAM   : nvram_platform_header_offset: 0
01-05 17:54:16.523   474   474 D NVRAM   : g_i4CFG_File_Count: 49
01-05 17:54:16.523   474   474 D NVRAM   : NVM_Init Max Lid: 71
01-05 17:54:16.523   474   474 D NVRAM   : [NVRAM]: info nvram_gpt_flag =1
01-05 17:54:16.523   474   474 D NVRAM   : [NVRAM]: info NVRAM Init Completed!
01-05 17:54:16.523   474   474 D NVRAM   : NVM_GetFileDesc: Open /data/nvram/media/Audio_Buffer_DC_Calibration_Param,LID:65
01-05 17:54:16.525   474   474 D NVRAM   : NVM_CmpFileVerNo 65  
01-05 17:54:16.525   474   474 D NVRAM   : Load File Version: 000, NvRam File Version: 000
01-05 17:54:16.525   474   474 D NVRAM   : NVM_CheckFileSize : 65 ++
01-05 17:54:16.525   474   474 D NVRAM   : iCustomBeginLID = 49
01-05 17:54:16.526   474   474 D NVRAM   : NVM_CheckFileSize:stat_size:10,size in table:8
01-05 17:54:16.527   474   474 D NVRAM   : NVM_CheckFile: File is correct!
01-05 17:54:16.527   474   474 D NVRAM   : NVM_ProtectUserData:Check Success
01-05 17:54:16.527   474   474 D NVRAM   : NVM_GetFileDesc ProtectDataFile Check Success!!
01-05 17:54:16.527   474   474 D AudioYusuParam: GetDcCalibrationParamFromNV rec_size = 8 rec_num = 1
01-05 17:54:16.531   474   474 D NVRAM   : NVM_CloseFileDesc: Open by Readonly, no need to check when close
01-05 17:54:16.531   474   474 D AudioALSACodecDeviceOutEarphonePMIC: cali_flag = 1 cali_val_hp_left = 1970 cali_val_hp_right = 2012 
01-05 17:54:16.531   474   474 D AudioALSACodecDeviceOutEarphonePMIC: cali_val_hp_left = 1970, short cali_val_hp_left = 1970, HplOffset=1970 
01-05 17:54:16.531   474   474 D AudioALSACodecDeviceOutEarphonePMIC: cali_val_hp_right = 2012, short cali_val_hp_right = 2012, HplOffset=2012 
01-05 17:54:16.600   475   475 D ImgSensorDrv: [impSearchSensor][impSearchSensor] Err-ctrlCode (I/O error) 
01-05 17:54:16.601   475   475 D ImgSensorDrv: [getCurrentSensorType][getCurrentSensorType] 
01-05 17:54:16.601   475   475 D ImgSensorDrv: [getInfo][getInfo],m_fdSensor = 0xb 
01-05 17:54:16.601   475   475 D ImgSensorDrv: [getSocketPosition][getSocketPosition]:[1][1] 
01-05 17:54:16.601   475   475 D ImgSensorDrv: [impSearchSensor]sensor ID mismatch
01-05 17:54:16.601   475   475 D ImgSensorDrv: [impSearchSensor]set sensor driver id =10002
01-05 17:54:16.661   498   498 I ProgramBinary/Builder: EGL version 1.4
01-05 17:54:16.696   474   474 D NVRAM   : NVM_GetFileDesc: Open /data/nvram/media/Audio_Buffer_DC_Calibration_Param,LID:65
01-05 17:54:16.696   474   474 D NVRAM   : NVM_CmpFileVerNo 65  
01-05 17:54:16.696   474   474 D NVRAM   : Load File Version: 000, NvRam File Version: 000
01-05 17:54:16.696   474   474 D NVRAM   : NVM_CheckFileSize : 65 ++
01-05 17:54:16.696   474   474 D NVRAM   : iCustomBeginLID = 49
01-05 17:54:16.696   474   474 D NVRAM   : NVM_CheckFileSize:stat_size:10,size in table:8
01-05 17:54:16.696   474   474 D NVRAM   : NVM_CheckFile: File is correct!
01-05 17:54:16.696   474   474 D NVRAM   : NVM_ProtectUserData:Check Success
01-05 17:54:16.696   474   474 D NVRAM   : NVM_GetFileDesc ProtectDataFile Check Success!!
01-05 17:54:16.696   474   474 D AudioYusuParam: GetDcCalibrationParamFromNV rec_size = 8 rec_num = 1
01-05 17:54:16.712   474   474 D NVRAM   : NVM_CloseFileDesc: Open by Readonly, no need to check when close
01-05 17:54:16.712   474   474 D AudioALSACodecDeviceOutEarphonePMIC: cali_flag = 1 cali_val_hp_left = 1970 cali_val_hp_right = 2012, HplOffset=1970 
01-05 17:54:16.712   474   474 D AudioALSADeviceConfigManager: +UniqueAlsaDeviceConfigParserInstance
01-05 17:54:16.712   474   474 D AudioALSADeviceConfigManager: AudioALSADeviceConfigManager()
01-05 17:54:16.712   474   474 D AudioALSADeviceConfigManager: LoadAudioConfig()
01-05 17:54:16.727   474   474 E AudioALSADeviceConfigManager: LoadAudioConfig success 
01-05 17:54:16.727   474   474 D AudioALSADeviceConfigManager: TiXmlDeclaration version = 1.0 
01-05 17:54:16.727   474   474 D AudioALSADeviceConfigManager: TiXmlDeclaration Encoding = UTF-8 
01-05 17:54:16.727   474   474 D AudioALSADeviceConfigManager: TiXmlDeclaration Standalone =  
01-05 17:54:16.727   474   474 D AudioALSADeviceConfigManager: GetVersion = 1.01
01-05 17:54:16.727   474   474 D AudioALSADeviceConfigManager: FirstChildElement can find mixer
01-05 17:54:16.727   474   474 D AudioALSADeviceConfigManager: +ParseInitSequence()
01-05 17:54:16.727   474   474 D AudioALSADeviceConfigManager: valname = Audio_Speaker_class_Switch  valvalue = CLASSAB  
01-05 17:54:16.727   474   474 D AudioALSADeviceConfigManager: -ParseInitSequence()
01-05 17:54:16.727   474   474 D AudioALSADeviceConfigManager: ParseDeviceSequence() devicename = headphone_output action = turnon
01-05 17:54:16.727   474   474 D AudioALSADeviceConfigManager: CheckDeviceExist not exist devicename = headphone_output
01-05 17:54:16.729   474   474 D AudioALSADeviceConfigManager: add turn on sequnce
01-05 17:54:16.730   474   474 D AudioALSADeviceConfigManager: valname = Audio_Amp_R_Switch  valvalue = On  
01-05 17:54:16.730   474   474 D AudioALSADeviceConfigManager: valname = Audio_Amp_L_Switch  valvalue = On  
01-05 17:54:16.730   474   474 D AudioALSADeviceConfigManager: ParseDeviceSequence() devicename = headphone_output action = turnoff
01-05 17:54:16.730   474   474 D AudioALSADeviceConfigManager: CheckDeviceExist exist devicename = headphone_output
01-05 17:54:16.730   474   474 D AudioALSADeviceConfigManager: GetDeviceDescriptorbyname
01-05 17:54:16.730   474   474 D AudioALSADeviceConfigManager: CheckDeviceExist exist devicename = headphone_output
01-05 17:54:16.730   474   474 D AudioALSADeviceConfigManager: add turn off sequnce
01-05 17:54:16.730   474   474 D AudioALSADeviceConfigManager: valname = Audio_Amp_R_Switch  valvalue = Off  
01-05 17:54:16.730   474   474 D AudioALSADeviceConfigManager: valname = Audio_Amp_L_Switch  valvalue = Off  
01-05 17:54:16.730   474   474 D AudioALSADeviceConfigManager: ParseDeviceSequence() devicename = receiver_output action = turnon
01-05 17:54:16.730   474   474 D AudioALSADeviceConfigManager: CheckDeviceExist not exist devicename = receiver_output
01-05 17:54:16.730   474   474 D AudioALSADeviceConfigManager: add turn on sequnce
01-05 17:54:16.730   474   474 D AudioALSADeviceConfigManager: valname = Voice_Amp_Switch  valvalue = On  
01-05 17:54:16.730   474   474 D AudioALSADeviceConfigManager: ParseDeviceSequence() devicename = receiver_output action = turnoff
01-05 17:54:16.730   474   474 D AudioALSADeviceConfigManager: CheckDeviceExist exist devicename = receiver_output
01-05 17:54:16.730   474   474 D AudioALSADeviceConfigManager: GetDeviceDescriptorbyname
01-05 17:54:16.730   474   474 D AudioALSADeviceConfigManager: CheckDeviceExist exist devicename = receiver_output
01-05 17:54:16.730   474   474 D AudioALSADeviceConfigManager: add turn off sequnce
01-05 17:54:16.730   474   474 D AudioALSADeviceConfigManager: valname = Voice_Amp_Switch  valvalue = Off  
01-05 17:54:16.730   474   474 D AudioALSADeviceConfigManager: ParseDeviceSequence() devicename = two_in_one_speaker_output action = turnon
01-05 17:54:16.730   474   474 D AudioALSADeviceConfigManager: CheckDeviceExist not exist devicename = two_in_one_speaker_output
01-05 17:54:16.730   474   474 D AudioALSADeviceConfigManager: add turn on sequnce
01-05 17:54:16.730   474   474 D AudioALSADeviceConfigManager: valname = Audio_Speaker_class_Switch  valvalue = RECEIVER  
01-05 17:54:16.730   474   474 D AudioALSADeviceConfigManager: valname = Speaker_Amp_Switch  valvalue = On  
01-05 17:54:16.730   474   474 D AudioALSADeviceConfigManager: ParseDeviceSequence() devicename = two_in_one_speaker_output action = turnoff
01-05 17:54:16.730   474   474 D AudioALSADeviceConfigManager: CheckDeviceExist exist devicename = two_in_one_speaker_output
01-05 17:54:16.730   474   474 D AudioALSADeviceConfigManager: GetDeviceDescriptorbyname
01-05 17:54:16.730   474   474 D AudioALSADeviceConfigManager: CheckDeviceExist exist devicename = two_in_one_speaker_output
01-05 17:54:16.730   474   474 D AudioALSADeviceConfigManager: add turn off sequnce
01-05 17:54:16.730   474   474 D AudioALSADeviceConfigManager: valname = Speaker_Amp_Switch  valvalue = Off  
01-05 17:54:16.730   474   474 D AudioALSADeviceConfigManager: valname = Audio_Speaker_class_Switch  valvalue = CALSSD  
01-05 17:54:16.730   474   474 D AudioALSADeviceConfigManager: ParseDeviceSequence() devicename = speaker_output action = turnon
01-05 17:54:16.730   474   474 D AudioALSADeviceConfigManager: CheckDeviceExist not exist devicename = speaker_output
01-05 17:54:16.730   474   474 D AudioALSADeviceConfigManager: add turn on sequnce
01-05 17:54:16.730   474   474 D AudioALSADeviceConfigManager: valname = Speaker_Amp_Switch  valvalue = On  
01-05 17:54:16.730   474   474 D AudioALSADeviceConfigManager: ParseDeviceSequence() devicename = speaker_output action = turnoff
01-05 17:54:16.731   474   474 D AudioALSADeviceConfigManager: CheckDeviceExist exist devicename = speaker_output
01-05 17:54:16.731   474   474 D AudioALSADeviceConfigManager: GetDeviceDescriptorbyname
01-05 17:54:16.731   474   474 D AudioALSADeviceConfigManager: CheckDeviceExist exist devicename = speaker_output
01-05 17:54:16.731   474   474 D AudioALSADeviceConfigManager: add turn off sequnce
01-05 17:54:16.731   474   474 D AudioALSADeviceConfigManager: valname = Speaker_Amp_Switch  valvalue = Off  
01-05 17:54:16.731   474   474 D AudioALSADeviceConfigManager: ParseDeviceSequence() devicename = headphoneSpeaker_output action = turnon
01-05 17:54:16.731   474   474 D AudioALSADeviceConfigManager: CheckDeviceExist not exist devicename = headphoneSpeaker_output
01-05 17:54:16.731   474   474 D AudioALSADeviceConfigManager: add turn on sequnce
01-05 17:54:16.731   474   474 D AudioALSADeviceConfigManager: valname = Headset_Speaker_Amp_Switch  valvalue = On  
01-05 17:54:16.731   474   474 D AudioALSADeviceConfigManager: ParseDeviceSequence() devicename = headphoneSpeaker_output action = turnoff
01-05 17:54:16.731   474   474 D AudioALSADeviceConfigManager: CheckDeviceExist exist devicename = headphoneSpeaker_output
01-05 17:54:16.731   474   474 D AudioALSADeviceConfigManager: GetDeviceDescriptorbyname
01-05 17:54:16.731   474   474 D AudioALSADeviceConfigManager: CheckDeviceExist exist devicename = headphoneSpeaker_output
01-05 17:54:16.731   474   474 D AudioALSADeviceConfigManager: add turn off sequnce
01-05 17:54:16.731   474   474 D AudioALSADeviceConfigManager: valname = Headset_Speaker_Amp_Switch  valvalue = Off  
01-05 17:54:16.731   474   474 D AudioALSADeviceConfigManager: ParseDeviceSequence() devicename = ext_speaker_output action = turnon
01-05 17:54:16.731   474   474 D AudioALSADeviceConfigManager: CheckDeviceExist not exist devicename = ext_speaker_output
01-05 17:54:16.731   474   474 D AudioALSADeviceConfigManager: add turn on sequnce
01-05 17:54:16.731   474   474 D AudioALSADeviceConfigManager: valname = Ext_Speaker_Amp_Switch  valvalue = On  
01-05 17:54:16.731   474   474 D AudioALSADeviceConfigManager: ParseDeviceSequence() devicename = ext_speaker_output action = turnoff
01-05 17:54:16.731   474   474 D AudioALSADeviceConfigManager: CheckDeviceExist exist devicename = ext_speaker_output
01-05 17:54:16.731   474   474 D AudioALSADeviceConfigManager: GetDeviceDescriptorbyname
01-05 17:54:16.731   474   474 D AudioALSADeviceConfigManager: CheckDeviceExist exist devicename = ext_speaker_output
01-05 17:54:16.731   474   474 D AudioALSADeviceConfigManager: add turn off sequnce
01-05 17:54:16.731   474   474 D AudioALSADeviceConfigManager: valname = Ext_Speaker_Amp_Switch  valvalue = Off  
01-05 17:54:16.731   474   474 D AudioALSADeviceConfigManager: ParseDeviceSequence() devicename = builtin_Mic_Mic1 action = turnon
01-05 17:54:16.731   474   474 D AudioALSADeviceConfigManager: CheckDeviceExist not exist devicename = builtin_Mic_Mic1
01-05 17:54:16.731   474   474 D AudioALSADeviceConfigManager: add turn on sequnce
01-05 17:54:16.731   474   474 D AudioALSADeviceConfigManager: valname = Audio_MicSource1_Setting  valvalue = ADC1  
01-05 17:54:16.731   474   474 D AudioALSADeviceConfigManager: valname = Audio_ADC_1_Switch  valvalue = On  
01-05 17:54:16.731   474   474 D AudioALSADeviceConfigManager: valname = Audio_ADC_2_Switch  valvalue = On  
01-05 17:54:16.731   474   474 D AudioALSADeviceConfigManager: valname = Audio_Preamp1_Switch  valvalue = IN_ADC1  
01-05 17:54:16.731   474   474 D AudioALSADeviceConfigManager: valname = Audio_Preamp2_Switch  valvalue = IN_ADC1  
01-05 17:54:16.731   474   474 D AudioALSADeviceConfigManager: ParseDeviceSequence() devicename = builtin_Mic_Mic1 action = turnoff
01-05 17:54:16.731   474   474 D AudioALSADeviceConfigManager: CheckDeviceExist exist devicename = builtin_Mic_Mic1
01-05 17:54:16.731   474   474 D AudioALSADeviceConfigManager: GetDeviceDescriptorbyname
01-05 17:54:16.731   474   474 D AudioALSADeviceConfigManager: CheckDeviceExist exist devicename = builtin_Mic_Mic1
01-05 17:54:16.731   474   474 D AudioALSADeviceConfigManager: add turn off sequnce
01-05 17:54:16.731   474   474 D AudioALSADeviceConfigManager: valname = Audio_Preamp1_Switch  valvalue = OPEN  
01-05 17:54:16.731   474   474 D AudioALSADeviceConfigManager: valname = Audio_Preamp2_Switch  valvalue = OPEN  
01-05 17:54:16.731   474   474 D AudioALSADeviceConfigManager: valname = Audio_ADC_1_Switch  valvalue = Off  
01-05 17:54:16.731   474   474 D AudioALSADeviceConfigManager: valname = Audio_ADC_2_Switch  valvalue = Off  
01-05 17:54:16.732   474   474 D AudioALSADeviceConfigManager: ParseDeviceSequence() devicename = builtin_Mic_Mic1_Inverse action = turnon
01-05 17:54:16.732   474   474 D AudioALSADeviceConfigManager: CheckDeviceExist not exist devicename = builtin_Mic_Mic1_Inverse
01-05 17:54:16.732   474   474 D AudioALSADeviceConfigManager: add turn on sequnce
01-05 17:54:16.732   474   474 D AudioALSADeviceConfigManager: valname = Audio_MicSource1_Setting  valvalue = ADC1  
01-05 17:54:16.732   474   474 D AudioALSADeviceConfigManager: valname = Audio_ADC_1_Switch  valvalue = On  
01-05 17:54:16.732   474   474 D AudioALSADeviceConfigManager: valname = Audio_ADC_2_Switch  valvalue = On  
01-05 17:54:16.732   474   474 D AudioALSADeviceConfigManager: valname = Audio_Preamp1_Switch  valvalue = IN_ADC3  
01-05 17:54:16.732   474   474 D AudioALSADeviceConfigManager: valname = Audio_Preamp2_Switch  valvalue = IN_ADC3  
01-05 17:54:16.732   474   474 D AudioALSADeviceConfigManager: ParseDeviceSequence() devicename = builtin_Mic_Mic1_Inverse action = turnoff
01-05 17:54:16.732   474   474 D AudioALSADeviceConfigManager: CheckDeviceExist exist devicename = builtin_Mic_Mic1_Inverse
01-05 17:54:16.732   474   474 D AudioALSADeviceConfigManager: GetDeviceDescriptorbyname
