01-05 17:54:15.085   392   392 D NVRAM   : nvram_platform_header_offset: 0
01-05 17:54:15.085   392   392 D NVRAM   : g_i4CFG_File_Count: 49
01-05 17:54:15.085   392   392 D NVRAM   : NVM_Init Max Lid: 71
01-05 17:54:15.085   392   392 D NVRAM   : [NVRAM]: info nvram_gpt_flag =1
01-05 17:54:15.085   392   392 D NVRAM   : [NVRAM]: info NVRAM Init Completed!
01-05 17:54:15.085   392   392 D NVRAM   : Total nvram Lid number is 71
01-05 17:54:15.085   392   392 D NVRAM   : Check if upgrade status
01-05 17:54:15.087   478   478 I microkeymaster: ut_get_supported_digests
01-05 17:54:15.087   478   478 I microkeymaster: 
01-05 17:54:15.090   397   397 D MtkAgpsNative: SuplRawLog.bEnable:0
01-05 17:54:15.090   397   397 D MtkAgpsNative: SuplRawLog.szPath:/sdcard
01-05 17:54:15.090   397   397 D MtkAgpsNative: SuplRawLog.szFile:agps_raw.log
01-05 17:54:15.090   397   397 D MtkAgpsNative: SuplSslLog.bEnable:0
01-05 17:54:15.090   397   397 D MtkAgpsNative: SuplSslLog.szPath:/sdcard
01-05 17:54:15.090   397   397 D MtkAgpsNative: SuplSslLog.szFile:agps_ssl.log
01-05 17:54:15.090   397   397 D agps    : [agps][n][RPC] get_rpc_interface load from /system/lib/libviagpsrpc.so
01-05 17:54:15.091   397   397 D agps    : [agps][n][RPC] get_rpc_interface load from /vendor/lib/libviagpsrpc.so
01-05 17:54:15.101   478   478 I microkeymaster: ut_get_supported_digests
01-05 17:54:15.101   478   478 I microkeymaster: 
01-05 17:54:15.104   478   478 I microkeymaster: ut_get_supported_digests
01-05 17:54:15.105   478   478 I microkeymaster: 
01-05 17:54:15.110   244   255 I [mTEE]  : file can not be open /data/thh/tee_01/tee 
01-05 17:54:15.110   244   255 I [mTEE]  : need restore_images
01-05 17:54:15.110   244   255 D [mTEE]  : creat:/data/thh
01-05 17:54:15.110   244   255 D [mTEE]  : creat:/data/thh -1
01-05 17:54:15.110   244   255 W [mTEE]  : creat:/data/thh faild 
01-05 17:54:15.110   244   255 D [mTEE]  : creat:/data/thh/tee_01
01-05 17:54:15.110   244   255 D [mTEE]  : creat:/data/thh/tee_01 -1
01-05 17:54:15.110   244   255 W [mTEE]  : creat:/data/thh/tee_01 faild 
01-05 17:54:15.110   244   255 I [mTEE]  : file can not be open /vendor/thh/alipayapp 
01-05 17:54:15.113   244   255 I [mTEE]  : copy /vendor/thh/alipayapp
01-05 17:54:15.113   244   255 D [mTEE]  : do_copy: stat(args[1], &info) <0!
01-05 17:54:15.113   244   255 E [mTEE]  : /vendor/thh/alipayapp copy failed[-1] to /data/thh/tee_01/tee
01-05 17:54:15.113   244   255 I [mTEE]  : -----------------------------
01-05 17:54:15.113   244   255 I [mTEE]  : -----------------------------
01-05 17:54:15.113   244   255 I [mTEE]  : /data/thh/tee_05 is exists
01-05 17:54:15.113   244   255 I [mTEE]  : get md5 from image
01-05 17:54:15.121   292   292 I ADB_SERVICES: service_to_fd shell,v2:export ANDROID_LOG_TAGS="''"; exec logcat
01-05 17:54:15.121   493   493 I perfprofd: starting Android Wide Profiling daemon
01-05 17:54:15.129   292   292 I ADB_SERVICES: subprocess creation successful: local_socket_fd=26, pid=504
01-05 17:54:15.139   493   493 E perfprofd: unable to open configuration file /data/data/com.google.android.gms/files/perfprofd.conf
01-05 17:54:15.139   260   506 D NVRAM   : Check whether nvram restore ready!
01-05 17:54:15.139   493   493 I perfprofd: random seed set to 3717084030
01-05 17:54:15.169   392   392 D NVRAM   : Check FILE_VER in first boot
01-05 17:54:15.169   392   392 D NVRAM   : Begin excute customer callback!!!
01-05 17:54:15.169   392   392 D NVRAM   : nvram daemon callback will run!!!
01-05 17:54:15.169   392   392 D NVRAM   : Callback return 0
01-05 17:54:15.169   392   392 D NVRAM   : enter encrypted state
01-05 17:54:15.169   392   392 D NVRAM   : state: trigger_restart_framework
01-05 17:54:15.179   478   478 I SoftKeymaster: system/keymaster/soft_keymaster_device.cpp, Line 135: Creating device
01-05 17:54:15.179   478   478 D SoftKeymaster: system/keymaster/soft_keymaster_device.cpp, Line 136: Device address: 0x7111a3f400
01-05 17:54:15.193   397   397 D agps    : [agps][n][MAIN] [CDMA mgr]VIAMTKDBG cdma_mgr_dlopen_firmware success
01-05 17:54:15.218   442   442 D MNLD    : main: mnld version=0.02
01-05 17:54:15.219   397   509 I MtkAgpsNative: Enter mtk_agps_up_init
01-05 17:54:15.219   397   509 D MtkAgpsNative: mtk_agps_debug_init()
01-05 17:54:15.236   397   509 D MtkAgpsNative: rrlp_mod_init(): Init rrlp_ptr_g
01-05 17:54:15.237   397   509 I MtkAgpsNative: [????] kal_create_mutex: name(tls_global) 
01-05 17:54:15.237   397   509 D MtkAgpsNative: [????] -> idx(0) tbl_mtx_name()  name(tls_global) 
01-05 17:54:15.237   397   509 D MtkAgpsNative: [????]   -> empty slot found (0)
01-05 17:54:15.237   397   509 D MtkAgpsNative: [????]   -> kal_create_mutex: idx(0) name(tls_global) 
01-05 17:54:15.237   280   280 I DisplayDevice: [Built-in Screen (type:0)] fps:11.538622,dur:1039.99,max:134.06,min:28.88
01-05 17:54:15.241   397   509 D agps    : [agps][n][AGPS] xml file load from [/vendor/etc/agps_profiles_conf2.xml]
01-05 17:54:15.244   397   525 D agps    : [agps][n][task] rrlp  is running
01-05 17:54:15.261   397   527 D agps    : [agps][n][task] lpp  is running
01-05 17:54:15.261   397   526 D agps    : [agps][n][task] is801  is running
01-05 17:54:15.262   397   527 D agps    : [agps][n][task] lpp  before poll...
01-05 17:54:15.265   397   526 D agps    : [agps][n][task] is801  before poll...
01-05 17:54:15.265   397   525 D agps    : [agps][n][task] rrlp  before poll...
01-05 17:54:15.269   442   442 D gps_controlller: mnl_write_attr: write '0' to /sys/class/gpsdrv/gps/pwrctl okay
01-05 17:54:15.269   442   442 D gps_controlller: mnl_write_attr: write '0' to /sys/class/gpsdrv/gps/suspend okay
01-05 17:54:15.269   442   442 D gps_controlller: mnl_write_attr: write '0' to /sys/class/gpsdrv/gps/state okay
01-05 17:54:15.269   442   442 D gps_controlller: mnl_write_attr: write '1' to /sys/class/gpsdrv/gps/pwrsave okay
01-05 17:54:15.271   442   442 D mnl_linux: read_prop: read_prop: open /data/misc/gps/mnl.prop fail!
01-05 17:54:15.271   442   442 D mnl_linux: read_prop: read_prop: open /sbin/mnl.prop fail!
01-05 17:54:15.271   442   442 E mnl_linux: mnl_utl_load_property: Config is not set yet, ignore
01-05 17:54:15.271   442   442 D mnl_linux: mnl_utl_load_property: ========================================
01-05 17:54:15.271   442   442 D mnl_linux: mnl_utl_load_property: [setting] load default value
01-05 17:54:15.271   442   442 D mnl_linux: mnl_utl_load_property: dev_dsp/dev_gps :  
01-05 17:54:15.271   442   442 D mnl_linux: mnl_utl_load_property: init_speed/link_speed: 0 0
01-05 17:54:15.271   442   442 D mnl_linux: mnl_utl_load_property: pmtk_conn/socket_port/dev_dbg : 0 0 
01-05 17:54:15.271   442   442 D mnl_linux: mnl_utl_load_property: debug_nmea/debug_mnl: 0 0x0000
01-05 17:54:15.271   442   442 D mnl_linux: mnl_utl_load_property: nmea2file/dbg2file: 0/0
01-05 17:54:15.271   442   442 D mnl_linux: mnl_utl_load_property: time-out: 15000 10000 0 0 0 0
01-05 17:54:15.271   442   442 D mnl_linux: mnl_utl_load_property: EPO_Enabled: 0
01-05 17:54:15.271   442   442 D mnl_linux: mnl_utl_load_property: BEE_Enabled: 0
01-05 17:54:15.271   442   442 D mnl_linux: mnl_utl_load_property: SUPL_Enabled: 0
01-05 17:54:15.271   442   442 D mnl_linux: mnl_utl_load_property: SUPLSI_Enabled: 0
01-05 17:54:15.271   442   442 D mnl_linux: mnl_utl_load_property: EPO_priority: 0
01-05 17:54:15.271   442   442 D mnl_linux: mnl_utl_load_property: BEE_priority: 0
01-05 17:54:15.271   442   442 D mnl_linux: mnl_utl_load_property: SUPL_priority: 0
01-05 17:54:15.271   442   442 D mnl_linux: mnl_utl_load_property: AVAILIABLE_AGE: 0
01-05 17:54:15.271   442   442 D mnl_linux: mnl_utl_load_property: RTC_DRIFT: 0
01-05 17:54:15.271   442   442 D mnl_linux: mnl_utl_load_property: TIME_INTERVAL: 0
01-05 17:54:15.271   442   442 D mnl_linux: mnl_utl_load_property: ========================================
01-05 17:54:15.271   442   442 D gps_controlller: mnl_init: register callback for mnl okey
01-05 17:54:15.271   442   442 D gps_controlller: mnl_init: mtk_gps_sys_function_register=0xf6d2fc49
01-05 17:54:15.271   442   442 D gps_controlller: mnl_init: MNLD can support offload/non-offload, ver = OFL_VER_2015.01.15-01.
01-05 17:54:15.271   442   442 D mnld_uti: chip_detector: combo_chip_id is 0x0321
01-05 17:54:15.271   442   442 D pseudo  : mtk_gps_sys_init: Start to read nvram
01-05 17:54:15.272   442   442 D pseudo  : mtk_gps_sys_init: nvram_init_val not Ready,sleep 500ms
01-05 17:54:15.303   397   509 D agps    : [agps][n][Default] querty operator ro.operator.optr: 0
01-05 17:54:15.303   397   509 D agps    : [agps] WARNING: [Default]  =================== agps_xml_dump ===================
01-05 17:54:15.303   397   509 D agps    : [agps][n][Default] cur_supl_profile  name=[GOOGLE] addr=[supl.google.com] port=[7275] tls=[1] mcc=[] mcc_mnc=[] is_auto_config=[0] supl_version=[1.0.0] tls_version=[0] sha_version=[0] app_id=[] provider_id=[] default_apn=[] option_apn=[] optional_apn_2=[] addr_type=[]
01-05 17:54:15.303   397   509 D agps    : [agps][n][Default] cdma_profile  name=[CDMA1] mcp_enable=[1] mcp_addr=[10.199.22.165] mcp_port=[6066] pde_addr_valid=[0] pde_ip_type=[0] pde_addr=[11.11.11.11] pde_port=[1111] pde_url_valid=[0] pde_url_addr=[www.mediatek.com]
01-05 17:54:15.304   397   509 D agps    : [agps][n][Default] agps_setting  agps_enable=[1] agps_protocol=[0] gpevt=[0] e911_gps_icon_enable=[0] e911_open_gps=[0] tc10_ignore_fw_config=[0]
01-05 17:54:15.304   397   509 D agps    : [agps][n][Default] gnss_setting  sib8_16_enable=[1] gps_satellite_enable=[1] glonass_satellite_enable=[1] beidou_satellite_enable=[1] galileo_satellite_enable=[1] a_glonass_satellite_enable=[1]
01-05 17:54:15.304   397   509 D agps    : [agps][n][Default] cp_setting  molr_pos_method=[0] external_addr=[0][0123456789*#+] mlc_number=[0][0123456789*#+] cp_auto_reset=[0] epc_molr_lpp_payload_enable=[0] lpp_payload=[50] reject_non911_nilr_enable=[0] cp_2g_disable=[0] cp_3g_disable=[0] cp_4g_disable=[0]
01-05 17:54:15.304   397   509 D agps    : [agps][n][Utility] agps_dump_buf=lpp_payload  0xd2,0x00,0x00,0x10,0x23,0x7b,0x20,0x26,0x40,0x4f,0xb8,0x00,0x72,0x02,0xbf,0xff,0xff,0xff,0xf8,0x00,0x00,0x00,0x00,0x20,0xc0,0x00,0x01,0x00,0x94,0x0f,0xb9,0x00,
01-05 17:54:15.304   397   509 D agps    : [agps][n][Utility] agps_dump_buf=lpp_payload  0x12,0x02,0xb7,0xff,0xff,0xf8,0x00,0x00,0x00,0x00,0x00,0x61,0x80,0x00,0x02,0x01,0x8a,0x00,
01-05 17:54:15.304   397   509 D agps    : [agps][n][Default] up_setting  ca_enable=[0] ni_request=[1] roaming=[1] cdma_preferred=[0] pref_method=[1] supl_version=[2.0.0] tls_version=[1] sha_version=[0] supl_log=[0] msa=[1] msb=[1] ecid=[1] otdoa=[0] autonomous=[1] aflt=[0] hacc=[22] vacc=[0] loc_age=[0] delay=[0] udp_port_enable=[0] dedicated_apn_enable=[0] preferred_2g3g_cell_age=[300] lpp_enable=[1] cert_from_sdcard=[1] auto_profile_enable=[1] ut1=[11] ut2=[11] ut3=[10] sync_to_slp=[0] imsi_enable=[1] no_sensitive_log=[0] tls_reuse_enable=[0] imsi_cache_enable=[0] tc10_enable=[0] tc10_use_apn=[0] tc10_use_fw_dns=[0]
01-05 17:54:15.305   397   509 D agps    : [agps] WARNING: [AGPS] /nvcfg does not exist
01-05 17:54:15.305   397   509 D agps    : [agps][n][AGPS] [MNL] write  agps_reboot
01-05 17:54:15.305   397   509 E agps    : [agps] ERR: [MNL] sendto dest=[/data/agps_supl/agps_to_mnl] len=8 reason=[Connection refused]
01-05 17:54:15.305   397   509 E agps    : [agps] ERR: [MNL] external_snd_cmd safe_sendto failed
01-05 17:54:15.306   397   509 D agps    : [agps][n][AGPS] [MNL] write  agps_settings_sync  sib8_16=[1], gps=[1] glonass=[1] beidou=[1] galileo=[1] aglonass=[1]
01-05 17:54:15.306   397   509 E agps    : [agps] ERR: [MNL] sendto dest=[/data/agps_supl/agps_to_mnl] len=32 reason=[Connection refused]
01-05 17:54:15.306   397   509 E agps    : [agps] ERR: [MNL] external_snd_cmd safe_sendto failed
01-05 17:54:15.306   394   394 D PQProxy : [PQ_Proxy] PQAshmemProxy : set offset 0x00000014 = 0x00000000
01-05 17:54:15.307   394   394 D PQ      : [PQ_SERVICE] PQ_ADL_PROPERTY_STR[0]
01-05 17:54:15.308   397   509 D agps    : [agps] WARNING: [CP] get_ccci_uart  is not a tty
01-05 17:54:15.308   397   509 D agps    : [agps] WARNING: [CP] get_ccci_uart  [/dev/ttyC2] success
01-05 17:54:15.319   397   509 D agps    : [agps][n][CP] ccci_uart_1  open success
01-05 17:54:15.319   397   509 D agps    : [agps][n][CP] [MD_1] write  sim_info_req  gsm_disabled=[0] umts_disabled=[0] lte_disabled=[0]
01-05 17:54:15.320   397   509 E agps    : [agps] ERR: [Utility] safe_write reason=[No such device]19
01-05 17:54:15.320   397   509 E agps    : [agps] ERR: [CP] get_ccci_uart  open failed node=[/dev/ccci2_tty2] reason=[No such file or directory]
01-05 17:54:15.321   397   509 E agps    : [agps] ERR: [CP] ccci_uart_2  open failed
01-05 17:54:15.321   397   509 D agps    : [agps][n][C2K_MSG] c2k_msg_set_handler(0, 0xf68350f9)
01-05 17:54:15.322   397   509 D agps    : [agps][n][C2K_MSG] c2k_msg_set_handler(1, 0xf68351e1)
01-05 17:54:15.322   397   509 D agps    : [agps][n][C2K_MSG] c2k_msg_set_handler(2, 0xf68352a5)
01-05 17:54:15.322   397   509 D agps    : [agps][n][C2K_MSG] c2k_msg_set_handler(3, 0xf68353e9)
01-05 17:54:15.322   397   509 D agps    : [agps][n][C2K_MSG] c2k_msg_set_handler(4, 0xf683540d)
01-05 17:54:15.322   397   509 D agps    : [agps][n][C2K_MSG] c2k_msg_set_handler(6, 0xf6835461)
01-05 17:54:15.322   397   509 D agps    : [agps][n][C2K_MSG] c2k_msg_set_handler(7, 0xf68358e9)
01-05 17:54:15.324   244   255 I [mTEE]  : get md5 from cur file
01-05 17:54:15.327   244   255 I [mTEE]  : [MD5](/data/thh/tee_05/tee.cur.md5:89a4a266904bd5e5f6835175a2c4a335)
01-05 17:54:15.327   244   255 I [mTEE]  : md5 == table.cur.md5
01-05 17:54:15.327   244   255 I [mTEE]  : ==== Force check whether the origin image is updated , if need restore it ====
01-05 17:54:15.327   244   255 I [mTEE]  : OTA == Y
01-05 17:54:15.339   244   255 I [mTEE]  : [MD5](/data/thh/tee_05/tee.ori.md5:89a4a266904bd5e5f6835175a2c4a335)
01-05 17:54:15.339   244   255 I [mTEE]  : [MD5](/data/thh/tee_05/tee.ori.md5:89a4a266904bd5e5f6835175a2c4a335)
01-05 17:54:15.391   421   421 D FPO_MSG : fpoServiceRegister : (0, FpoAggressiveFpsStrategy)
01-05 17:54:15.394   421   421 I mediacodec: @@@ mediacodecservice starting
01-05 17:54:15.398   421   421 W /system/bin/mediacodec: libminijail: allowing syscall: clock_gettime
01-05 17:54:15.398   421   421 W /system/bin/mediacodec: libminijail: allowing syscall: connect
01-05 17:54:15.401   421   421 W /system/bin/mediacodec: libminijail: allowing syscall: fcntl64
01-05 17:54:15.401   421   421 W /system/bin/mediacodec: libminijail: allowing syscall: socket
01-05 17:54:15.401   421   421 W /system/bin/mediacodec: libminijail: allowing syscall: writev
01-05 17:54:15.406   421   421 W /system/bin/mediacodec: libminijail: logging seccomp filter failures
01-05 17:54:15.426   392   392 D NVRAM   : Set Ready property success
01-05 17:54:15.428   392   556 D NVRAM   : NVM_GetFileDesc: Open /data/nvram/APCFG/APRDCL/HWMON_PS,LID:18
01-05 17:54:15.429   392   555 E HWMLIB  : gyroscope_open: Couldn't find or open file sensor (Not a typewriter)
01-05 17:54:15.430   392   555 D NVRAM   : null gyroscope file handle pointer: -1!
01-05 17:54:15.430   392   555 D NVRAM   : stop due to err
01-05 17:54:15.430   548   548 D MsensorDaemon: Msensor deamon statr!!!!!!!!!!!!
01-05 17:54:15.430   548   548 D MsensorDaemon: Msensor deamon statr : /sys/bus/platform/drivers/msensor/daemon don't exist
01-05 17:54:15.434   392   551 D NVRAM   : NVRAM AP_CFG_RDCL_FILE_AUXADC_LID:2 
01-05 17:54:15.434   392   551 D NVRAM   : NVM_GetFileDesc: Open /data/nvram/APCFG/APRDCL/AUXADC,LID:2
01-05 17:54:15.438   392   557 D NVRAM   : [NVRAM Daemon]product info lid 59 ++
01-05 17:54:15.438   392   554 E HWMLIB  : gsensor_open: Couldn't find or open file sensor (No such file or directory)
01-05 17:54:15.441   392   557 D NVRAM   : 59 is in new nvram partition!!!
01-05 17:54:15.441   392   557 D NVRAM   : New NVRAM partition name is /dev/block/platform/mtk-msdc.0/11230000.msdc0/by-name/proinfo.
01-05 17:54:15.441   392   557 D NVRAM   : [NVRAM Daemon] product info FID 8 rec_size 1024 rec_num 1
01-05 17:54:15.441   392   557 D NVRAM   : 59 is in new nvram partition!!!
01-05 17:54:15.442   392   554 D NVRAM   : null gsensor file handle pointer: 0xffffffff!
01-05 17:54:15.442   392   554 D NVRAM   : stop due to err
01-05 17:54:15.449   392   556 D NVRAM   : NVM_CmpFileVerNo 18  
01-05 17:54:15.449   392   551 D NVRAM   : NVM_CmpFileVerNo 2  
01-05 17:54:15.452   392   552 D NVRAM   : NVM_GetFileDesc: Open /data/nvram/APCFG/APRDEB/BT_Addr,LID:1
01-05 17:54:15.452   392   552 D NVRAM   : NVM_CmpFileVerNo 1  
01-05 17:54:15.452   392   553 D NVRAM   : [NVRAM Daemon]wifi lid 53 ++
01-05 17:54:15.452   392   553 D NVRAM   : NVM_GetFileDesc: Open /data/nvram/APCFG/APRDEB/WIFI,LID:53
01-05 17:54:15.452   392   553 D NVRAM   : NVM_CmpFileVerNo 53  
01-05 17:54:15.456   547   547 I md_ctrl : ro.crypto.state=encrypted, vold.decrypt=trigger_restart_framework, vold.encryption.type=, start/stop=1
01-05 17:54:15.479   392   556 D NVRAM   : Load File Version: 000, NvRam File Version: 000
01-05 17:54:15.479   392   551 D NVRAM   : Load File Version: 000, NvRam File Version: 000
01-05 17:54:15.479   392   551 D NVRAM   : NVM_CheckFileSize : 2 ++
01-05 17:54:15.479   392   551 D NVRAM   : iCustomBeginLID = 49
01-05 17:54:15.479   392   551 D NVRAM   : NVM_CheckFileSize:stat_size:78,size in table:76
01-05 17:54:15.480   392   552 D NVRAM   : Load File Version: 001, NvRam File Version: 001
01-05 17:54:15.480   392   552 D NVRAM   : NVM_CheckFileSize : 1 ++
01-05 17:54:15.480   392   552 D NVRAM   : iCustomBeginLID = 49
01-05 17:54:15.480   392   552 D NVRAM   : NVM_CheckFileSize:stat_size:66,size in table:64
01-05 17:54:15.480   392   553 D NVRAM   : Load File Version: 000, NvRam File Version: 000
01-05 17:54:15.480   392   553 D NVRAM   : NVM_CheckFileSize : 53 ++
01-05 17:54:15.480   392   553 D NVRAM   : iCustomBeginLID = 49
01-05 17:54:15.480   392   553 D NVRAM   : NVM_CheckFileSize:stat_size:514,size in table:512
01-05 17:54:15.480   392   556 D NVRAM   : NVM_CheckFileSize : 18 ++
01-05 17:54:15.480   392   556 D NVRAM   : iCustomBeginLID = 49
01-05 17:54:15.480   392   556 D NVRAM   : NVM_CheckFileSize:stat_size:14,size in table:12
01-05 17:54:15.481   392   553 D NVRAM   : NVM_CheckFile: File is correct!
01-05 17:54:15.481   392   553 D NVRAM   : NVM_ProtectUserData:Check Success
01-05 17:54:15.481   392   553 D NVRAM   : NVM_GetFileDesc ProtectDataFile Check Success!!
01-05 17:54:15.502   469   501 E C2KMDLOGGER: read poll excp_msg_dev: got POLLERR
01-05 17:54:15.509   475   475 D FPO_MSG : fpoServiceRegister : (0, FpoAggressiveFpsStrategy)
01-05 17:54:15.512   392   552 D NVRAM   : NVM_CheckFile: File is correct!
01-05 17:54:15.512   392   552 D NVRAM   : NVM_ProtectUserData:Check Success
01-05 17:54:15.512   392   552 D NVRAM   : NVM_GetFileDesc ProtectDataFile Check Success!!
01-05 17:54:15.512   392   552 D NVRAM   : FD 7 rec_size 64 rec_num 1
01-05 17:54:15.512   392   552 D NVRAM   : Read NVRAM: [BDAddr 90-09-17-07-c4-6e][Voice 60 00][Codec 23 10 00 00]               [Radio 07 80 00 06 07 07][Sleep 03 40 1f 40 1f 00 04][BtFTR 80 00]               [TxPWOffset ff ff ff][CoexAdjust 00 00 00 00 00 00]
01-05 17:54:15.514   392   551 D NVRAM   : NVM_CheckFile: File is correct!
01-05 17:54:15.514   392   551 D NVRAM   : NVM_ProtectUserData:Check Success
01-05 17:54:15.514   392   551 D NVRAM   : NVM_GetFileDesc ProtectDataFile Check Success!!
01-05 17:54:15.515   475   475 I cameraserver: ServiceManager: 0xe9d99ca0
01-05 17:54:15.515   475   475 I CameraService: CameraService started (pid=475)
01-05 17:54:15.515   475   475 I CameraService: CameraService process starting
01-05 17:54:15.515   475   475 W BatteryNotifier: batterystats service unavailable!
01-05 17:54:15.515   475   475 W BatteryNotifier: batterystats service unavailable!
01-05 17:54:15.529   392   556 D NVRAM   : NVM_CheckFile: File is correct!
01-05 17:54:15.529   392   556 D NVRAM   : NVM_ProtectUserData:Check Success
01-05 17:54:15.529   392   556 D NVRAM   : NVM_GetFileDesc ProtectDataFile Check Success!!
01-05 17:54:15.529   392   556 D HWMLIB  : nvram read: 0, 0, 0 
01-05 17:54:15.531   392   556 D NVRAM   : NVM_CloseFileDesc: Open by Readonly, no need to check when close
01-05 17:54:15.533   392   556 E HWMLIB  : alsps_set_cali: set_cali err: -1
01-05 17:54:15.533   392   556 D NVRAM   : set calibration fail: 25(Not a typewriter)
01-05 17:54:15.557   394   394 D PQProxy : [PQ_Proxy] PQAshmemProxy : set offset 0x00000018 = 0x00000001
01-05 17:54:15.557   394   394 D PQ      : [PQ_SERVICE] PQ_ISO_SHP_EN_STR[1]
01-05 17:54:15.612   244   255 I [mTEE]  : [MD5](/data/thh/tee_05/tee.ori.md5:89a4a266904bd5e5f6835175a2c4a335)
01-05 17:54:15.612   244   255 I [mTEE]  : *.ori.md5 == *.ori.md5
01-05 17:54:15.612   244   255 I [mTEE]  : -----------------------------
01-05 17:54:15.612   244   255 I [mTEE]  : -----------------------------
01-05 17:54:15.613   244   255 I [mTEE]  : /data/thh/tee_00 is exists
01-05 17:54:15.613   244   255 I [mTEE]  : get md5 from image
01-05 17:54:15.619   244   255 I [mTEE]  : file can not be open /data/thh/tee_00/tee 
01-05 17:54:15.619   244   255 I [mTEE]  : need restore_images
01-05 17:54:15.619   244   255 D [mTEE]  : creat:/data/thh
01-05 17:54:15.620   244   255 D [mTEE]  : creat:/data/thh -1
01-05 17:54:15.620   244   255 W [mTEE]  : creat:/data/thh faild 
01-05 17:54:15.620   244   255 D [mTEE]  : creat:/data/thh/tee_00
01-05 17:54:15.620   244   255 D [mTEE]  : creat:/data/thh/tee_00 -1
01-05 17:54:15.620   244   255 W [mTEE]  : creat:/data/thh/tee_00 faild 
01-05 17:54:15.620   244   255 I [mTEE]  : file can not be open /vendor/thh/uTAgent 
01-05 17:54:15.620   244   255 E [mTEE]  : can't create md5 file :/data/thh/thh_00/tee.ori.md5
01-05 17:54:15.629   244   255 I [mTEE]  : copy /vendor/thh/uTAgent
01-05 17:54:15.629   244   255 D [mTEE]  : do_copy: stat(args[1], &info) <0!
01-05 17:54:15.629   244   255 E [mTEE]  : /vendor/thh/uTAgent copy failed[-1] to /data/thh/tee_00/tee
01-05 17:54:15.629   244   255 I [mTEE]  : -----------------------------
01-05 17:54:15.629   244   255 D [mTEE]  : creat:/data/thh/tee_02
01-05 17:54:15.629   244   255 D [mTEE]  : creat:/data/thh/tee_02 -1
01-05 17:54:15.629   244   255 W [mTEE]  : creat:/data/thh/tee_02 faild 
01-05 17:54:15.629   244   255 D [mTEE]  : creat:/data/thh/tee_03
01-05 17:54:15.629   244   255 D [mTEE]  : creat:/data/thh/tee_03 -1
01-05 17:54:15.629   244   255 W [mTEE]  : creat:/data/thh/tee_03 faild 
01-05 17:54:15.629   244   255 D [mTEE]  : creat:/data/thh/tee_04
01-05 17:54:15.629   244   255 D [mTEE]  : creat:/data/thh/tee_04 -1
01-05 17:54:15.629   244   255 W [mTEE]  : creat:/data/thh/tee_04 faild 
01-05 17:54:15.629   244   255 D [mTEE]  : creat:/data/thh/tee_06
01-05 17:54:15.629   244   255 D [mTEE]  : creat:/data/thh/tee_06 -1
01-05 17:54:15.629   244   255 W [mTEE]  : creat:/data/thh/tee_06 faild 
01-05 17:54:15.629   244   255 I [mTEE]  : create tee storage OK ...
01-05 17:54:15.629   244   255 I [mTEE]  : link ota cert update ...
01-05 17:54:15.629   244   255 I [mTEE]  : ==== Force check whether the origin image is updated , if need restore it ====
01-05 17:54:15.629   244   255 I [mTEE]  : link cert file to update ...
01-05 17:54:15.629   244   255 D [mTEE]  : creat:/data/local/thh_update
01-05 17:54:15.629   244   255 D [mTEE]  : creat:/data/local/thh_update -1
01-05 17:54:15.630   244   255 D [mTEE]  : creat:/data/local/thh_update/tee1
01-05 17:54:15.630   244   255 D [mTEE]  : creat:/data/local/thh_update/tee1 -1
01-05 17:54:15.630   244   255 D [mTEE]  : creat:/data/local/thh_update/tee2
01-05 17:54:15.630   244   255 D [mTEE]  : creat:/data/local/thh_update/tee2 -1
01-05 17:54:15.630   244   255 D [mTEE]  : creat:/data/local/thh_update/tee3
01-05 17:54:15.630   244   255 D [mTEE]  : creat:/data/local/thh_update/tee3 -1
01-05 17:54:15.630   244   255 D [mTEE]  : creat:/data/local/thh_update/tee4
01-05 17:54:15.630   244   255 D [mTEE]  : creat:/data/local/thh_update/tee4 -1
01-05 17:54:15.630   244   255 D [mTEE]  : do_copy: stat(args[1], &info) <0!
01-05 17:54:15.630   244   255 D [mTEE]  : do_copy: stat(args[1], &info) <0!
01-05 17:54:15.630   244   255 D [mTEE]  : do_copy: stat(args[1], &info) <0!
01-05 17:54:15.630   244   255 D [mTEE]  : do_copy: stat(args[1], &info) <0!
01-05 17:54:15.630   244   255 D [mTEE]  : do_copy: stat(args[1], &info) <0!
01-05 17:54:15.630   244   255 D [mTEE]  : do_copy: stat(args[1], &info) <0!
01-05 17:54:15.630   244   255 D [mTEE]  : do_copy: stat(args[1], &info) <0!
01-05 17:54:15.630   244   255 D [mTEE]  : do_copy: stat(args[1], &info) <0!
01-05 17:54:15.630   244   255 D [mTEE]  : do_copy: stat(args[1], &info) <0!
01-05 17:54:15.630   244   255 I [mTEE]  : link cert file to done.
01-05 17:54:15.630   244   255 I [mTEE]  : begin to load tees
01-05 17:54:15.639   260   506 D NVRAM   : nvram restore ready!
01-05 17:54:15.640   392   551 D NVRAM   : NVM_CheckFileSize : 2 ++
01-05 17:54:15.640   392   551 D NVRAM   : iCustomBeginLID = 49
01-05 17:54:15.640   392   551 D NVRAM   : NVM_CheckFileSize:stat_size:78,size in table:76
01-05 17:54:15.640   392   551 D NVRAM   : NVM_ProtectUserData:Set Check Num
01-05 17:54:15.640   392   551 D NVRAM   : NVM_SetCheckNo: CheckNo:2b
01-05 17:54:15.640   392   551 D NVRAM   : NVM_SetCheckNo: CheckFlag:0
01-05 17:54:15.640   392   552 D NVRAM   : NVM_CheckFileSize : 1 ++
01-05 17:54:15.640   392   552 D NVRAM   : iCustomBeginLID = 49
01-05 17:54:15.640   260   506 D NVRAM   : length of g_NVRAM_BACKUP_DEVICE=59
01-05 17:54:15.640   392   552 D NVRAM   : NVM_CheckFileSize:stat_size:66,size in table:64
01-05 17:54:15.640   392   552 D NVRAM   : NVM_ProtectUserData:Set Check Num
01-05 17:54:15.640   260   506 D NVRAM   : nvram_layout_callback will run!!!
01-05 17:54:15.640   260   506 D NVRAM   : nvram_platform_log_block: 2
01-05 17:54:15.640   260   506 D NVRAM   : nvram_platform_resv_block: 2
01-05 17:54:15.640   260   506 D NVRAM   : nvram_platform_DM_block: 1
01-05 17:54:15.640   260   506 D NVRAM   : nvram_platform_layout_version: 0
01-05 17:54:15.640   260   506 D NVRAM   : nvram_platform_header_offset: 0
01-05 17:54:15.640   392   552 D NVRAM   : NVM_SetCheckNo: CheckNo:dd
01-05 17:54:15.640   260   506 D NVRAM   : g_i4CFG_File_Count: 49
01-05 17:54:15.640   392   552 D NVRAM   : NVM_SetCheckNo: CheckFlag:0
01-05 17:54:15.640   260   506 D NVRAM   : NVM_Init Max Lid: 71
01-05 17:54:15.640   260   506 D NVRAM   : [NVRAM]: info nvram_gpt_flag =1
01-05 17:54:15.640   260   506 D NVRAM   : [NVRAM]: info NVRAM Init Completed!
01-05 17:54:15.641   260   506 D NVRAM   : NVM_GetFileDesc: Open /data/nvram/APCFG/APRDEB/OMADM_USB,LID:14
01-05 17:54:15.641   260   506 D NVRAM   : NVM_CmpFileVerNo 14  
01-05 17:54:15.641   260   506 D NVRAM   : Load File Version: 000, NvRam File Version: 000
01-05 17:54:15.641   260   506 D NVRAM   : NVM_CheckFileSize : 14 ++
01-05 17:54:15.641   260   506 D NVRAM   : iCustomBeginLID = 49
01-05 17:54:15.641   260   506 D NVRAM   : NVM_CheckFileSize:stat_size:18,size in table:16
01-05 17:54:15.643   547   547 D md_ctrl : Just use muxreport to start modem
01-05 17:54:15.644   392   553 D NVRAM   : [wifi] wifi FD 8 rec_size 512 rec_num 1, ucSupport5GBand 1 ucEnable5GBand 1, b_5Gsupport=1
01-05 17:54:15.644   392   553 D NVRAM   : NVM_CloseFileDesc: Open by Readonly, no need to check when close
01-05 17:54:15.644   392   553 D NVRAM   : [NVRAM Daemon]wifi custom lid 54 ++
01-05 17:54:15.645   392   553 D NVRAM   : NVM_GetFileDesc: Open /data/nvram/APCFG/APRDEB/WIFI_CUSTOM,LID:54
01-05 17:54:15.645   392   553 D NVRAM   : NVM_CmpFileVerNo 54  
01-05 17:54:15.645   392   553 D NVRAM   : Load File Version: 000, NvRam File Version: 000
01-05 17:54:15.645   392   553 D NVRAM   : NVM_CheckFileSize : 54 ++
01-05 17:54:15.645   392   553 D NVRAM   : iCustomBeginLID = 49
01-05 17:54:15.645   392   553 D NVRAM   : NVM_CheckFileSize:stat_size:6,size in table:4
01-05 17:54:15.646   392   551 D NVRAM   : NVM_SetCheckNo: CheckNo generate successfully!
01-05 17:54:15.646   392   551 D NVRAM   : NVM_ProtectUserData:Set Check Num Success
01-05 17:54:15.646   392   551 D NVRAM   : NVM_CloseFileDesc ProtectDataFile Success!!
01-05 17:54:15.647   392   552 D NVRAM   : NVM_SetCheckNo: CheckNo generate successfully!
01-05 17:54:15.647   392   552 D NVRAM   : NVM_ProtectUserData:Set Check Num Success
01-05 17:54:15.647   392   552 D NVRAM   : NVM_CloseFileDesc ProtectDataFile Success!!
01-05 17:54:15.659   260   506 D NVRAM   : NVM_CheckFile: File is correct!
01-05 17:54:15.659   260   506 D NVRAM   : NVM_ProtectUserData:Check Success
01-05 17:54:15.659   260   506 D NVRAM   : NVM_GetFileDesc ProtectDataFile Check Success!!
01-05 17:54:15.660   260   506 D NVRAM   : NVM_CloseFileDesc: Open by Readonly, no need to check when close
01-05 17:54:15.660   260   506 D NVRAM   : read st  nvram_fd=15   Ret=16  usb=1  adb=1  rndis=0  rec_size=16  rec_num=1
01-05 17:54:15.660   260   506 D NVRAM   : OMADM NVRAM read  Ret=0, IsEnable=1, Usb=1, Adb=1, Rndis=0
01-05 17:54:15.669   392   553 D NVRAM   : NVM_CheckFile: File is correct!
01-05 17:54:15.669   392   553 D NVRAM   : NVM_ProtectUserData:Check Success
01-05 17:54:15.669   392   553 D NVRAM   : NVM_GetFileDesc ProtectDataFile Check Success!!
01-05 17:54:15.669   392   553 D NVRAM   : [wifi] wifi custom FD 5 rec_size 4 rec_num 1
01-05 17:54:15.670   392   553 D NVRAM   : NVM_CloseFileDesc: Open by Readonly, no need to check when close
01-05 17:54:15.671   392   392 D NVRAM   : NVRAM daemon sleep !
01-05 17:54:15.689   394   394 D PQProxy : [PQ_Proxy] PQAshmemProxy : set offset 0x0000001c = 0x00000001
01-05 17:54:15.690   394   394 D PQ      : [PQ_SERVICE] PQ_ULTRARES_EN_STR[1]
01-05 17:54:15.689   276   276 E ccci_mdinit(1): Gotten ret=0,nvram_init=Ready!
01-05 17:54:15.691   274   274 I STATUSD : 2518:main(): MD3 status property not exist
01-05 17:54:15.691   274   274 I STATUSD : 2536:main(): statusd version: 0.3.2
01-05 17:54:15.691   274   274 E STATUSD : 2237:statusd_analysis_para(): arg_idx=1
01-05 17:54:15.691   274   274 E STATUSD : 2239:statusd_analysis_para(): argv_st[0]=/vendor/bin/statusd arg_idx=1
01-05 17:54:15.691   274   274 S STATUSD : 2087:usage(): Called [print arg]with following options:
01-05 17:54:15.691   274   274 S STATUSD : 2088:usage(): 	-v: verbose logging level(0(Silent)-7(Debug)):	[5]
01-05 17:54:15.691   274   274 S STATUSD : 2089:usage(): 	-l: Log to file /data/status.log: 		[no]
01-05 17:54:15.692   274   274 S STATUSD : 2090:usage(): 	-f: Start Flashless 		[yes]
01-05 17:54:15.692   274   274 S STATUSD : 2093:usage(): 		: Flashless arg[0][/vendor/bin/flashlessd]
01-05 17:54:15.692   274   274 S STATUSD : 2093:usage(): 		: Flashless arg[1][-m]
01-05 17:54:15.692   274   274 S STATUSD : 2093:usage(): 		: Flashless arg[2][1]
01-05 17:54:15.692   274   274 S STATUSD : 2093:usage(): 		: Flashless arg[3][(null)]
01-05 17:54:15.692   274   274 S STATUSD : 2095:usage(): 	-m: Start viagsm0710muxd 	[no]
01-05 17:54:15.692   276   276 D ccci_mdinit(1): /dev/ccci_monitor is opened(0).
01-05 17:54:15.692   274   274 S STATUSD : 2100:usage(): 	-r: Start viaril 			[yes]
01-05 17:54:15.692   274   274 S STATUSD : 2103:usage(): 		: viaril arg[0][/vendor/bin/viarild]
01-05 17:54:15.692   274   274 S STATUSD : 2103:usage(): 		: viaril arg[1][-l]
01-05 17:54:15.692   274   274 S STATUSD : 2103:usage(): 		: viaril arg[2][/vendor/lib/libviatelecom-withuim-ril.so]
01-05 17:54:15.692   274   274 S STATUSD : 2103:usage(): 		: viaril arg[3][--]
01-05 17:54:15.692   274   274 S STATUSD : 2103:usage(): 		: viaril arg[4][-d]
01-05 17:54:15.692   274   274 S STATUSD : 2103:usage(): 		: viaril arg[5][/dev/ttySDIO4]
01-05 17:54:15.692   274   274 S STATUSD : 2103:usage(): 		: viaril arg[6][(null)]
01-05 17:54:15.692   274   274 S STATUSD : 2105:usage(): 	-c: Start ctclient 			[no]
01-05 17:54:15.692   274   274 S STATUSD : 2111:usage(): 	-h: Show this help message and show current settings.
01-05 17:54:15.692   276   276 D ccci_mdinit(1): Found modem_1_lwg_n.img
01-05 17:54:15.692   276   276 D ccci_mdinit(1): Found modem_1_ltg_n.img
01-05 17:54:15.692   276   276 D ccci_mdinit(1): md_img_exist 5 6 0 0
01-05 17:54:15.693   276   276 D ccci_mdinit(1): Current muxd: gsm0710muxd, rild:ril-daemon-mtk
01-05 17:54:15.693   276   276 D ccci_mdinit(0): time_srv_init++
01-05 17:54:15.694   276   276 D ccci_mdinit(0): load_timezone++
01-05 17:54:15.710   276   276 D ccci_mdinit(0): md env r
01-05 17:54:15.710   276   276 D ccci_mdinit(0): get_rat_cfg: 0x3f(@prj), 0x0(@lk), 0x0(@store)
01-05 17:54:15.711   276   276 D ccci_mdinit(1): trigger modem to run! 0
01-05 17:54:15.711   276   276 D ccci_mdinit(1): set md status:mtk.md1.status=reset 
01-05 17:54:15.717   276   563 D ccci_mdinit(0): monitor_time_update_thread++
01-05 17:54:15.717   276   563 D ccci_mdinit(0): load_timezone++
01-05 17:54:15.717   276   563 D ccci_mdinit(0): Umonitor_time_update_thread begin to run
01-05 17:54:15.717   276   563 D ccci_mdinit(0): save_timezone++
01-05 17:54:15.721   276   563 E ccci_mdinit(0): Update time to md by ipc port fail(1)
01-05 17:54:15.732   394   394 D PQProxy : [PQ_Proxy] PQAshmemProxy : set offset 0x00000020 = 0x00000001
01-05 17:54:15.732   394   394 D PQ      : [PQ_SERVICE] PQ_MDP_COLOR_DBG_EN_STR[1]
01-05 17:54:15.740   394   394 D PQProxy : [PQ_Proxy] PQAshmemProxy : set offset 0x00000024 = 0x00000000
01-05 17:54:15.740   394   394 D PQ      : [PQ_SERVICE] PQ_LOG_ENABLE[0]
01-05 17:54:15.740   394   394 D PQ      : [PQ_SERVICE] initAshmem sccuess
01-05 17:54:15.740   394   394 D PQ      : [PQ_SERVICE] PQService constructor end
01-05 17:54:15.740   394   394 D PQ      : [PQ_SERVICE] PQService : onFirstRef
01-05 17:54:15.741   274   274 W STATUSD : 1473:statusd_init_com(): unlink failed ret=-1 [Permission denied]
01-05 17:54:15.742   274   274 S STATUSD : 2572:main(): power on modem
01-05 17:54:15.750   276   276 D ccci_mdinit(1): ro.crypto.state=encrypted
01-05 17:54:15.750   276   276 D ccci_mdinit(1): vold.decrypt:trigger_restart_framework
01-05 17:54:15.750   276   276 D ccci_mdinit(1): waiting nvram ready! 0
01-05 17:54:15.750   276   276 E ccci_mdinit(1): Gotten ret=0,nvram_init=Ready!
01-05 17:54:15.750   561   561 I AEE_AED : Built Apr 21 2017 13:31:20
01-05 17:54:15.751   561   561 I AEE_AED : debuggerd chip_security_check pass! 
01-05 17:54:15.751   561   561 D AEE_AED : [main]: kernel version: 3.18
01-05 17:54:15.751   561   561 D AEE_AED : [main][normal] platform MT6737T
01-05 17:54:15.752   547   547 I muxreport: Invoke mux app mechanism with case=4
01-05 17:54:15.753   276   276 I ccci_mdinit(1): USP_SBP:persist.mtk_usp_md_sbp_code not exist
01-05 17:54:15.753   474   474 D FPO_MSG : fpoServiceRegister : (0, FpoAggressiveFpsStrategy)
01-05 17:54:15.753   276   276 D ccci_mdinit(1): get_cip_sbp_setting, file /custom/etc/firmware/CIP_MD_SBP NOT exists!
01-05 17:54:15.753   276   276 D NVRAM   : NVM_GetLIDByName /data/nvram/APCFG/APRDCL/MD_SBP 
01-05 17:54:15.753   547   547 I muxreport: Start modem
01-05 17:54:15.754   276   276 D NVRAM   : length of g_NVRAM_BACKUP_DEVICE=59
01-05 17:54:15.754   276   276 D NVRAM   : nvram_layout_callback will run!!!
01-05 17:54:15.754   276   276 D NVRAM   : nvram_platform_log_block: 2
01-05 17:54:15.754   276   276 D NVRAM   : nvram_platform_resv_block: 2
01-05 17:54:15.754   276   276 D NVRAM   : nvram_platform_DM_block: 1
01-05 17:54:15.754   276   276 D NVRAM   : nvram_platform_layout_version: 0
01-05 17:54:15.754   276   276 D NVRAM   : nvram_platform_header_offset: 0
01-05 17:54:15.754   276   276 D NVRAM   : g_i4CFG_File_Count: 49
01-05 17:54:15.754   276   276 D NVRAM   : NVM_Init Max Lid: 71
01-05 17:54:15.754   276   276 D NVRAM   : [NVRAM]: info nvram_gpt_flag =1
01-05 17:54:15.754   276   276 D NVRAM   : [NVRAM]: info NVRAM Init Completed!
01-05 17:54:15.754   276   276 D NVRAM   : gFileNameArray =f0227000
01-05 17:54:15.754   276   276 D NVRAM   : deal with cfgfile =/data/nvram/APCFG/APRDCL/FILE_VER,0
01-05 17:54:15.754   276   276 D NVRAM   : deal with cfgfile =/data/nvram/APCFG/APRDEB/BT_Addr,1
01-05 17:54:15.754   276   276 D NVRAM   : deal with cfgfile =/data/nvram/APCFG/APRDCL/AUXADC,2
01-05 17:54:15.754   276   276 D NVRAM   : deal with cfgfile =/data/nvram/media/CAMERA_Para,3
01-05 17:54:15.754   276   276 D NVRAM   : deal with cfgfile =/data/nvram/media/CAMERA_3A,4
01-05 17:54:15.754   276   276 D NVRAM   : deal with cfgfile =/data/nvram/media/CAMERA_SHADING,5
01-05 17:54:15.754   276   276 D NVRAM   : deal with cfgfile =/data/nvram/media/CAMERA_DEFECT,6
01-05 17:54:15.754   276   276 D NVRAM   : deal with cfgfile =/data/nvram/media/CAMERA_SENSOR,7
01-05 17:54:15.754   276   276 D NVRAM   : deal with cfgfile =/data/nvram/media/CAMERA_LENS,8
01-05 17:54:15.754   276   276 D NVRAM   : deal with cfgfile =/data/nvram/APCFG/APRDCL/UART,9
01-05 17:54:15.754   276   276 D NVRAM   : deal with cfgfile =/data/nvram/APCFG/APRDCL/FACTORY,10
01-05 17:54:15.754   276   276 D NVRAM   : deal with cfgfile =/data/nvram/APCFG/APRDCL/BWCS,11
01-05 17:54:15.754   276   276 D NVRAM   : deal with cfgfile =/data/nvram/APCFG/APRDCL/HWMON_ACC,12
01-05 17:54:15.754   276   276 D NVRAM   : deal with cfgfile =/data/nvram/APCFG/APRDCL/HWMON_GYRO,13
01-05 17:54:15.754   276   276 D NVRAM   : deal with cfgfile =/data/nvram/APCFG/APRDEB/OMADM_USB,14
01-05 17:54:15.754   276   276 D NVRAM   : deal with cfgfile =/data/nvram/media/Voice_Recognize_Param,15
01-05 17:54:15.754   276   276 D NVRAM   : deal with cfgfile =/data/nvram/media/Audio_AudEnh_Control_Opt,16
01-05 17:54:15.754   276   276 D NVRAM   : deal with cfgfile =/data/nvram/media/Audio_VOIP_Param,17
01-05 17:54:15.754   276   276 D NVRAM   : deal with cfgfile =/data/nvram/APCFG/APRDCL/HWMON_PS,18
01-05 17:54:15.754   276   276 D NVRAM   : deal with cfgfile =/data/nvram/APCFG/APRDCL/MD_Type,19
01-05 17:54:15.755   276   276 D NVRAM   : deal with cfgfile =/data/nvram/APCFG/APRDCL/EXT_MD_Type,20
01-05 17:54:15.755   276   276 D NVRAM   : deal with cfgfile =/data/nvram/APCFG/APRDCL/SDIO,21
01-05 17:54:15.755   276   276 D NVRAM   : deal with cfgfile =/data/nvram/media/CAMERA_VERSION,22
01-05 17:54:15.755   276   276 D NVRAM   : deal with cfgfile =/data/nvram/media/CAMERA_FEATURE,23
01-05 17:54:15.755   276   276 D NVRAM   : deal with cfgfile =/data/nvram/media/CAMERA_GEOMETRY,24
01-05 17:54:15.755   276   276 D NVRAM   : deal with cfgfile =/data/nvram/APCFG/APRDCL/MD_SBP,25
01-05 17:54:15.755   276   276 D NVRAM   : deal with cfgfile =/data/nvram/media/CAMERA_SHADING2,26
01-05 17:54:15.755   276   276 D NVRAM   : deal with cfgfile =/data/nvram/media/CAMERA_SHADING3,27
01-05 17:54:15.755   276   276 D NVRAM   : deal with cfgfile =/data/nvram/media/CAMERA_SHADING4,28
01-05 17:54:15.755   276   276 D NVRAM   : deal with cfgfile =/data/nvram/media/CAMERA_SHADING5,29
01-05 17:54:15.755   276   276 D NVRAM   : deal with cfgfile =/data/nvram/media/CAMERA_SHADING6,30
01-05 17:54:15.755   276   276 D NVRAM   : deal with cfgfile =/data/nvram/media/CAMERA_SHADING7,31
01-05 17:54:15.755   276   276 D NVRAM   : deal with cfgfile =/data/nvram/media/CAMERA_SHADING8,32
01-05 17:54:15.755   276   276 D NVRAM   : deal with cfgfile =/data/nvram/media/CAMERA_SHADING9,33
01-05 17:54:15.755   276   276 D NVRAM   : deal with cfgfile =/data/nvram/media/CAMERA_SHADING10,34
01-05 17:54:15.755   276   276 D NVRAM   : deal with cfgfile =/data/nvram/media/CAMERA_SHADING11,35
01-05 17:54:15.755   276   276 D NVRAM   : deal with cfgfile =/data/nvram/media/CAMERA_SHADING12,36
01-05 17:54:15.755   276   276 D NVRAM   : deal with cfgfile =/data/nvram/media/CAMERA_PLINE,37
01-05 17:54:15.755   276   276 D NVRAM   : deal with cfgfile =/data/nvram/media/CAMERA_PLINE2,38
01-05 17:54:15.755   276   276 D NVRAM   : deal with cfgfile =/data/nvram/media/CAMERA_PLINE3,39
01-05 17:54:15.755   276   276 D NVRAM   : deal with cfgfile =/data/nvram/media/CAMERA_PLINE4,40
01-05 17:54:15.755   276   276 D NVRAM   : deal with cfgfile =/data/nvram/media/CAMERA_PLINE5,41
01-05 17:54:15.755   276   276 D NVRAM   : deal with cfgfile =/data/nvram/media/CAMERA_PLINE6,42
01-05 17:54:15.755   276   276 D NVRAM   : deal with cfgfile =/data/nvram/media/CAMERA_PLINE7,43
01-05 17:54:15.755   276   276 D NVRAM   : deal with cfgfile =/data/nvram/media/CAMERA_PLINE8,44
01-05 17:54:15.755   276   276 D NVRAM   : deal with cfgfile =/data/nvram/media/CAMERA_PLINE9,45
01-05 17:54:15.755   276   276 D NVRAM   : deal with cfgfile =/data/nvram/media/CAMERA_PLINE10,46
01-05 17:54:15.755   276   276 D NVRAM   : deal with cfgfile =/data/nvram/media/CAMERA_PLINE11,47
01-05 17:54:15.755   276   276 D NVRAM   : deal with cfgfile =/data/nvram/media/CAMERA_PLINE12,48
01-05 17:54:15.755   276   276 D NVRAM   : deal with cfgcustfile =/data/nvram/media/Audio_Sph,49
01-05 17:54:15.755   276   276 D NVRAM   : deal with cfgcustfile =/data/nvram/APCFG/APRDEB/GPS,50
01-05 17:54:15.755   276   276 D NVRAM   : deal with cfgcustfile =/data/nvram/media/Audio_CompFlt,51
01-05 17:54:15.755   276   276 D NVRAM   : deal with cfgcustfile =/data/nvram/media/Audio_Effect,52
01-05 17:54:15.755   276   276 D NVRAM   : deal with cfgcustfile =/data/nvram/APCFG/APRDEB/WIFI,53
01-05 17:54:15.755   276   276 D NVRAM   : deal with cfgcustfile =/data/nvram/APCFG/APRDEB/WIFI_CUSTOM,54
01-05 17:54:15.755   276   276 D NVRAM   : deal with cfgcustfile =/data/nvram/media/Audio_Sph_Med,55
01-05 17:54:15.755   276   276 D NVRAM   : deal with cfgcustfile =/data/nvram/media/Audio_Vol_custom,56
01-05 17:54:15.755   276   276 D NVRAM   : deal with cfgcustfile =/data/nvram/media/Sph_Dual_Mic,57
01-05 17:54:15.755   276   276 D NVRAM   : deal with cfgcustfile =/data/nvram/media/Audio_Wb_Sph,58
01-05 17:54:15.755   276   276 D NVRAM   : deal with cfgcustfile =/data/nvram/APCFG/APRDEB/PRODUCT_INFO,59
01-05 17:54:15.755   276   276 D NVRAM   : deal with cfgcustfile =/data/nvram/media/Headphone_CompFlt,60
01-05 17:54:15.755   276   276 D NVRAM   : deal with cfgcustfile =/data/nvram/media/Audio_gain_table,61
01-05 17:54:15.756   276   276 D NVRAM   : deal with cfgcustfile =/data/nvram/media/Audio_ver1_Vol_custom,62
01-05 17:54:15.756   276   276 D NVRAM   : deal with cfgcustfile =/data/nvram/media/Audio_Hd_Record_Param,63
01-05 17:54:15.756   276   276 D NVRAM   : deal with cfgcustfile =/data/nvram/media/Audio_Hd_Record_Scene_Table,64
01-05 17:54:15.756   276   276 D NVRAM   : deal with cfgcustfile =/data/nvram/media/Audio_Buffer_DC_Calibration_Param,65
01-05 17:54:15.756   276   276 D NVRAM   : deal with cfgcustfile =/data/nvram/media/VibSpk_CompFlt,66
01-05 17:54:15.756   276   276 D NVRAM   : deal with cfgcustfile =/data/nvram/media/MusicDRC_CompFlt,67
01-05 17:54:15.756   276   276 D NVRAM   : deal with cfgcustfile =/data/nvram/media/RingToneDRC_CompFlt,68
01-05 17:54:15.756   276   276 D NVRAM   : deal with cfgcustfile =/data/nvram/media/Audio_MAGI_CONFERENCE,69
01-05 17:54:15.756   276   276 D NVRAM   : deal with cfgcustfile =/data/nvram/media/Audio_HAC_Param,70
01-05 17:54:15.756   276   276 D NVRAM   : NVRAM: NVM_GetLIDByName Lid =25 
01-05 17:54:15.756   276   276 D NVRAM   : NVM_GetFileDesc: Open /data/nvram/APCFG/APRDCL/MD_SBP,LID:25
01-05 17:54:15.756   276   276 D NVRAM   : NVM_CmpFileVerNo 25  
01-05 17:54:15.756   276   276 D NVRAM   : Load File Version: 001, NvRam File Version: 001
01-05 17:54:15.756   276   276 D NVRAM   : NVM_CheckFileSize : 25 ++
01-05 17:54:15.756   276   276 D NVRAM   : iCustomBeginLID = 49
01-05 17:54:15.756   276   276 D NVRAM   : NVM_CheckFileSize:stat_size:26,size in table:24
01-05 17:54:15.759   561   561 I AEE_AED : socket server: android:debuggerd
01-05 17:54:15.762   474   474 I         : sMaxFastTracks = 8
01-05 17:54:15.762   276   276 D NVRAM   : NVM_CheckFile: File is correct!
01-05 17:54:15.762   276   276 D NVRAM   : NVM_ProtectUserData:Check Success
01-05 17:54:15.762   276   276 D NVRAM   : NVM_GetFileDesc ProtectDataFile Check Success!!
01-05 17:54:15.763   276   276 D NVRAM   : NVM_CheckFileSize : 25 ++
01-05 17:54:15.763   276   276 D NVRAM   : iCustomBeginLID = 49
01-05 17:54:15.763   276   276 D NVRAM   : NVM_CheckFileSize:stat_size:26,size in table:24
01-05 17:54:15.763   276   276 D NVRAM   : NVM_ProtectUserData:Set Check Num
01-05 17:54:15.763   474   474 I audioserver: ServiceManager: 0xe8499b80
01-05 17:54:15.763   276   276 D NVRAM   : NVM_SetCheckNo: CheckNo:3
01-05 17:54:15.763   276   276 D NVRAM   : NVM_SetCheckNo: CheckFlag:0
01-05 17:54:15.763   474   474 W BatteryNotifier: batterystats service unavailable!
01-05 17:54:15.763   474   474 I AudioFlinger: Using default 3000 mSec as standby time.
01-05 17:54:15.766   474   474 I AudioPolicyService: AudioPolicyService CSTOR in new mode
01-05 17:54:15.771   276   276 D NVRAM   : NVM_SetCheckNo: CheckNo generate successfully!
01-05 17:54:15.771   561   561 D AEE_AED : aed_get_force_config: -100000
01-05 17:54:15.771   276   276 D NVRAM   : NVM_ProtectUserData:Set Check Num Success
01-05 17:54:15.771   276   276 D NVRAM   : NVM_CloseFileDesc ProtectDataFile Success!!
01-05 17:54:15.771   276   276 D ccci_mdinit(1): Get: usp_sbp=0, cip_sbp=0, project_sbp=0, nvram_sbp=0, set sbp=0
01-05 17:54:15.771   561   561 D AEE_AED : ChangeAEEWorkMode: 4
01-05 17:54:15.771   276   276 I ccci_mdinit(1): set md boot data:mdl=0 sbp=0 dbg_dump=-1
01-05 17:54:15.771   276   276 I ccci_mdinit(1): start_service init.svc.ccci_fsd, current state:running, returned:7
01-05 17:54:15.750   561   561 I debuggerd64: type=1400 audit(0.0:18): avc: denied { setsockcreate } for scontext=u:r:debuggerd:s0 tcontext=u:r:debuggerd:s0 tclass=process permissive=1
01-05 17:54:15.772   442   442 D pseudo  : mtk_gps_sys_init: nvram_init_val Ready
01-05 17:54:15.772   442   442 D pseudo  : mtk_gps_sys_init: Get nvram restore ready retry cc=2
01-05 17:54:15.772   474   474 D APM_AudioPolicyManager: +AudioPolicyManager 3811 debug [0]
01-05 17:54:15.772   442   442 D NVRAM   : length of g_NVRAM_BACKUP_DEVICE=59
01-05 17:54:15.773   442   442 D NVRAM   : nvram_layout_callback will run!!!
01-05 17:54:15.773   442   442 D NVRAM   : nvram_platform_log_block: 2
01-05 17:54:15.773   442   442 D NVRAM   : nvram_platform_resv_block: 2
01-05 17:54:15.773   442   442 D NVRAM   : nvram_platform_DM_block: 1
01-05 17:54:15.773   442   442 D NVRAM   : nvram_platform_layout_version: 0
01-05 17:54:15.773   442   442 D NVRAM   : nvram_platform_header_offset: 0
01-05 17:54:15.773   442   442 D NVRAM   : g_i4CFG_File_Count: 49
01-05 17:54:15.773   442   442 D NVRAM   : NVM_Init Max Lid: 71
01-05 17:54:15.773   442   442 D NVRAM   : [NVRAM]: info nvram_gpt_flag =1
01-05 17:54:15.773   442   442 D NVRAM   : [NVRAM]: info NVRAM Init Completed!
01-05 17:54:15.773   442   442 D NVRAM   : NVM_GetFileDesc: Open /data/nvram/APCFG/APRDEB/GPS,LID:50
01-05 17:54:15.773   561   561 D AEE_AED : aed_update_db_count: 4
01-05 17:54:15.773   442   442 D NVRAM   : NVM_CmpFileVerNo 50  
01-05 17:54:15.773   561   561 I AEE_AED : AED config
01-05 17:54:15.773   561   561 I AEE_AED :   mode '4'
01-05 17:54:15.773   561   561 I AEE_AED :   exp level '0
01-05 17:54:15.773   561   561 I AEE_AED :   dal enable '0'
01-05 17:54:15.773   561   561 I AEE_AED :   db count '4'
01-05 17:54:15.773   561   561 I AEE_AED :   fatal db count '4'
01-05 17:54:15.773   561   561 I AEE_AED :  db storage '2'
01-05 17:54:15.773   561   561 I AEE_AED : SMP Info => 1
01-05 17:54:15.773   442   442 D NVRAM   : Load File Version: 000, NvRam File Version: 000
01-05 17:54:15.773   561   561 D AEE_AED : aee init PPM settings
01-05 17:54:15.773   442   442 D NVRAM   : NVM_CheckFileSize : 50 ++
01-05 17:54:15.773   442   442 D NVRAM   : iCustomBeginLID = 49
01-05 17:54:15.773   442   442 D NVRAM   : NVM_CheckFileSize:stat_size:54,size in table:52
01-05 17:54:15.773   474   474 V APM::Serializer: PolicySerializer: Version=1.0 Root=audioPolicyConfiguration
01-05 17:54:15.774   394   565 D PQ      : [PQ_SERVICE] PQService is ready to run.
01-05 17:54:15.774   394   565 D PQ      : Gamma index: 7/15
01-05 17:54:15.777   276   276 I ccci_mdinit(1): wait_for_property:success(init.svc.ccci_fsd=running), loop:200
01-05 17:54:15.777   276   276 D ccci_mdinit(1): set md status:mtk.md1.status=bootup 
01-05 17:54:15.779   442   442 D NVRAM   : NVM_CheckFile: File is correct!
01-05 17:54:15.779   442   442 D NVRAM   : NVM_ProtectUserData:Check Success
01-05 17:54:15.779   442   442 D NVRAM   : NVM_GetFileDesc ProtectDataFile Check Success!!
01-05 17:54:15.782   394   565 D PQ      : [PQ_SERVICE] DISP PQ init start...
01-05 17:54:15.782   442   442 D NVRAM   : NVM_CloseFileDesc: Open by Readonly, no need to check when close
01-05 17:54:15.782   442   442 D pseudo  : mtk_gps_sys_init: GPS NVRam (52 * 1) : 
01-05 17:54:15.782   442   442 D pseudo  : mtk_gps_sys_init: dsp_dev(/dev/stpgps) : /dev/stpgps
01-05 17:54:15.782   442   442 D pseudo  : mtk_gps_sys_init: gps_tcxo_hz : 26000000
01-05 17:54:15.782   442   442 D pseudo  : mtk_gps_sys_init: gps_tcxo_ppb : 0
01-05 17:54:15.782   442   442 D pseudo  : mtk_gps_sys_init: gps_tcxo_type : 255
01-05 17:54:15.782   442   442 D pseudo  : mtk_gps_sys_init: gps_lna_mode : 0
01-05 17:54:15.782   442   442 E mnld_uti: read_NVRAM: not 3332 UART port
01-05 17:54:15.782   442   442 D mnld_uti: chip_detector: exit chip_detector
01-05 17:54:15.782   442   442 E gps_controlller: hasAlmanac: open file(/nvcfg/almanac.dat) fail
01-05 17:54:15.783   442   442 D mtk_lbs_utility: socket_bind_udp: fd=5
01-05 17:54:15.783   442   442 D mtk_lbs_utility: socket_bind_udp: path=mnld_gps_control_socket
01-05 17:54:15.783   442   442 E mtk_lbs_utility: socket_bind_udp: chmod err = [No such file or directory]
01-05 17:54:15.783   442   442 D mtk_lbs_utility: socket_bind_udp: fd=6
