01-05 17:54:19.825   474   754 D AudioALSAHardware: +createAudioPatch num_sources [1] , num_sinks [1]
01-05 17:54:19.825   474   754 D AudioALSAHardware: id 0x3
01-05 17:54:19.825   474   754 D AudioALSAHardware: role 0x1 AUDIO_PORT_ROLE_SOURCE
01-05 17:54:19.825   474   754 D AudioALSAHardware: type 0x2 AUDIO_PORT_TYPE_MIX
01-05 17:54:19.825   474   754 D AudioALSAHardware: mix.handle 15
01-05 17:54:19.825   474   754 D AudioALSAHardware: id 0x1
01-05 17:54:19.825   474   754 D AudioALSAHardware: role 0x2 AUDIO_PORT_ROLE_SINK
01-05 17:54:19.825   474   754 D AudioALSAHardware: type 0x1 AUDIO_PORT_TYPE_DEVICE
01-05 17:54:19.825   474   754 D AudioALSAHardware: device.hw_module a
01-05 17:54:19.825   474   754 D AudioALSAHardware: device.type 2
01-05 17:54:19.825   474   754 D AudioALSAHardware: +routing createAudioPatch Mixer->2
01-05 17:54:19.825   474   754 D AudioALSAStreamManager: +setParameters(), IOport = 21, keyValuePairs = routing=2
01-05 17:54:19.825   474   754 D AudioALSAStreamManager: Send to mStreamOutVector[1]
01-05 17:54:19.825   474   754 D AudioALSAStreamOut: +setParameters(): routing=2
01-05 17:54:19.825   474   754 D AudioALSAStreamManager: +routingOutputDevice()
01-05 17:54:19.825   474   754 D AudioALSAStreamManager: routingOutputDevice(), output_devices: 0x2 => 0x2, mPhoneCallSpeechOpen = 0
01-05 17:54:19.825   474   754 D AudioALSAVoiceWakeUpController: +updateDeviceInfoForVoiceWakeUp(), mIsUseHeadsetMic = 0
01-05 17:54:19.826   474   754 D AudioHeadSetMessager: /sys/class/switch/h2w/state => 0
01-05 17:54:19.826   474   754 D AudioALSAVoiceWakeUpController: -updateDeviceInfoForVoiceWakeUp(), mIsUseHeadsetMic = 0
01-05 17:54:19.826   474   754 W AudioALSAStreamManager: -routingOutputDevice(), output_devices == current_output_devices(0x2), return
01-05 17:54:19.826   474   754 D AudioALSAStreamOut: -setParameters(): routing=2 
01-05 17:54:19.826   474   754 D AudioALSAStreamManager: -setParameters()
01-05 17:54:19.826   474   754 D AudioALSAHardware: handlecheck createAudioPatch sucess new *handle 0x2
01-05 17:54:19.826   474   754 D AudioSystem: getIoDescriptor: ioHandle = 21, index = 1, mIoDescriptors = 0xe84a3398
01-05 17:54:19.826   474   474 V AudioPolicyService: AudioCommandThread() adding update audio patch list
01-05 17:54:19.827   474   571 V AudioPolicyService: AudioCommandThread() processing update audio patch list
01-05 17:54:19.827   474   474 D APM::AudioOutputDescriptor: SwAudioOutputDescriptor::setVolume mIoHandle 21 id 3 change 1 volume -28.000000 stream 0 device 0x2 delayMs 0 force 0
01-05 17:54:19.827   474   570 V AudioPolicyService: AudioCommandThread() processing set volume stream 0,                             volume 0.039811, output 21
01-05 17:54:19.828   474   474 D APM::AudioOutputDescriptor: SwAudioOutputDescriptor::setVolume mIoHandle 21 id 3 change 1 volume -758.000000 stream 1 device 0x2 delayMs 0 force 0
01-05 17:54:19.828   474   570 V AudioPolicyService: AudioCommandThread() processing set volume stream 1,                             volume 0.000000, output 21
01-05 17:54:19.828   474   474 D APM::AudioOutputDescriptor: SwAudioOutputDescriptor::setVolume mIoHandle 21 id 3 change 1 volume -758.000000 stream 2 device 0x2 delayMs 0 force 0
01-05 17:54:19.828   474   570 V AudioPolicyService: AudioCommandThread() processing set volume stream 2,                             volume 0.000000, output 21
01-05 17:54:19.829   474   474 D APM::AudioOutputDescriptor: SwAudioOutputDescriptor::setVolume mIoHandle 21 id 3 change 1 volume -758.000000 stream 3 device 0x2 delayMs 0 force 0
01-05 17:54:19.829   474   570 V AudioPolicyService: AudioCommandThread() processing set volume stream 3,                             volume 0.000000, output 21
01-05 17:54:19.829   474   474 D APM::AudioOutputDescriptor: SwAudioOutputDescriptor::setVolume mIoHandle 21 id 3 change 1 volume -758.000000 stream 4 device 0x2 delayMs 0 force 0
01-05 17:54:19.829   474   570 V AudioPolicyService: AudioCommandThread() processing set volume stream 4,                             volume 0.000000, output 21
01-05 17:54:19.829   474   474 D APM::AudioOutputDescriptor: SwAudioOutputDescriptor::setVolume mIoHandle 21 id 3 change 1 volume -758.000000 stream 5 device 0x2 delayMs 0 force 0
01-05 17:54:19.829   474   570 V AudioPolicyService: AudioCommandThread() processing set volume stream 5,                             volume 0.000000, output 21
01-05 17:54:19.830   474   474 V APM_AudioPolicyManager: checkAndSetVolume() cannot set stream 6 volume with force use = 0 for comm
01-05 17:54:19.830   474   474 D APM::AudioOutputDescriptor: SwAudioOutputDescriptor::setVolume mIoHandle 21 id 3 change 1 volume -758.000000 stream 7 device 0x2 delayMs 0 force 0
01-05 17:54:19.830   474   570 V AudioPolicyService: AudioCommandThread() processing set volume stream 7,                             volume 0.000000, output 21
01-05 17:54:19.831   474   474 D APM::AudioOutputDescriptor: SwAudioOutputDescriptor::setVolume mIoHandle 21 id 3 change 1 volume -758.000000 stream 8 device 0x2 delayMs 0 force 0
01-05 17:54:19.831   474   570 V AudioPolicyService: AudioCommandThread() processing set volume stream 8,                             volume 0.000000, output 21
01-05 17:54:19.831   474   474 D APM::AudioOutputDescriptor: SwAudioOutputDescriptor::setVolume mIoHandle 21 id 3 change 1 volume -758.000000 stream 9 device 0x2 delayMs 0 force 0
01-05 17:54:19.831   474   570 V AudioPolicyService: AudioCommandThread() processing set volume stream 9,                             volume 0.000000, output 21
01-05 17:54:19.831   474   474 D APM::AudioOutputDescriptor: SwAudioOutputDescriptor::setVolume mIoHandle 21 id 3 change 1 volume -758.000000 stream 10 device 0x2 delayMs 0 force 0
01-05 17:54:19.831   474   570 V AudioPolicyService: AudioCommandThread() processing set volume stream 10,                             volume 0.000000, output 21
01-05 17:54:19.831   474   474 D APM::AudioOutputDescriptor: SwAudioOutputDescriptor::setVolume mIoHandle 21 id 3 change 1 volume -758.000000 stream 11 device 0x2 delayMs 0 force 0
01-05 17:54:19.832   474   570 V AudioPolicyService: AudioCommandThread() processing set volume stream 11,                             volume 0.000000, output 21
01-05 17:54:19.832   474   474 V APM_AudioPolicyManager:   for input device 0x80000004 using address 
01-05 17:54:19.832   474   474 D AudioALSAStreamManager: +openInputStream()
01-05 17:54:19.832   474   474 D AudioALSAStreamManager: openInputStream(), devices = 0x80000004, format = 0x1, channels = 0xc, sampleRate = 8000, status = 14, acoustics = 0x0
01-05 17:54:19.832   474   474 D AudioALSAStreamIn: AudioALSAStreamIn()
01-05 17:54:19.832   474   474 D AudioALSAStreamIn: set(), devices = 0x80000004, format = 0x1, channels = 0xc, sampleRate = 8000, acoustics = 0x0, flags = 0
01-05 17:54:19.832   474   474 D AudioALSAStreamIn: +CheckBesRecordInfo()
01-05 17:54:19.832   474   474 D AudioSpeechEnhanceInfo: GetBesRecScene() -1
01-05 17:54:19.832   474   474 D AudioSpeechEnhanceInfo: ResetBesRecScene()
01-05 17:54:19.832   474   474 D AudioSpeechEnhanceInfo: IsBesRecTuningEnable()+
01-05 17:54:19.832   474   474 D AudioSpeechEnhanceInfo: IsBesRecTuningEnable()- 0
01-05 17:54:19.832   474   474 D AudioYusuParam: QueryFeatureSupportInfo(),feature support 12090245 
01-05 17:54:19.832   474   474 D AudioSpeechEnhanceInfo: GetBesRecVMFileName()+
01-05 17:54:19.832   474   474 D AudioSpeechEnhanceInfo: GetBesRecVMFileName(), mVMFileName=, VMFileName=
01-05 17:54:19.832   474   474 D AudioYusuParam: QueryFeatureSupportInfo(),feature support 12090245 
01-05 17:54:19.832   474   474 D AudioSpeechEnhanceInfo: GetForceMagiASRState(), feature_support=12090245, 0, mForceMagiASR=0
01-05 17:54:19.833   474   474 D AudioSpeechEnhanceInfo: GetForceAECRecState(), mForceAECRec=0
01-05 17:54:19.833   474   474 D AudioALSAStreamIn: -CheckBesRecordInfo()
01-05 17:54:19.833   474   474 D AudioALSAStreamIn: checkOpenStreamSampleRate(), origin sampleRate 8000, kDefaultInputSourceSampleRate 48000.
01-05 17:54:19.833   474   474 D AudioALSAStreamIn: set() done, sampleRate = 8000, num_channels = 2, buffer_size=640
01-05 17:54:19.833   474   474 D AudioALSAStreamManager: -openInputStream(), in = 0xe8027300, status = 0x0, mStreamInVector.size() = 1
01-05 17:54:19.833   474   474 D AudioALSAStreamIn: +setParameters(): input_source=1
01-05 17:54:19.833   474   474 D AudioALSAStreamIn: setParameters() InputSource = 1
01-05 17:54:19.833   474   474 D AudioALSAStreamIn: -setParameters(): input_source=1 
01-05 17:54:19.836   474   474 D AudioSystem: getIoDescriptor: ioHandle = 14, index = -2, mIoDescriptors = 0xe84a3398
01-05 17:54:19.836   474   474 D AudioSystem: getIoDescriptor: ioHandle = 14, index = 1, mIoDescriptors = 0xe84a3398
01-05 17:54:19.836   474   755 I AudioFlinger_Threads: AudioFlinger's thread 0xe7503640 ready to run
01-05 17:54:19.836   474   474 D AudioALSAStreamManager: +closeInputStream(), in = 0xe8027300
01-05 17:54:19.836   474   474 D AudioALSAStreamIn: ~AudioALSAStreamIn()
01-05 17:54:19.836   474   474 D AudioALSAStreamManager: -closeInputStream(), mStreamInVector.size() = 0
01-05 17:54:19.840   474   474 I bt_a2dp_hw: adev_open:  adev_open in A2dp_hw module
01-05 17:54:19.840   474   474 I AudioFlinger: loadHwModule() Loaded a2dp audio interface from A2DP Audio HW HAL (audio) handle 18
01-05 17:54:19.843   474   474 D modules.usbaudio.audio_hal: [USB_AUD] adev_open
01-05 17:54:19.843   474   474 I AudioFlinger: loadHwModule() Loaded usb audio interface from USB audio HW HAL (audio) handle 26
01-05 17:54:19.846   474   474 I r_submix: adev_open(name=audio_hw_if)
01-05 17:54:19.846   474   474 I r_submix: adev_init_check()
01-05 17:54:19.846   474   474 I AudioFlinger: loadHwModule() Loaded r_submix audio interface from Wifi Display audio HAL (audio) handle 34
01-05 17:54:19.846   474   474 V APM_AudioPolicyManager:   for input device 0x80000100 using address 0
01-05 17:54:19.846   474   474 D r_submix: adev_open_input_stream(addr=0)
01-05 17:54:19.846   474   474 D r_submix: submix_audio_device_create_pipe_l(addr=0, idx=9)
01-05 17:54:19.846   474   474 D r_submix:   now using address 0 for route 9
01-05 17:54:19.847   474   474 D AudioSystem: getIoDescriptor: ioHandle = 22, index = -2, mIoDescriptors = 0xe84a3398
01-05 17:54:19.847   474   474 D AudioSystem: getIoDescriptor: ioHandle = 22, index = 2, mIoDescriptors = 0xe84a3398
01-05 17:54:19.847   474   758 I AudioFlinger_Threads: AudioFlinger's thread 0xe7483300 ready to run
01-05 17:54:19.848   474   474 D r_submix: adev_close_input_stream()
01-05 17:54:19.848   474   474 D r_submix: submix_audio_device_release_pipe_l(idx=9) addr=0
01-05 17:54:19.848   474   474 D r_submix: submix_audio_device_destroy_pipe_l(): pipe destroyed
01-05 17:54:19.848   474   474 V APM_AudioPolicyManager: propertySupportDeepBuffer 0
01-05 17:54:19.848   474   474 D APM_AudioPolicyManager: check outputID [2] Primary
01-05 17:54:19.848   474   474 D APM_AudioPolicyManager: check outputID [3] Fast
01-05 17:54:19.848   474   474 D APM_AudioPolicyManager: select ID [2] Primary as FMRadio reference
01-05 17:54:19.848   474   474 D APM_AudioPolicyManager: af.music.outputid = 2
01-05 17:54:19.848   474   474 D APM_AudioPolicyManager: -AudioPolicyManager 4177
01-05 17:54:19.849   474   474 D AudioHeadsetDetect: start
01-05 17:54:19.850   474   474 I RadioService: RadioService
01-05 17:54:19.850   474   474 I RadioService: onFirstRef
01-05 17:54:19.850   474   759 D AudioHeadsetDetect: pluged out
01-05 17:54:19.850   474   474 E RadioService: couldn't load radio module radio.primary (No such file or directory)
01-05 17:54:19.852   474   474 E SoundTriggerHwService: couldn't load sound trigger module sound_trigger.primary (No such file or directory)
01-05 17:54:19.869   475   475 D ImgSensorDrv: [impSearchSensor][impSearchSensor] Err-ctrlCode (I/O error) 
01-05 17:54:19.869   475   475 D ImgSensorDrv: [getCurrentSensorType][getCurrentSensorType] 
01-05 17:54:19.869   475   475 D ImgSensorDrv: [getInfo][getInfo],m_fdSensor = 0xb 
01-05 17:54:19.869   475   475 D ImgSensorDrv: [getSocketPosition][getSocketPosition]:[2][-1] 
01-05 17:54:19.869   475   475 D ImgSensorDrv: [impSearchSensor]sensor ID mismatch
01-05 17:54:19.869   475   475 D ImgSensorDrv: [impSearchSensor]set sensor driver id =2000b
01-05 17:54:19.956   472   472 I Radio-JNI: register_android_hardware_Radio DONE
01-05 17:54:19.960   475   475 D ImgSensorDrv: [impSearchSensor][impSearchSensor] Err-ctrlCode (I/O error) 
01-05 17:54:19.960   475   475 D ImgSensorDrv: [getCurrentSensorType][getCurrentSensorType] 
01-05 17:54:19.960   475   475 D ImgSensorDrv: [getInfo][getInfo],m_fdSensor = 0xb 
01-05 17:54:19.960   475   475 D ImgSensorDrv: [getSocketPosition][getSocketPosition]:[2][-1] 
01-05 17:54:19.960   475   475 D ImgSensorDrv: [impSearchSensor]sensor ID mismatch
01-05 17:54:19.960   475   475 D ImgSensorDrv: [impSearchSensor]set sensor driver id =2000c
01-05 17:54:19.992   472   472 I SamplingProfilerIntegration: Profiling disabled.
01-05 17:54:20.031   472   472 D Zygote  : begin preload
01-05 17:54:20.031   472   472 I Zygote  : Installing ICU cache reference pinning...
01-05 17:54:20.034   475   475 D ImgSensorDrv: [impSearchSensor][impSearchSensor] Err-ctrlCode (I/O error) 
01-05 17:54:20.034   475   475 D ImgSensorDrv: [getCurrentSensorType][getCurrentSensorType] 
01-05 17:54:20.034   475   475 D ImgSensorDrv: [getInfo][getInfo],m_fdSensor = 0xb 
01-05 17:54:20.034   475   475 D ImgSensorDrv: [getSocketPosition][getSocketPosition]:[2][-1] 
01-05 17:54:20.034   475   475 D ImgSensorDrv: [impSearchSensor]sensor ID mismatch
01-05 17:54:20.034   475   475 D ImgSensorDrv: [impSearchSensor]set sensor driver id =2000d
01-05 17:54:20.041   280   299 I BufferQueueProducer: [BootAnimation](this:0x7ced73b800,id:1,api:1,p:323,c:280) queueBuffer: fps=11.98 dur=1001.59 max=84.91 min=81.86
01-05 17:54:20.051   472   472 I Zygote  : Preloading ICU data...
01-05 17:54:20.122   475   475 D ImgSensorDrv: [impSearchSensor][impSearchSensor] Err-ctrlCode (I/O error) 
01-05 17:54:20.122   475   475 D ImgSensorDrv: [getCurrentSensorType][getCurrentSensorType] 
01-05 17:54:20.122   475   475 D ImgSensorDrv: [getInfo][getInfo],m_fdSensor = 0xb 
01-05 17:54:20.122   475   475 D ImgSensorDrv: [getSocketPosition][getSocketPosition]:[2][-1] 
01-05 17:54:20.122   475   475 D ImgSensorDrv: [impSearchSensor]sensor ID mismatch
01-05 17:54:20.122   475   475 D ImgSensorDrv: [impSearchSensor]set sensor driver id =2000e
01-05 17:54:20.143   295   295 E stp_dump: fail to get Sdcard stat :No such file or directory, count: 7
01-05 17:54:20.162   472   472 I Zygote  : Preloading ICU data --- End
01-05 17:54:20.162   472   472 I Zygote  : Preloading classes...
01-05 17:54:20.203   475   475 D ImgSensorDrv: [impSearchSensor][impSearchSensor] Err-ctrlCode (I/O error) 
01-05 17:54:20.203   475   475 D ImgSensorDrv: [getCurrentSensorType][getCurrentSensorType] 
01-05 17:54:20.203   475   475 D ImgSensorDrv: [getInfo][getInfo],m_fdSensor = 0xb 
01-05 17:54:20.203   475   475 D ImgSensorDrv: [getSocketPosition][getSocketPosition]:[2][-1] 
01-05 17:54:20.203   475   475 D ImgSensorDrv: [impSearchSensor]sensor ID mismatch
01-05 17:54:20.203   475   475 D ImgSensorDrv: [impSearchSensor]set sensor driver id =2000f
01-05 17:54:20.211   273   273 I wmt_launcher: fw log ctrl flag has been set
01-05 17:54:20.211   273   273 I wmt_launcher: fw dynamic ctrl flag has been set
01-05 17:54:20.239   471   471 E Typeface: Error mapping font file /system/fonts/ZawgyiOne.ttf
01-05 17:54:20.283   475   475 D ImgSensorDrv: [impSearchSensor][impSearchSensor] Err-ctrlCode (I/O error) 
01-05 17:54:20.283   475   475 D ImgSensorDrv: [getCurrentSensorType][getCurrentSensorType] 
01-05 17:54:20.283   475   475 D ImgSensorDrv: [getInfo][getInfo],m_fdSensor = 0xb 
01-05 17:54:20.283   475   475 D ImgSensorDrv: [getSocketPosition][getSocketPosition]:[2][-1] 
01-05 17:54:20.283   475   475 D ImgSensorDrv: [impSearchSensor]sensor ID mismatch
01-05 17:54:20.283   475   475 D ImgSensorDrv: [impSearchSensor]set sensor driver id =20010
01-05 17:54:20.308   471   471 E Typeface: Error mapping font file /system/fonts/DroidSansFallback.ttf
01-05 17:54:20.317   787   787 D MFI-Conn:  (        main_entity_init,   99) main_entity_init(): Chiptest Enables = "NaN"
01-05 17:54:20.318   787   787 I MFI-Conn:  (        main_entity_init,  156) ########## main_entity_init() has finished @@@@@@@@@@
01-05 17:54:20.318   787   787 I MFI-Conn:  (          mal_mfia_start,  105) mal_mfia_start(): the main entity has been initialized!!
01-05 17:54:20.318   787   815 I MFI-Conn:  (     check_decrypt_ready,  247) vold.decrypt: trigger_restart_framework
01-05 17:54:20.318   787   815 I MFI-Conn:  (        wait_nvram_ready,  135) service.nvram_init = Ready
01-05 17:54:20.318   787   815 I MFI-Conn:  (     mfia_task_bootstrap,  800) mfia_task_bootstrap(): the ctrl_chnl with FD -1 has been initialized!!
01-05 17:54:20.318   787   787 E MFI-Conn:  (          mfia_task_exec, 1397) ==== thrd_task_exec(): the internal FD 6 for conn. is connected!! ====
01-05 17:54:20.319   787   787 I MFI-Conn:  (          mal_mfia_start,  127) mal_mfia_start(): the MFIA entity has been initialized!!
01-05 17:54:20.371   475   475 D ImgSensorDrv: [impSearchSensor][impSearchSensor] Err-ctrlCode (I/O error) 
01-05 17:54:20.371   475   475 D ImgSensorDrv: [getCurrentSensorType][getCurrentSensorType] 
01-05 17:54:20.371   475   475 D ImgSensorDrv: [getInfo][getInfo],m_fdSensor = 0xb 
01-05 17:54:20.371   475   475 D ImgSensorDrv: [getSocketPosition][getSocketPosition]:[2][-1] 
01-05 17:54:20.371   475   475 D ImgSensorDrv: [impSearchSensor]sensor ID mismatch
01-05 17:54:20.371   475   475 D ImgSensorDrv: [impSearchSensor]set sensor driver id =20011
01-05 17:54:20.437   472   472 E Typeface: Error mapping font file /system/fonts/ZawgyiOne.ttf
01-05 17:54:20.452   475   475 D ImgSensorDrv: [impSearchSensor][impSearchSensor] Err-ctrlCode (I/O error) 
01-05 17:54:20.452   475   475 D ImgSensorDrv: [getCurrentSensorType][getCurrentSensorType] 
01-05 17:54:20.452   475   475 D ImgSensorDrv: [getInfo][getInfo],m_fdSensor = 0xb 
01-05 17:54:20.452   475   475 D ImgSensorDrv: [getSocketPosition][getSocketPosition]:[2][-1] 
01-05 17:54:20.452   475   475 D ImgSensorDrv: [impSearchSensor]sensor ID mismatch
01-05 17:54:20.452   475   475 D ImgSensorDrv: [impSearchSensor]set sensor driver id =20012
01-05 17:54:20.484   472   472 E Typeface: Error mapping font file /system/fonts/DroidSansFallback.ttf
01-05 17:54:20.529   475   475 D ImgSensorDrv: [impSearchSensor][impSearchSensor] Err-ctrlCode (I/O error) 
01-05 17:54:20.530   475   475 D ImgSensorDrv: [getCurrentSensorType][getCurrentSensorType] 
01-05 17:54:20.530   475   475 D ImgSensorDrv: [getInfo][getInfo],m_fdSensor = 0xb 
01-05 17:54:20.530   475   475 D ImgSensorDrv: [getSocketPosition][getSocketPosition]:[2][-1] 
01-05 17:54:20.530   475   475 D ImgSensorDrv: [impSearchSensor]sensor ID mismatch
01-05 17:54:20.530   475   475 D ImgSensorDrv: [impSearchSensor]set sensor driver id =20013
01-05 17:54:20.599   280   280 I DisplayDevice: [Built-in Screen (type:0)] fps:11.763677,dur:1105.10,max:134.28,min:28.93
01-05 17:54:20.610   475   475 D ImgSensorDrv: [impSearchSensor][impSearchSensor] Err-ctrlCode (I/O error) 
01-05 17:54:20.610   475   475 D ImgSensorDrv: [getCurrentSensorType][getCurrentSensorType] 
01-05 17:54:20.610   475   475 D ImgSensorDrv: [getInfo][getInfo],m_fdSensor = 0xb 
01-05 17:54:20.610   475   475 D ImgSensorDrv: [getSocketPosition][getSocketPosition]:[2][-1] 
01-05 17:54:20.610   475   475 D ImgSensorDrv: [impSearchSensor]sensor ID mismatch
01-05 17:54:20.610   475   475 D ImgSensorDrv: [impSearchSensor]set sensor driver id =20014
01-05 17:54:20.696   475   475 D ImgSensorDrv: [impSearchSensor][impSearchSensor] Err-ctrlCode (I/O error) 
01-05 17:54:20.696   475   475 D ImgSensorDrv: [getCurrentSensorType][getCurrentSensorType] 
01-05 17:54:20.696   475   475 D ImgSensorDrv: [getInfo][getInfo],m_fdSensor = 0xb 
01-05 17:54:20.697   475   475 D ImgSensorDrv: [getSocketPosition][getSocketPosition]:[2][-1] 
01-05 17:54:20.697   475   475 D ImgSensorDrv: [impSearchSensor]sensor ID mismatch
01-05 17:54:20.697   475   475 D ImgSensorDrv: [impSearchSensor]set sensor driver id =20015
01-05 17:54:20.767   471   703 I art     : Enter while loop.
01-05 17:54:20.829   471   471 I art     : Thread[1,tid=471,Native,Thread*=0x7db6e96a00,peer=0x12c060d0,"main"] recursive attempt to load library "/system/lib64/libmedia_jni.so"
01-05 17:54:20.838   472   735 I art     : Enter while loop.
01-05 17:54:20.841   471   471 D MtpDeviceJNI: register_android_mtp_MtpDevice
01-05 17:54:20.841   471   471 I art     : Thread[1,tid=471,Native,Thread*=0x7db6e96a00,peer=0x12c060d0,"main"] recursive attempt to load library "/system/lib64/libmedia_jni.so"
01-05 17:54:20.841   471   471 I art     : Thread[1,tid=471,Native,Thread*=0x7db6e96a00,peer=0x12c060d0,"main"] recursive attempt to load library "/system/lib64/libmedia_jni.so"
01-05 17:54:20.844   471   471 W MediaProfiles: could not find media config xml file
01-05 17:54:20.845   471   471 I VDO_LOG : [GetChipVerAPI][0] 321
01-05 17:54:20.845   471   471 I VDO_LOG : [GetChipVerAPI][1] 0
01-05 17:54:20.845   471   471 I MediaProfiles: getChipName success = 14
01-05 17:54:20.846   471   471 I VDO_LOG : venc eFuse unsupported type (unlimited)!!
01-05 17:54:20.846   471   471 I MediaProfiles: checkVideoCapability, format=2,support maxwidth=1920,maxheight=1088, bitrate 17000000, framerate 30
01-05 17:54:20.847   471   471 I VDO_LOG : venc eFuse unsupported type (unlimited)!!
01-05 17:54:20.847   471   471 I MediaProfiles: checkVideoCapability, format=3,support maxwidth=640,maxheight=480, bitrate 4000000, framerate 30
01-05 17:54:20.849   471   471 I MediaProfiles: [getMTKCamcorderFineID] video capability use default
01-05 17:54:20.850   471   471 I VDO_LOG : venc eFuse unsupported type (unlimited)!!
01-05 17:54:20.850   471   471 I MediaProfiles: checkVideoCapability, format=2,support maxwidth=1920,maxheight=1088, bitrate 17000000, framerate 30
01-05 17:54:20.851   471   471 I VDO_LOG : venc eFuse unsupported type (unlimited)!!
01-05 17:54:20.851   471   471 I MediaProfiles: checkVideoCapability, format=2,support maxwidth=1920,maxheight=1088, bitrate 17000000, framerate 30
01-05 17:54:20.851   471   471 I MediaProfiles: [getMTKCamcorderFineID] video capability use default
01-05 17:54:20.851   471   471 I VDO_LOG : venc eFuse unsupported type (unlimited)!!
01-05 17:54:20.851   471   471 I MediaProfiles: checkVideoCapability, format=2,support maxwidth=1920,maxheight=1088, bitrate 17000000, framerate 30
01-05 17:54:20.852   471   471 I VDO_LOG : venc eFuse unsupported type (unlimited)!!
01-05 17:54:20.852   471   471 I MediaProfiles: checkVideoCapability, format=2,support maxwidth=1920,maxheight=1088, bitrate 17000000, framerate 30
01-05 17:54:20.852   471   471 D MediaProfiles: there are 56 profiles
01-05 17:54:20.852   471   471 D MediaProfiles: camera_id:0, quality:low(0), ffmt:3gp, dur:30, vcodec:h263, w:176, h:144, brate:192000, frate:20, acodec:aac, brate:128000, srate:48000, ch:2
01-05 17:54:20.852   471   471 D MediaProfiles: camera_id:0, quality:timelapselow(1000), ffmt:3gp, dur:30, vcodec:h263, w:176, h:144, brate:1000000, frate:20, acodec:aac, brate:64000, srate:48000, ch:2
01-05 17:54:20.852   471   471 D MediaProfiles: camera_id:0, quality:qcif(2), ffmt:3gp, dur:30, vcodec:h263, w:176, h:144, brate:192000, frate:20, acodec:aac, brate:128000, srate:48000, ch:2
01-05 17:54:20.852   471   471 D MediaProfiles: camera_id:0, quality:qvga(7), ffmt:3gp, dur:30, vcodec:m4v, w:320, h:240, brate:1000000, frate:30, acodec:aac, brate:128000, srate:48000, ch:2
01-05 17:54:20.852   471   471 D MediaProfiles: camera_id:0, quality:cif(3), ffmt:3gp, dur:30, vcodec:m4v, w:352, h:288, brate:1250000, frate:30, acodec:aac, brate:128000, srate:48000, ch:2
01-05 17:54:20.852   471   471 D MediaProfiles: camera_id:0, quality:480p(4), ffmt:3gp, dur:30, vcodec:h264, w:720, h:480, brate:4500000, frate:30, acodec:aac, brate:128000, srate:48000, ch:2
01-05 17:54:20.852   471   471 D MediaProfiles: camera_id:0, quality:720p(5), ffmt:3gp, dur:30, vcodec:h264, w:1280, h:720, brate:9000000, frate:30, acodec:aac, brate:128000, srate:48000, ch:2
01-05 17:54:20.852   471   471 D MediaProfiles: camera_id:0, quality:1080p(6), ffmt:3gp, dur:30, vcodec:h264, w:1920, h:1080, brate:17000000, frate:30, acodec:aac, brate:128000, srate:48000, ch:2
01-05 17:54:20.852   471   471 D MediaProfiles: camera_id:0, quality:high(1), ffmt:3gp, dur:30, vcodec:h264, w:1920, h:1080, brate:17000000, frate:30, acodec:aac, brate:128000, srate:48000, ch:2
01-05 17:54:20.852   471   471 D MediaProfiles: camera_id:0, quality:timelapseqcif(1002), ffmt:3gp, dur:30, vcodec:h263, w:176, h:144, brate:1000000, frate:20, acodec:aac, brate:64000, srate:48000, ch:2
01-05 17:54:20.852   471   471 D MediaProfiles: camera_id:0, quality:timelapseqvga(1007), ffmt:3gp, dur:30, vcodec:m4v, w:320, h:240, brate:1000000, frate:30, acodec:aac, brate:128000, srate:48000, ch:2
01-05 17:54:20.852   471   471 D MediaProfiles: camera_id:0, quality:timelapsecif(1003), ffmt:3gp, dur:30, vcodec:m4v, w:352, h:288, brate:1250000, frate:30, acodec:aac, brate:128000, srate:48000, ch:2
01-05 17:54:20.852   471   471 D MediaProfiles: camera_id:0, quality:timelapse480p(1004), ffmt:3gp, dur:30, vcodec:h264, w:720, h:480, brate:4500000, frate:30, acodec:aac, brate:128000, srate:48000, ch:2
01-05 17:54:20.852   471   471 D MediaProfiles: camera_id:0, quality:timelapse720p(1005), ffmt:3gp, dur:30, vcodec:h264, w:1280, h:720, brate:9000000, frate:30, acodec:aac, brate:128000, srate:48000, ch:2
01-05 17:54:20.852   471   471 D MediaProfiles: camera_id:0, quality:timelapse1080p(1006), ffmt:3gp, dur:30, vcodec:h264, w:1920, h:1080, brate:17000000, frate:30, acodec:aac, brate:128000, srate:48000, ch:2
01-05 17:54:20.856   475   475 D ImgSensorDrv: [impSearchSensor][impSearchSensor] Err-ctrlCode (I/O error) 
01-05 17:54:20.857   475   475 D ImgSensorDrv: [getCurrentSensorType][getCurrentSensorType] 
01-05 17:54:20.857   475   475 D ImgSensorDrv: [getInfo][getInfo],m_fdSensor = 0xb 
01-05 17:54:20.857   475   475 D ImgSensorDrv: [getSocketPosition][getSocketPosition]:[2][-1] 
01-05 17:54:20.857   475   475 D ImgSensorDrv: [impSearchSensor]sensor ID mismatch
01-05 17:54:20.857   475   475 D ImgSensorDrv: [impSearchSensor]set sensor driver id =20016
01-05 17:54:20.859   471   471 D MediaProfiles: camera_id:0, quality:timelapsehigh(1001), ffmt:3gp, dur:30, vcodec:h264, w:1920, h:1080, brate:17000000, frate:30, acodec:aac, brate:128000, srate:48000, ch:2
01-05 17:54:20.859   471   471 D MediaProfiles: camera_id:1, quality:low(0), ffmt:3gp, dur:30, vcodec:h263, w:176, h:144, brate:192000, frate:20, acodec:aac, brate:128000, srate:48000, ch:2
01-05 17:54:20.859   471   471 D MediaProfiles: camera_id:1, quality:timelapselow(1000), ffmt:3gp, dur:30, vcodec:h263, w:176, h:144, brate:1000000, frate:20, acodec:aac, brate:64000, srate:48000, ch:2
01-05 17:54:20.859   471   471 D MediaProfiles: camera_id:1, quality:qcif(2), ffmt:3gp, dur:30, vcodec:h263, w:176, h:144, brate:192000, frate:20, acodec:aac, brate:128000, srate:48000, ch:2
01-05 17:54:20.859   471   471 D MediaProfiles: camera_id:1, quality:qvga(7), ffmt:3gp, dur:30, vcodec:m4v, w:320, h:240, brate:1000000, frate:30, acodec:aac, brate:128000, srate:48000, ch:2
01-05 17:54:20.859   471   471 D MediaProfiles: camera_id:1, quality:cif(3), ffmt:3gp, dur:30, vcodec:m4v, w:352, h:288, brate:1250000, frate:30, acodec:aac, brate:128000, srate:48000, ch:2
01-05 17:54:20.859   471   471 D MediaProfiles: camera_id:1, quality:480p(4), ffmt:3gp, dur:30, vcodec:h264, w:720, h:480, brate:4500000, frate:30, acodec:aac, brate:128000, srate:48000, ch:2
01-05 17:54:20.859   471   471 D MediaProfiles: camera_id:1, quality:high(1), ffmt:3gp, dur:30, vcodec:h264, w:720, h:480, brate:4500000, frate:30, acodec:aac, brate:128000, srate:48000, ch:2
01-05 17:54:20.859   471   471 D MediaProfiles: camera_id:1, quality:timelapseqcif(1002), ffmt:3gp, dur:30, vcodec:h263, w:176, h:144, brate:1000000, frate:20, acodec:aac, brate:64000, srate:48000, ch:2
01-05 17:54:20.859   471   471 D MediaProfiles: camera_id:1, quality:timelapseqvga(1007), ffmt:3gp, dur:30, vcodec:m4v, w:320, h:240, brate:1000000, frate:30, acodec:aac, brate:128000, srate:48000, ch:2
01-05 17:54:20.859   471   471 D MediaProfiles: camera_id:1, quality:timelapsecif(1003), ffmt:3gp, dur:30, vcodec:m4v, w:352, h:288, brate:1250000, frate:30, acodec:aac, brate:128000, srate:48000, ch:2
01-05 17:54:20.859   471   471 D MediaProfiles: camera_id:1, quality:timelapse480p(1004), ffmt:3gp, dur:30, vcodec:h264, w:720, h:480, brate:4500000, frate:30, acodec:aac, brate:128000, srate:48000, ch:2
01-05 17:54:20.859   471   471 D MediaProfiles: camera_id:1, quality:timelapsehigh(1001), ffmt:3gp, dur:30, vcodec:h264, w:720, h:480, brate:4500000, frate:30, acodec:aac, brate:128000, srate:48000, ch:2
01-05 17:54:20.859   471   471 D MediaProfiles: camera_id:0, quality:mtklow(108), ffmt:3gp, dur:30, vcodec:h264, w:176, h:144, brate:750000, frate:30, acodec:aac, brate:64000, srate:48000, ch:2
01-05 17:54:20.859   471   471 D MediaProfiles: camera_id:0, quality:mtkmedium(109), ffmt:3gp, dur:30, vcodec:h264, w:640, h:480, brate:3000000, frate:30, acodec:aac, brate:128000, srate:48000, ch:2
01-05 17:54:20.859   471   471 D MediaProfiles: camera_id:0, quality:mtkhigh(110), ffmt:3gp, dur:30, vcodec:h264, w:1280, h:720, brate:9000000, frate:30, acodec:aac, brate:128000, srate:48000, ch:2
01-05 17:54:20.859   471   471 D MediaProfiles: camera_id:0, quality:mtkfine(111), ffmt:3gp, dur:30, vcodec:h264, w:1920, h:1080, brate:17000000, frate:30, acodec:aac, brate:128000, srate:48000, ch:2
01-05 17:54:20.859   471   471 D MediaProfiles: camera_id:0, quality:mtknightlow(112), ffmt:3gp, dur:30, vcodec:h264, w:176, h:144, brate:375000, frate:15, acodec:aac, brate:64000, srate:48000, ch:2
01-05 17:54:20.859   471   471 D MediaProfiles: camera_id:0, quality:mtknightmedium(113), ffmt:3gp, dur:30, vcodec:h264, w:640, h:480, brate:1250000, frate:15, acodec:aac, brate:128000, srate:48000, ch:2
01-05 17:54:20.859   471   471 D MediaProfiles: camera_id:0, quality:mtknighthigh(114), ffmt:3gp, dur:30, vcodec:h264, w:1280, h:720, brate:4500000, frate:15, acodec:aac, brate:128000, srate:48000, ch:2
01-05 17:54:20.860   471   471 D MediaProfiles: camera_id:0, quality:mtknightfine(115), ffmt:3gp, dur:30, vcodec:h264, w:1920, h:1080, brate:8500000, frate:15, acodec:aac, brate:128000, srate:48000, ch:2
01-05 17:54:20.860   471   471 D MediaProfiles: camera_id:0, quality:mtkliveeffect(116), ffmt:3gp, dur:30, vcodec:m4v, w:480, h:320, brate:2500000, frate:30, acodec:aac, brate:128000, srate:48000, ch:2
01-05 17:54:20.860   471   471 D MediaProfiles: camera_id:0, quality:mtktimelapselow(1108), ffmt:3gp, dur:30, vcodec:h264, w:176, h:144, brate:750000, frate:30, acodec:aac, brate:64000, srate:48000, ch:2
01-05 17:54:20.860   471   471 D MediaProfiles: camera_id:0, quality:mtktimelapsemedium(1109), ffmt:3gp, dur:30, vcodec:h264, w:640, h:480, brate:3000000, frate:30, acodec:aac, brate:128000, srate:48000, ch:2
01-05 17:54:20.860   471   471 D MediaProfiles: camera_id:0, quality:mtktimelapsehigh(1110), ffmt:3gp, dur:30, vcodec:h264, w:1280, h:720, brate:9000000, frate:30, acodec:aac, brate:128000, srate:48000, ch:2
01-05 17:54:20.860   471   471 D MediaProfiles: camera_id:0, quality:mtktimelapsefine(1111), ffmt:3gp, dur:30, vcodec:h264, w:1920, h:1080, brate:17000000, frate:30, acodec:aac, brate:128000, srate:48000, ch:2
01-05 17:54:20.860   471   471 D MediaProfiles: camera_id:0, quality:mtktimelapsenightlow(1112), ffmt:3gp, dur:30, vcodec:h264, w:176, h:144, brate:375000, frate:15, acodec:aac, brate:64000, srate:48000, ch:2
01-05 17:54:20.860   471   471 D MediaProfiles: camera_id:0, quality:mtktimelapsenightmedium(1113), ffmt:3gp, dur:30, vcodec:h264, w:640, h:480, brate:1250000, frate:15, acodec:aac, brate:128000, srate:48000, ch:2
01-05 17:54:20.860   471   471 D MediaProfiles: camera_id:0, quality:mtktimelapsenighthigh(1114), ffmt:3gp, dur:30, vcodec:h264, w:1280, h:720, brate:4500000, frate:15, acodec:aac, brate:128000, srate:48000, ch:2
01-05 17:54:20.860   471   471 D MediaProfiles: camera_id:0, quality:mtktimelapsenightfine(1115), ffmt:3gp, dur:30, vcodec:h264, w:1920, h:1080, brate:8500000, frate:15, acodec:aac, brate:128000, srate:48000, ch:2
01-05 17:54:20.860   471   471 D MediaProfiles: camera_id:0, quality:mtktimelapseliveeffect(1116), ffmt:3gp, dur:30, vcodec:m4v, w:480, h:320, brate:2500000, frate:30, acodec:aac, brate:128000, srate:48000, ch:2
01-05 17:54:20.860   471   471 D MediaProfiles: camera_id:1, quality:mtklow(108), ffmt:3gp, dur:30, vcodec:m4v, w:176, h:144, brate:150000, frate:30, acodec:aac, brate:64000, srate:48000, ch:2
01-05 17:54:20.860   471   471 D MediaProfiles: camera_id:1, quality:mtkhigh(110), ffmt:3gp, dur:30, vcodec:m4v, w:640, h:480, brate:4200000, frate:30, acodec:aac, brate:128000, srate:48000, ch:2
01-05 17:54:20.860   471   471 D MediaProfiles: camera_id:1, quality:mtknightlow(112), ffmt:3gp, dur:30, vcodec:m4v, w:176, h:144, brate:75000, frate:15, acodec:aac, brate:64000, srate:48000, ch:2
01-05 17:54:20.860   471   471 D MediaProfiles: camera_id:1, quality:mtknighthigh(114), ffmt:3gp, dur:30, vcodec:m4v, w:640, h:480, brate:2100000, frate:15, acodec:aac, brate:128000, srate:48000, ch:2
01-05 17:54:20.860   471   471 D MediaProfiles: camera_id:1, quality:mtkliveeffect(116), ffmt:3gp, dur:30, vcodec:m4v, w:480, h:320, brate:2500000, frate:30, acodec:aac, brate:128000, srate:48000, ch:2
01-05 17:54:20.860   471   471 D MediaProfiles: camera_id:1, quality:mtktimelapselow(1108), ffmt:3gp, dur:30, vcodec:m4v, w:176, h:144, brate:150000, frate:30, acodec:aac, brate:64000, srate:48000, ch:2
01-05 17:54:20.860   471   471 D MediaProfiles: camera_id:1, quality:mtktimelapsehigh(1110), ffmt:3gp, dur:30, vcodec:m4v, w:640, h:480, brate:4200000, frate:30, acodec:aac, brate:128000, srate:48000, ch:2
01-05 17:54:20.860   471   471 D MediaProfiles: camera_id:1, quality:mtktimelapsenightlow(1112), ffmt:3gp, dur:30, vcodec:m4v, w:176, h:144, brate:75000, frate:15, acodec:aac, brate:64000, srate:48000, ch:2
01-05 17:54:20.860   471   471 D MediaProfiles: camera_id:1, quality:mtktimelapsenighthigh(1114), ffmt:3gp, dur:30, vcodec:m4v, w:640, h:480, brate:2100000, frate:15, acodec:aac, brate:128000, srate:48000, ch:2
01-05 17:54:20.860   471   471 D MediaProfiles: camera_id:1, quality:mtktimelapseliveeffect(1116), ffmt:3gp, dur:30, vcodec:m4v, w:480, h:320, brate:2500000, frate:30, acodec:aac, brate:128000, srate:48000, ch:2
01-05 17:54:20.861   471   471 I VDO_LOG : venc eFuse unsupported type (unlimited)!!
01-05 17:54:20.861   471   471 I MediaProfiles: checkVideoCapability, format=2,support maxwidth=1920,maxheight=1088, bitrate 17000000, framerate 30
01-05 17:54:20.861   471   471 I MediaProfiles: [ createDefaultH264VideoEncoderCap ], support ret=1 maxwidth=1920,maxheight=1088, bitrate 17000000, framerate 30
01-05 17:54:20.861   471   471 I VDO_LOG : venc eFuse unsupported type (unlimited)!!
01-05 17:54:20.861   471   471 I MediaProfiles: checkVideoCapability, format=1,support maxwidth=640,maxheight=480, bitrate 4000000, framerate 30
01-05 17:54:20.862   471   471 I MediaProfiles: [ createDefaultH263VideoEncoderCap ], support ret:1 maxwidth=640,maxheight=480, bitrate 4000000, framerate 30
01-05 17:54:20.862   471   471 I VDO_LOG : venc eFuse unsupported type (unlimited)!!
01-05 17:54:20.862   471   471 I MediaProfiles: checkVideoCapability, format=3,support maxwidth=640,maxheight=480, bitrate 4000000, framerate 30
01-05 17:54:20.862   471   471 I MediaProfiles: [ createDefaultM4vVideoEncoderCap ], support ret:1 maxwidth=640,maxheight=480, bitrate 4000000, framerate 30
01-05 17:54:20.864   471   471 D MediaProfiles: FrontCameraLevels Setting
01-05 17:54:20.864   471   471 D MediaProfiles: Main2 CameraLevels Setting
01-05 17:54:20.897   472   472 I art     : Thread[1,tid=472,Native,Thread*=0xe5b05400,peer=0x12c060d0,"main"] recursive attempt to load library "/system/lib/libmedia_jni.so"
01-05 17:54:20.901   472   472 D MtpDeviceJNI: register_android_mtp_MtpDevice
01-05 17:54:20.901   472   472 I art     : Thread[1,tid=472,Native,Thread*=0xe5b05400,peer=0x12c060d0,"main"] recursive attempt to load library "/system/lib/libmedia_jni.so"
01-05 17:54:20.901   472   472 I art     : Thread[1,tid=472,Native,Thread*=0xe5b05400,peer=0x12c060d0,"main"] recursive attempt to load library "/system/lib/libmedia_jni.so"
01-05 17:54:20.905   472   472 W MediaProfiles: could not find media config xml file
01-05 17:54:20.907   472   472 I VDO_LOG : [GetChipVerAPI][0] 321
01-05 17:54:20.907   472   472 I VDO_LOG : [GetChipVerAPI][1] 0
01-05 17:54:20.908   472   472 I MediaProfiles: getChipName success = 14
01-05 17:54:20.908   472   472 I VDO_LOG : venc eFuse unsupported type (unlimited)!!
01-05 17:54:20.908   472   472 I MediaProfiles: checkVideoCapability, format=2,support maxwidth=1920,maxheight=1088, bitrate 17000000, framerate 30
01-05 17:54:20.910   472   472 I VDO_LOG : venc eFuse unsupported type (unlimited)!!
01-05 17:54:20.910   472   472 I MediaProfiles: checkVideoCapability, format=3,support maxwidth=640,maxheight=480, bitrate 4000000, framerate 30
01-05 17:54:20.910   472   472 I MediaProfiles: [getMTKCamcorderFineID] video capability use default
01-05 17:54:20.911   472   472 I VDO_LOG : venc eFuse unsupported type (unlimited)!!
01-05 17:54:20.911   472   472 I MediaProfiles: checkVideoCapability, format=2,support maxwidth=1920,maxheight=1088, bitrate 17000000, framerate 30
01-05 17:54:20.912   472   472 I VDO_LOG : venc eFuse unsupported type (unlimited)!!
01-05 17:54:20.913   472   472 I MediaProfiles: checkVideoCapability, format=2,support maxwidth=1920,maxheight=1088, bitrate 17000000, framerate 30
01-05 17:54:20.913   472   472 I MediaProfiles: [getMTKCamcorderFineID] video capability use default
01-05 17:54:20.914   472   472 I VDO_LOG : venc eFuse unsupported type (unlimited)!!
01-05 17:54:20.914   472   472 I MediaProfiles: checkVideoCapability, format=2,support maxwidth=1920,maxheight=1088, bitrate 17000000, framerate 30
01-05 17:54:20.914   472   472 I VDO_LOG : venc eFuse unsupported type (unlimited)!!
01-05 17:54:20.914   472   472 I MediaProfiles: checkVideoCapability, format=2,support maxwidth=1920,maxheight=1088, bitrate 17000000, framerate 30
01-05 17:54:20.914   472   472 D MediaProfiles: there are 56 profiles
01-05 17:54:20.914   472   472 D MediaProfiles: camera_id:0, quality:low(0), ffmt:3gp, dur:30, vcodec:h263, w:176, h:144, brate:192000, frate:20, acodec:aac, brate:128000, srate:48000, ch:2
01-05 17:54:20.915   472   472 D MediaProfiles: camera_id:0, quality:timelapselow(1000), ffmt:3gp, dur:30, vcodec:h263, w:176, h:144, brate:1000000, frate:20, acodec:aac, brate:64000, srate:48000, ch:2
01-05 17:54:20.915   472   472 D MediaProfiles: camera_id:0, quality:qcif(2), ffmt:3gp, dur:30, vcodec:h263, w:176, h:144, brate:192000, frate:20, acodec:aac, brate:128000, srate:48000, ch:2
01-05 17:54:20.915   472   472 D MediaProfiles: camera_id:0, quality:qvga(7), ffmt:3gp, dur:30, vcodec:m4v, w:320, h:240, brate:1000000, frate:30, acodec:aac, brate:128000, srate:48000, ch:2
01-05 17:54:20.915   472   472 D MediaProfiles: camera_id:0, quality:cif(3), ffmt:3gp, dur:30, vcodec:m4v, w:352, h:288, brate:1250000, frate:30, acodec:aac, brate:128000, srate:48000, ch:2
01-05 17:54:20.915   472   472 D MediaProfiles: camera_id:0, quality:480p(4), ffmt:3gp, dur:30, vcodec:h264, w:720, h:480, brate:4500000, frate:30, acodec:aac, brate:128000, srate:48000, ch:2
01-05 17:54:20.915   472   472 D MediaProfiles: camera_id:0, quality:720p(5), ffmt:3gp, dur:30, vcodec:h264, w:1280, h:720, brate:9000000, frate:30, acodec:aac, brate:128000, srate:48000, ch:2
01-05 17:54:20.915   472   472 D MediaProfiles: camera_id:0, quality:1080p(6), ffmt:3gp, dur:30, vcodec:h264, w:1920, h:1080, brate:17000000, frate:30, acodec:aac, brate:128000, srate:48000, ch:2
01-05 17:54:20.915   472   472 D MediaProfiles: camera_id:0, quality:high(1), ffmt:3gp, dur:30, vcodec:h264, w:1920, h:1080, brate:17000000, frate:30, acodec:aac, brate:128000, srate:48000, ch:2
01-05 17:54:20.915   472   472 D MediaProfiles: camera_id:0, quality:timelapseqcif(1002), ffmt:3gp, dur:30, vcodec:h263, w:176, h:144, brate:1000000, frate:20, acodec:aac, brate:64000, srate:48000, ch:2
01-05 17:54:20.915   472   472 D MediaProfiles: camera_id:0, quality:timelapseqvga(1007), ffmt:3gp, dur:30, vcodec:m4v, w:320, h:240, brate:1000000, frate:30, acodec:aac, brate:128000, srate:48000, ch:2
01-05 17:54:20.915   472   472 D MediaProfiles: camera_id:0, quality:timelapsecif(1003), ffmt:3gp, dur:30, vcodec:m4v, w:352, h:288, brate:1250000, frate:30, acodec:aac, brate:128000, srate:48000, ch:2
01-05 17:54:20.915   472   472 D MediaProfiles: camera_id:0, quality:timelapse480p(1004), ffmt:3gp, dur:30, vcodec:h264, w:720, h:480, brate:4500000, frate:30, acodec:aac, brate:128000, srate:48000, ch:2
01-05 17:54:20.915   472   472 D MediaProfiles: camera_id:0, quality:timelapse720p(1005), ffmt:3gp, dur:30, vcodec:h264, w:1280, h:720, brate:9000000, frate:30, acodec:aac, brate:128000, srate:48000, ch:2
01-05 17:54:20.915   472   472 D MediaProfiles: camera_id:0, quality:timelapse1080p(1006), ffmt:3gp, dur:30, vcodec:h264, w:1920, h:1080, brate:17000000, frate:30, acodec:aac, brate:128000, srate:48000, ch:2
01-05 17:54:20.915   472   472 D MediaProfiles: camera_id:0, quality:timelapsehigh(1001), ffmt:3gp, dur:30, vcodec:h264, w:1920, h:1080, brate:17000000, frate:30, acodec:aac, brate:128000, srate:48000, ch:2
01-05 17:54:20.915   472   472 D MediaProfiles: camera_id:1, quality:low(0), ffmt:3gp, dur:30, vcodec:h263, w:176, h:144, brate:192000, frate:20, acodec:aac, brate:128000, srate:48000, ch:2
01-05 17:54:20.915   472   472 D MediaProfiles: camera_id:1, quality:timelapselow(1000), ffmt:3gp, dur:30, vcodec:h263, w:176, h:144, brate:1000000, frate:20, acodec:aac, brate:64000, srate:48000, ch:2
01-05 17:54:20.915   472   472 D MediaProfiles: camera_id:1, quality:qcif(2), ffmt:3gp, dur:30, vcodec:h263, w:176, h:144, brate:192000, frate:20, acodec:aac, brate:128000, srate:48000, ch:2
01-05 17:54:20.915   472   472 D MediaProfiles: camera_id:1, quality:qvga(7), ffmt:3gp, dur:30, vcodec:m4v, w:320, h:240, brate:1000000, frate:30, acodec:aac, brate:128000, srate:48000, ch:2
01-05 17:54:20.915   472   472 D MediaProfiles: camera_id:1, quality:cif(3), ffmt:3gp, dur:30, vcodec:m4v, w:352, h:288, brate:1250000, frate:30, acodec:aac, brate:128000, srate:48000, ch:2
01-05 17:54:20.916   472   472 D MediaProfiles: camera_id:1, quality:480p(4), ffmt:3gp, dur:30, vcodec:h264, w:720, h:480, brate:4500000, frate:30, acodec:aac, brate:128000, srate:48000, ch:2
01-05 17:54:20.916   472   472 D MediaProfiles: camera_id:1, quality:high(1), ffmt:3gp, dur:30, vcodec:h264, w:720, h:480, brate:4500000, frate:30, acodec:aac, brate:128000, srate:48000, ch:2
01-05 17:54:20.917   472   472 D MediaProfiles: camera_id:1, quality:timelapseqcif(1002), ffmt:3gp, dur:30, vcodec:h263, w:176, h:144, brate:1000000, frate:20, acodec:aac, brate:64000, srate:48000, ch:2
01-05 17:54:20.917   472   472 D MediaProfiles: camera_id:1, quality:timelapseqvga(1007), ffmt:3gp, dur:30, vcodec:m4v, w:320, h:240, brate:1000000, frate:30, acodec:aac, brate:128000, srate:48000, ch:2
01-05 17:54:20.917   472   472 D MediaProfiles: camera_id:1, quality:timelapsecif(1003), ffmt:3gp, dur:30, vcodec:m4v, w:352, h:288, brate:1250000, frate:30, acodec:aac, brate:128000, srate:48000, ch:2
01-05 17:54:20.917   472   472 D MediaProfiles: camera_id:1, quality:timelapse480p(1004), ffmt:3gp, dur:30, vcodec:h264, w:720, h:480, brate:4500000, frate:30, acodec:aac, brate:128000, srate:48000, ch:2
01-05 17:54:20.917   472   472 D MediaProfiles: camera_id:1, quality:timelapsehigh(1001), ffmt:3gp, dur:30, vcodec:h264, w:720, h:480, brate:4500000, frate:30, acodec:aac, brate:128000, srate:48000, ch:2
01-05 17:54:20.917   472   472 D MediaProfiles: camera_id:0, quality:mtklow(108), ffmt:3gp, dur:30, vcodec:h264, w:176, h:144, brate:750000, frate:30, acodec:aac, brate:64000, srate:48000, ch:2
01-05 17:54:20.917   472   472 D MediaProfiles: camera_id:0, quality:mtkmedium(109), ffmt:3gp, dur:30, vcodec:h264, w:640, h:480, brate:3000000, frate:30, acodec:aac, brate:128000, srate:48000, ch:2
01-05 17:54:20.917   472   472 D MediaProfiles: camera_id:0, quality:mtkhigh(110), ffmt:3gp, dur:30, vcodec:h264, w:1280, h:720, brate:9000000, frate:30, acodec:aac, brate:128000, srate:48000, ch:2
01-05 17:54:20.917   472   472 D MediaProfiles: camera_id:0, quality:mtkfine(111), ffmt:3gp, dur:30, vcodec:h264, w:1920, h:1080, brate:17000000, frate:30, acodec:aac, brate:128000, srate:48000, ch:2
01-05 17:54:20.917   472   472 D MediaProfiles: camera_id:0, quality:mtknightlow(112), ffmt:3gp, dur:30, vcodec:h264, w:176, h:144, brate:375000, frate:15, aco