01-05 17:54:15.783   442   442 D mtk_lbs_utility: socket_bind_udp: path=mnld_epo_download_socket
01-05 17:54:15.783   442   442 E mtk_lbs_utility: socket_bind_udp: chmod err = [No such file or directory]
01-05 17:54:15.783   442   442 D mtk_lbs_utility: socket_bind_udp: fd=7
01-05 17:54:15.783   442   442 D mtk_lbs_utility: socket_bind_udp: path=mnld_qepo_download_socket
01-05 17:54:15.783   442   442 E mtk_lbs_utility: socket_bind_udp: chmod err = [No such file or directory]
01-05 17:54:15.783   442   442 D mtk_lbs_utility: socket_bind_udp: fd=9
01-05 17:54:15.783   442   442 D mtk_lbs_utility: socket_bind_udp: path=mnld_op01_log_write_socket
01-05 17:54:15.783   442   442 E mtk_lbs_utility: socket_bind_udp: chmod err = [No such file or directory]
01-05 17:54:15.783   442   442 E mpe     : create_mpe2mnl_fd: bind failed path=[/data/mpe_mnl/mpe2mnl] reason=[No such file or directory]
01-05 17:54:15.783   442   442 E mpe     : mpe_function_init: socket_bind_udp(mpe2mnl) failed
01-05 17:54:15.784   442   442 D mtk_lbs_utility: socket_bind_udp: fd=11
01-05 17:54:15.784   442   442 D mtk_lbs_utility: socket_bind_udp: path=mtk_hal2mnl
01-05 17:54:15.784   442   442 E mtk_lbs_utility: socket_bind_udp: chmod err = [No such file or directory]
01-05 17:54:15.790   442   575 D gps_controlller: gps_control_thread: gps_control_thread wait
01-05 17:54:15.794   442   578 D op01    : op01_log_thread: op01_log_thread wait
01-05 17:54:15.800   442   574 D mnl_flp_test: thread_emi_download: create: F693F920, arg = 0x0
01-05 17:54:15.800   442   574 D mnl_flp_test: thread_emi_download: EMI download thread start arg=0x0
01-05 17:54:15.801   442   574 D mnl_flp_test: thread_emi_download: open_port: Unable to open /dev/gps_emi
01-05 17:54:15.809   442   442 D mtk_lbs_utility: mnld_flp_to_mnld_fd_init: chmod res = 0, No such file or directory
01-05 17:54:15.809   442   442 D mtk_lbs_utility: socket_bind_udp: fd=17
01-05 17:54:15.809   442   442 D mtk_lbs_utility: socket_bind_udp: path=mtk_flp_test2mnl
01-05 17:54:15.809   442   442 E mtk_lbs_utility: socket_bind_udp: chmod err = [No such file or directory]
01-05 17:54:15.809   442   442 D mtk_lbs_utility: socket_bind_udp: fd=18
01-05 17:54:15.809   442   442 D mtk_lbs_utility: socket_bind_udp: path=/data/server
01-05 17:54:15.809   442   442 E mtk_lbs_utility: socket_bind_udp: chmod err = [No such file or directory]
01-05 17:54:15.810   442   442 D mtk_lbs_utility: socket_bind_udp: fd=19
01-05 17:54:15.810   442   442 D mtk_lbs_utility: socket_bind_udp: path=mnld_main_socket
01-05 17:54:15.810   442   442 E mtk_lbs_utility: socket_bind_udp: chmod err = [No such file or directory]
01-05 17:54:15.810   442   442 D gps_dbg_log: create_mtklogger2mnl_fd: socket_fd = 20
01-05 17:54:15.810   442   442 D mnl2hal : mnl2hal_mnld_reboot: mnl2hal_mnld_reboot
01-05 17:54:15.810   442   442 E mtk_lbs_utility: safe_sendto: safe_sendto() sendto() failed path=[mtk_mnl2hal] ret=-1 reason=[Connection refused]111, buff[]
01-05 17:54:15.811   442   442 D MNL2AGPS: mnl2agps_mnl_reboot: mnl2agps_mnl_reboot
01-05 17:54:15.811   397   509 D agps    : [agps] WARNING: [AGPS] [MNL] read  mnl_reboot
01-05 17:54:15.811   275   275 D STORAGE_OTP: Kernel version: 3.18.35
01-05 17:54:15.811   275   275 E ccci_fsd(1): FS_OTP_init:open /dev/otp failed, errno=2!
01-05 17:54:15.811   275   275 E ccci_fsd(1): can't catch SIGKILL
01-05 17:54:15.811   397   509 D agps    : [agps][n][AGPS] [MNL] write  agps_settings_sync  sib8_16=[1], gps=[1] glonass=[1] beidou=[1] galileo=[1] aglonass=[1]
01-05 17:54:15.812   474   474 V APM::Serializer: deserialize: mHalVersion = 0300 major 3 minor 0
01-05 17:54:15.812   442   442 D mnl2flp : mnl2flp_mnld_reboot: mnl2flp_mnld_reboot
01-05 17:54:15.812   474   474 V APM::Serializer: deserialize: module name=primary
01-05 17:54:15.812   474   474 V APM::Serializer: deserialize: mixPort name=primary output
01-05 17:54:15.812   442   442 D mtk_lbs_utility: mnld_sendto_flp: mnld2flp fd: 21
01-05 17:54:15.812   474   474 V APM::Serializer: deserialize: Role=source
01-05 17:54:15.812   442   442 E mtk_lbs_utility: mnld_sendto_flp: [mnld2hal] ERR: sendto dest=[/data/gps_mnl/mnld2flp] len=608 reason =[No such file or directory]
01-05 17:54:15.812   474   474 V APM::Serializer: deserialize: mixPort name=fast
01-05 17:54:15.812   474   474 V APM::Serializer: deserialize: Role=source
01-05 17:54:15.812   474   474 V APM::Serializer: deserialize: mixPort name=primary input
01-05 17:54:15.812   474   474 V APM::Serializer: deserialize: Role=sink
01-05 17:54:15.812   474   474 V APM::Serializer: deserialize: devicePort tagName=Earpiece
01-05 17:54:15.812   474   474 V APM::Serializer: deserialize: devicePort type=AUDIO_DEVICE_OUT_EARPIECE
01-05 17:54:15.812   474   474 V APM::Serializer: deserialize: devicePort role=sink
01-05 17:54:15.812   474   474 V APM::Serializer: deserialize: adding device tag  type 00000001 address 
01-05 17:54:15.812   474   474 V APM::Serializer: deserialize: devicePort tagName=Speaker
01-05 17:54:15.812   474   474 V APM::Serializer: deserialize: devicePort type=AUDIO_DEVICE_OUT_SPEAKER
01-05 17:54:15.812   474   474 V APM::Serializer: deserialize: devicePort role=sink
01-05 17:54:15.813   474   474 V APM::Serializer: deserialize: adding device tag  type 00000002 address 
01-05 17:54:15.813   474   474 V APM::Serializer: deserialize: devicePort tagName=Wired Headset
01-05 17:54:15.813   474   474 V APM::Serializer: deserialize: devicePort type=AUDIO_DEVICE_OUT_WIRED_HEADSET
01-05 17:54:15.813   474   474 V APM::Serializer: deserialize: devicePort role=sink
01-05 17:54:15.813   474   474 V APM::Serializer: deserialize: adding device tag  type 00000004 address 
01-05 17:54:15.813   474   474 V APM::Serializer: deserialize: devicePort tagName=Wired Headphones
01-05 17:54:15.813   474   474 V APM::Serializer: deserialize: devicePort type=AUDIO_DEVICE_OUT_WIRED_HEADPHONE
01-05 17:54:15.813   474   474 V APM::Serializer: deserialize: devicePort role=sink
01-05 17:54:15.813   474   474 V APM::Serializer: deserialize: adding device tag  type 00000008 address 
01-05 17:54:15.813   474   474 V APM::Serializer: deserialize: devicePort tagName=AUX Digital Out
01-05 17:54:15.813   474   474 V APM::Serializer: deserialize: devicePort type=AUDIO_DEVICE_OUT_AUX_DIGITAL
01-05 17:54:15.813   474   474 V APM::Serializer: deserialize: devicePort role=sink
01-05 17:54:15.813   474   474 V APM::Serializer: deserialize: adding device tag  type 00000400 address 
01-05 17:54:15.813   474   474 V APM::Serializer: deserialize: devicePort tagName=BT SCO
01-05 17:54:15.813   474   474 V APM::Serializer: deserialize: devicePort type=AUDIO_DEVICE_OUT_BLUETOOTH_SCO
01-05 17:54:15.813   474   474 V APM::Serializer: deserialize: devicePort role=sink
01-05 17:54:15.813   474   474 V APM::Serializer: deserialize: adding device tag  type 00000010 address 
01-05 17:54:15.813   474   474 V APM::Serializer: deserialize: devicePort tagName=BT SCO Headset
01-05 17:54:15.813   474   474 V APM::Serializer: deserialize: devicePort type=AUDIO_DEVICE_OUT_BLUETOOTH_SCO_HEADSET
01-05 17:54:15.813   474   474 V APM::Serializer: deserialize: devicePort role=sink
01-05 17:54:15.813   474   474 V APM::Serializer: deserialize: adding device tag  type 00000020 address 
01-05 17:54:15.813   474   474 V APM::Serializer: deserialize: devicePort tagName=BT SCO Car Kit
01-05 17:54:15.813   474   474 V APM::Serializer: deserialize: devicePort type=AUDIO_DEVICE_OUT_BLUETOOTH_SCO_CARKIT
01-05 17:54:15.813   474   474 V APM::Serializer: deserialize: devicePort role=sink
01-05 17:54:15.813   474   474 V APM::Serializer: deserialize: adding device tag  type 00000040 address 
01-05 17:54:15.814   474   474 V APM::Serializer: deserialize: devicePort tagName=Analog Dock Headset
01-05 17:54:15.814   474   474 V APM::Serializer: deserialize: devicePort type=AUDIO_DEVICE_OUT_ANLG_DOCK_HEADSET
01-05 17:54:15.814   474   474 V APM::Serializer: deserialize: devicePort role=sink
01-05 17:54:15.814   560   560 I AEE_AED : Built Apr 21 2017 13:30:57
01-05 17:54:15.814   474   474 V APM::Serializer: deserialize: adding device tag  type 00000800 address 
01-05 17:54:15.814   474   474 V APM::Serializer: deserialize: devicePort tagName=Digital Dock Headset
01-05 17:54:15.814   474   474 V APM::Serializer: deserialize: devicePort type=AUDIO_DEVICE_OUT_DGTL_DOCK_HEADSET
01-05 17:54:15.814   474   474 V APM::Serializer: deserialize: devicePort role=sink
01-05 17:54:15.814   474   474 V APM::Serializer: deserialize: adding device tag  type 00001000 address 
01-05 17:54:15.814   474   474 V APM::Serializer: deserialize: devicePort tagName=FM Tuner Out
01-05 17:54:15.814   474   474 V APM::Serializer: deserialize: devicePort type=AUDIO_DEVICE_OUT_FM
01-05 17:54:15.814   474   474 V APM::Serializer: deserialize: devicePort role=sink
01-05 17:54:15.814   474   474 V APM::Serializer: deserialize: adding device tag  type 00100000 address 
01-05 17:54:15.814   474   474 V APM::Serializer: deserialize: devicePort tagName=Built-In Mic
01-05 17:54:15.814   474   474 V APM::Serializer: deserialize: devicePort type=AUDIO_DEVICE_IN_BUILTIN_MIC
01-05 17:54:15.814   474   474 V APM::Serializer: deserialize: devicePort role=source
01-05 17:54:15.814   474   474 V APM::Serializer: deserialize: adding device tag  type 80000004 address 
01-05 17:54:15.814   474   474 V APM::Serializer: deserialize: devicePort tagName=Built-In Back Mic
01-05 17:54:15.814   560   560 I AEE_AED : debuggerd chip_security_check pass! 
01-05 17:54:15.814   474   474 V APM::Serializer: deserialize: devicePort type=AUDIO_DEVICE_IN_BACK_MIC
01-05 17:54:15.814   474   474 V APM::Serializer: deserialize: devicePort role=source
01-05 17:54:15.814   474   474 V APM::Serializer: deserialize: adding device tag  type 80000080 address 
01-05 17:54:15.814   474   474 V APM::Serializer: deserialize: devicePort tagName=Wired Headset Mic
01-05 17:54:15.814   560   560 D AEE_AED : [main]: kernel version: 3.18
01-05 17:54:15.814   474   474 V APM::Serializer: deserialize: devicePort type=AUDIO_DEVICE_IN_WIRED_HEADSET
01-05 17:54:15.814   560   560 D AEE_AED : [main][normal] platform MT6737T
01-05 17:54:15.814   474   474 V APM::Serializer: deserialize: devicePort role=source
01-05 17:54:15.815   474   474 V APM::Serializer: deserialize: adding device tag  type 80000010 address 
01-05 17:54:15.815   474   474 V APM::Serializer: deserialize: devicePort tagName=BT SCO Headset Mic
01-05 17:54:15.815   474   474 V APM::Serializer: deserialize: devicePort type=AUDIO_DEVICE_IN_BLUETOOTH_SCO_HEADSET
01-05 17:54:15.815   474   474 V APM::Serializer: deserialize: devicePort role=source
01-05 17:54:15.815   474   474 V APM::Serializer: deserialize: adding device tag  type 80000008 address 
01-05 17:54:15.815   474   474 V APM::Serializer: deserialize: devicePort tagName=AUX Digital In
01-05 17:54:15.815   474   474 V APM::Serializer: deserialize: devicePort type=AUDIO_DEVICE_IN_AUX_DIGITAL
01-05 17:54:15.815   474   474 V APM::Serializer: deserialize: devicePort role=source
01-05 17:54:15.815   474   474 V APM::Serializer: deserialize: adding device tag  type 80000020 address 
01-05 17:54:15.815   474   474 V APM::Serializer: deserialize: devicePort tagName=FM Tuner In
01-05 17:54:15.815   474   474 V APM::Serializer: deserialize: devicePort type=AUDIO_DEVICE_IN_FM_TUNER
01-05 17:54:15.815   474   474 V APM::Serializer: deserialize: devicePort role=source
01-05 17:54:15.815   474   474 V APM::Serializer: deserialize: adding device tag  type 80002000 address 
01-05 17:54:15.815   474   474 V APM::Serializer: deserialize: devicePort tagName=Voice Call In
01-05 17:54:15.815   474   474 V APM::Serializer: deserialize: devicePort type=AUDIO_DEVICE_IN_VOICE_CALL
01-05 17:54:15.815   474   474 V APM::Serializer: deserialize: devicePort role=source
01-05 17:54:15.815   474   474 V APM::Serializer: deserialize: adding device tag  type 80000040 address 
01-05 17:54:15.815   474   474 V APM::Serializer: deserialize: route type=mix
01-05 17:54:15.815   474   474 V APM::Serializer: deserialize: route type=mix
01-05 17:54:15.815   474   474 V APM::Serializer: deserialize: route type=mix
01-05 17:54:15.815   474   474 V APM::Serializer: deserialize: route type=mix
01-05 17:54:15.815   560   560 I AEE_AED : socket server: android:debuggerd32
01-05 17:54:15.815   474   474 V APM::Serializer: deserialize: route type=mix
01-05 17:54:15.815   474   474 V APM::Serializer: deserialize: route type=mix
01-05 17:54:15.816   474   474 V APM::Serializer: deserialize: route type=mix
01-05 17:54:15.816   474   474 V APM::Serializer: deserialize: route type=mix
01-05 17:54:15.816   474   474 V APM::Serializer: deserialize: route type=mix
01-05 17:54:15.816   474   474 V APM::Serializer: deserialize: route type=mix
01-05 17:54:15.816   474   474 V APM::Serializer: deserialize: route type=mix
01-05 17:54:15.816   474   474 V APM::Serializer: deserialize: route type=mix
01-05 17:54:15.816   474   474 V APM::Serializer: deserialize: module attachedDevices found
01-05 17:54:15.816   474   474 V APM::Serializer: deserialize: module item=Speaker
01-05 17:54:15.816   474   474 V APM::Serializer: deserialize: module item=Earpiece
01-05 17:54:15.816   474   474 V APM::Serializer: deserialize: module item=Built-In Mic
01-05 17:54:15.816   474   474 V APM::Serializer: deserialize: module item=FM Tuner In
01-05 17:54:15.816   474   474 V APM::Serializer: deserialize: module item=Voice Call In
01-05 17:54:15.816   474   474 V APM::Serializer: deserialize: module defaultOutputDevice=Speaker
01-05 17:54:15.816   474   474 V APM::Serializer: deserialize: default is 00000002
01-05 17:54:15.819   560   560 D AEE_AED : aed_get_force_config: -100000
01-05 17:54:15.819   560   560 D AEE_AED : ChangeAEEWorkMode: 4
01-05 17:54:15.820   560   560 D AEE_AED : aed_update_db_count: 4
01-05 17:54:15.820   560   560 I AEE_AED : AED config
01-05 17:54:15.820   560   560 I AEE_AED :   mode '4'
01-05 17:54:15.820   560   560 I AEE_AED :   exp level '0
01-05 17:54:15.820   560   560 I AEE_AED :   dal enable '0'
01-05 17:54:15.820   560   560 I AEE_AED :   db count '4'
01-05 17:54:15.820   560   560 I AEE_AED :   fatal db count '4'
01-05 17:54:15.820   560   560 I AEE_AED :  db storage '2'
01-05 17:54:15.820   560   560 I AEE_AED : SMP Info => 1
01-05 17:54:15.820   560   560 D AEE_AED : aee_exception_running_64: send req to debuggerd64
01-05 17:54:15.820   560   560 D AEE_AED : Rtt waiting 64_daemon finish the job...
01-05 17:54:15.820   394   565 D PQ      : [PQ_SERVICE] setPQParamWithFilter, gsat[4], cont[4], bri[4] shp[2]
01-05 17:54:15.820   394   565 D PQ      : [PQ_SERVICE] setPQParamWithFilter, hue0[9], hue1[9], hue2[12], hue3[12]
01-05 17:54:15.820   394   565 D PQ      : [PQ_SERVICE] setPQParamWithFilter, sat0[0], sat1[9], sat2[12], sat3[13]
01-05 17:54:15.821   394   565 D PQ      : [PQ_SERVICE] setPQParamWithFilter: DISP_IOCTL_SET_PQPARAM: ret = 0
01-05 17:54:15.821   394   565 D PQ      : ccorr table index=0
01-05 17:54:15.821   394   565 D PQ      : [PQ_SERVICE] DISP PQ init end...
01-05 17:54:15.821   394   565 D PQ      : [PQ_SERVICE] threadLoop config User_Def PQ... end
01-05 17:54:15.822   561   561 D AEE_AED : $===AEE===AEE===AEE===$
01-05 17:54:15.822   561   561 D AEE_AED : p 0 poll events 1 revents 1
01-05 17:54:15.822   561   561 D AEE_AED : requesting from: pid=560 cmd=9
01-05 17:54:15.822   561   561 D AEE_AED : Go RTT_AEE_GET_EXCEPTION_RUNNING
01-05 17:54:15.822   560   560 D AEE_AED : Rtt send 64 req done
01-05 17:54:15.822   274   274 I STATUSD : 732:statusd_start_child(): This is father. his pid is: 274
01-05 17:54:15.822   274   274 I STATUSD : 743:statusd_start_child(): flashless not ready,wait state=5 
01-05 17:54:15.822   560   560 E AEE_AED : Can't remove file /sdcard/mtklog/aee_exp/temp: No such file or directory
01-05 17:54:15.822   560   560 E AEE_AED : Can't remove file /data/aee_exp/temp: No such file or directory
01-05 17:54:15.822   560   560 E AEE_AED : Can't remove file /storage/ext_sd/mtklog/aee_exp/temp: No such file or directory
01-05 17:54:15.827   560   560 D AEE_AED : aee init PPM settings
01-05 17:54:15.829   560   560 D AEE_AED : $===AEE===AEE===AEE===$
01-05 17:54:15.829   560   560 D AEE_AED : p 5 poll events 1 revents 1
01-05 17:54:15.829   560   560 D AEE_AED : PPM cpu cores:4, online:4
01-05 17:54:15.830   560   560 D AEE_AED : aed_main_fork_worker: generator 0xe8514e10, worker 0xffdc6ad4, recv_fd 0
01-05 17:54:15.835   588   588 I STATUSD : 714:statusd_start_child(): This is son. and his pid is: 588
01-05 17:54:15.835   442   586 D MNLD    : mnld_main_thread: mnld_main_thread() enter wait
01-05 17:54:15.835   442   586 D MNLD    : mnld_main_thread: n=1
01-05 17:54:15.835   442   586 D MNLD    : mnld_main_thread: agps2mnl_hdlr msg
01-05 17:54:15.835   442   586 D MNLD    : agps_settings_sync: agps setting, sib8_16_enable = 1, gps_sat_en = 1, glonass_sat_en = 1,         beidou_sat_en = 1, galileo_sat_en = 1, a_glonass_sat_en = 1
01-05 17:54:15.835   442   586 D MNLD    : agps_settings_sync: sv_type_agps_set = 31, sib8_16_enable = 1
01-05 17:54:15.835   442   586 D MNLD    : agps_settings_sync: mnl stop, not send CMD SWITCH_CONSTELLATION and SIB8_16_ENABLE to mnl
01-05 17:54:15.835   442   586 D MNLD    : agps_settings_sync: get_chip_sv_support_capability, sv_type = 3
01-05 17:54:15.835   442   586 D MNLD    : agps_settings_sync: mnl2agps_agps_settings_ack done, ret = 0
01-05 17:54:15.835   442   586 D MNLD    : mnld_main_thread: mnld_main_thread() enter wait
01-05 17:54:15.836   397   509 D agps    : [agps][n][AGPS] [MNL] read  agps_settings_ack  gps=[1] glonass=[1] beidou=[0] galileo=[0]
01-05 17:54:15.839   589   589 W AEE_AED : read_fstab: get fstab /fstab.mt6735
01-05 17:54:15.840   474   474 V APM::Serializer: deserialize: mHalVersion = 0200 major 2 minor 0
01-05 17:54:15.840   474   474 V APM::Serializer: deserialize: module name=a2dp
01-05 17:54:15.840   474   474 V APM::Serializer: deserialize: mixPort name=a2dp output
01-05 17:54:15.840   474   474 V APM::Serializer: deserialize: Role=source
01-05 17:54:15.840   474   474 V APM::Serializer: deserialize: mixPort name=a2dp input
01-05 17:54:15.840   474   474 V APM::Serializer: deserialize: Role=sink
01-05 17:54:15.840   474   474 V APM::Serializer: deserialize: devicePort tagName=BT A2DP Out
01-05 17:54:15.840   474   474 V APM::Serializer: deserialize: devicePort type=AUDIO_DEVICE_OUT_BLUETOOTH_A2DP
01-05 17:54:15.840   474   474 V APM::Serializer: deserialize: devicePort role=sink
01-05 17:54:15.840   474   474 V APM::Serializer: deserialize: adding device tag  type 00000080 address 
01-05 17:54:15.840   474   474 V APM::Serializer: deserialize: devicePort tagName=BT A2DP Headphones
01-05 17:54:15.840   474   474 V APM::Serializer: deserialize: devicePort type=AUDIO_DEVICE_OUT_BLUETOOTH_A2DP_HEADPHONES
01-05 17:54:15.840   474   474 V APM::Serializer: deserialize: devicePort role=sink
01-05 17:54:15.840   474   474 V APM::Serializer: deserialize: adding device tag  type 00000100 address 
01-05 17:54:15.840   474   474 V APM::Serializer: deserialize: devicePort tagName=BT A2DP Speaker
01-05 17:54:15.840   474   474 V APM::Serializer: deserialize: devicePort type=AUDIO_DEVICE_OUT_BLUETOOTH_A2DP_SPEAKER
01-05 17:54:15.840   474   474 V APM::Serializer: deserialize: devicePort role=sink
01-05 17:54:15.840   474   474 V APM::Serializer: deserialize: adding device tag  type 00000200 address 
01-05 17:54:15.840   474   474 V APM::Serializer: deserialize: devicePort tagName=BT A2DP In
01-05 17:54:15.840   474   474 V APM::Serializer: deserialize: devicePort type=AUDIO_DEVICE_IN_BLUETOOTH_A2DP
01-05 17:54:15.840   474   474 V APM::Serializer: deserialize: devicePort role=source
01-05 17:54:15.840   474   474 V APM::Serializer: deserialize: adding device tag  type 80020000 address 
01-05 17:54:15.840   474   474 V APM::Serializer: deserialize: route type=mix
01-05 17:54:15.840   474   474 V APM::Serializer: deserialize: route type=mix
01-05 17:54:15.841   474   474 V APM::Serializer: deserialize: route type=mix
01-05 17:54:15.841   474   474 V APM::Serializer: deserialize: route type=mix
01-05 17:54:15.841   589   589 W AEE_AED : get_expdb_path: get expdb_path /dev/block/platform/mtk-msdc.0/11230000.msdc0/by-name/expdb
01-05 17:54:15.841   474   474 V APM::Serializer: deserialize: mHalVersion = 0200 major 2 minor 0
01-05 17:54:15.841   474   474 V APM::Serializer: deserialize: module name=usb
01-05 17:54:15.841   474   474 V APM::Serializer: deserialize: mixPort name=usb_accessory output
01-05 17:54:15.841   474   474 V APM::Serializer: deserialize: Role=source
01-05 17:54:15.841   589   589 I AEE_AED : ipanic_blk_open, expdb, 200 x 5000 = a00000
01-05 17:54:15.841   474   474 V APM::Serializer: deserialize: mixPort name=usb_device output
01-05 17:54:15.841   474   474 V APM::Serializer: deserialize: Role=source
01-05 17:54:15.841   474   474 V APM::Serializer: deserialize: mixPort name=usb_device input
01-05 17:54:15.841   474   474 V APM::Serializer: deserialize: Role=sink
01-05 17:54:15.841   474   474 V APM::Serializer: deserialize: devicePort tagName=USB Host Out
01-05 17:54:15.841   474   474 V APM::Serializer: deserialize: devicePort type=AUDIO_DEVICE_OUT_USB_ACCESSORY
01-05 17:54:15.841   474   474 V APM::Serializer: deserialize: devicePort role=sink
01-05 17:54:15.841   474   474 V APM::Serializer: deserialize: adding device tag  type 00002000 address 
01-05 17:54:15.841   474   474 V APM::Serializer: deserialize: devicePort tagName=USB Device Out
01-05 17:54:15.841   474   474 V APM::Serializer: deserialize: devicePort type=AUDIO_DEVICE_OUT_USB_DEVICE
01-05 17:54:15.841   474   474 V APM::Serializer: deserialize: devicePort role=sink
01-05 17:54:15.841   474   474 V APM::Serializer: deserialize: adding device tag  type 00004000 address 
01-05 17:54:15.841   474   474 V APM::Serializer: deserialize: devicePort tagName=USB Device In
01-05 17:54:15.841   474   474 V APM::Serializer: deserialize: devicePort type=AUDIO_DEVICE_IN_USB_DEVICE
01-05 17:54:15.841   474   474 V APM::Serializer: deserialize: devicePort role=source
01-05 17:54:15.841   474   474 V APM::Serializer: deserialize: adding device tag  type 80001000 address 
01-05 17:54:15.841   474   474 V APM::Serializer: deserialize: route type=mix
01-05 17:54:15.841   474   474 V APM::Serializer: deserialize: route type=mix
01-05 17:54:15.841   474   474 V APM::Serializer: deserialize: route type=mix
01-05 17:54:15.841   474   474 V APM::Serializer: deserialize: mHalVersion = 0200 major 2 minor 0
01-05 17:54:15.841   474   474 V APM::Serializer: deserialize: module name=r_submix
01-05 17:54:15.841   474   474 V APM::Serializer: deserialize: mixPort name=r_submix output
01-05 17:54:15.842   474   474 V APM::Serializer: deserialize: Role=source
01-05 17:54:15.842   474   474 V APM::Serializer: deserialize: mixPort name=r_submix input
01-05 17:54:15.842   474   474 V APM::Serializer: deserialize: Role=sink
01-05 17:54:15.842   474   474 V APM::Serializer: deserialize: devicePort tagName=Remote Submix Out
01-05 17:54:15.842   474   474 V APM::Serializer: deserialize: devicePort type=AUDIO_DEVICE_OUT_REMOTE_SUBMIX
01-05 17:54:15.842   474   474 V APM::Serializer: deserialize: devicePort role=sink
01-05 17:54:15.842   474   474 V APM::Serializer: deserialize: adding device tag  type 00008000 address 0
01-05 17:54:15.842   474   474 V APM::Serializer: deserialize: devicePort tagName=Remote Submix In
01-05 17:54:15.842   474   474 V APM::Serializer: deserialize: devicePort type=AUDIO_DEVICE_IN_REMOTE_SUBMIX
01-05 17:54:15.842   474   474 V APM::Serializer: deserialize: devicePort role=source
01-05 17:54:15.842   474   474 V APM::Serializer: deserialize: adding device tag  type 80000100 address 0
01-05 17:54:15.842   474   474 V APM::Serializer: deserialize: route type=mix
01-05 17:54:15.842   474   474 V APM::Serializer: deserialize: route type=mix
01-05 17:54:15.842   474   474 V APM::Serializer: deserialize: module attachedDevices found
01-05 17:54:15.842   474   474 V APM::Serializer: deserialize: module item=Remote Submix In
01-05 17:54:15.842   474   474 V APM::Serializer: deserialize: volume=0,-4200
01-05 17:54:15.842   474   474 V APM::Serializer: deserialize: volume=33,-2800
01-05 17:54:15.842   474   474 V APM::Serializer: deserialize: volume=66,-1400
01-05 17:54:15.842   474   474 V APM::Serializer: deserialize: volume=100,0
01-05 17:54:15.842   474   474 V APM::Serializer: deserialize: volume=0,-2400
01-05 17:54:15.842   474   474 V APM::Serializer: deserialize: volume=33,-1600
01-05 17:54:15.842   474   474 V APM::Serializer: deserialize: volume=66,-800
01-05 17:54:15.842   474   474 V APM::Serializer: deserialize: volume=100,0
01-05 17:54:15.842   474   474 V APM::Serializer: deserialize: volume=0,-2400
01-05 17:54:15.842   474   474 V APM::Serializer: deserialize: volume=33,-1600
01-05 17:54:15.842   474   474 V APM::Serializer: deserialize: volume=66,-800
01-05 17:54:15.843   474   474 V APM::Serializer: deserialize: volume=100,0
01-05 17:54:15.843   474   474 V APM::Serializer: deserialize: volume=1,-5800
01-05 17:54:15.843   474   474 V APM::Serializer: deserialize: volume=20,-4000
01-05 17:54:15.843   474   474 V APM::Serializer: deserialize: volume=60,-1700
01-05 17:54:15.843   474   474 V APM::Serializer: deserialize: volume=100,0
01-05 17:54:15.843   474   474 V APM::Serializer: deserialize: volume=1,-3000
01-05 17:54:15.843   474   474 V APM::Serializer: deserialize: volume=33,-2600
01-05 17:54:15.843   474   474 V APM::Serializer: deserialize: volume=66,-2200
01-05 17:54:15.843   474   474 V APM::Serializer: deserialize: volume=100,-1800
01-05 17:54:15.843   474   474 V APM::Serializer: deserialize: volume=1,-2400
01-05 17:54:15.843   474   474 V APM::Serializer: deserialize: volume=33,-1800
01-05 17:54:15.843   474   474 V APM::Serializer: deserialize: volume=66,-1200
01-05 17:54:15.843   474   474 V APM::Serializer: deserialize: volume=100,-600
01-05 17:54:15.843   474   474 V APM::Serializer: deserialize: volume=1,-2400
01-05 17:54:15.843   474   474 V APM::Serializer: deserialize: volume=33,-1800
01-05 17:54:15.843   474   474 V APM::Serializer: deserialize: volume=66,-1200
01-05 17:54:15.843   474   474 V APM::Serializer: deserialize: volume=100,-600
01-05 17:54:15.843   474   474 V APM::Serializer: deserialize: volume=1,-5800
01-05 17:54:15.843   474   474 V APM::Serializer: deserialize: volume=20,-4000
01-05 17:54:15.843   474   474 V APM::Serializer: deserialize: volume=60,-2100
01-05 17:54:15.843   474   474 V APM::Serializer: deserialize: volume=100,-1000
01-05 17:54:15.843   474   474 V APM::Serializer: deserialize: volume=1,-4950
01-05 17:54:15.843   474   474 V APM::Serializer: deserialize: volume=33,-3350
01-05 17:54:15.843   474   474 V APM::Serializer: deserialize: volume=66,-1700
01-05 17:54:15.843   474   474 V APM::Serializer: deserialize: volume=100,0
01-05 17:54:15.844   474   474 V APM::Serializer: deserialize: volume=1,-2970
01-05 17:54:15.844   474   474 V APM::Serializer: deserialize: volume=33,-2010
01-05 17:54:15.844   474   474 V APM::Serializer: deserialize: volume=66,-1020
01-05 17:54:15.844   474   474 V APM::Serializer: deserialize: volume=100,0
01-05 17:54:15.844   474   474 V APM::Serializer: deserialize: volume=1,-4950
01-05 17:54:15.844   474   474 V APM::Serializer: deserialize: volume=33,-3350
01-05 17:54:15.844   474   474 V APM::Serializer: deserialize: volume=66,-1700
01-05 17:54:15.844   474   474 V APM::Serializer: deserialize: volume=100,0
01-05 17:54:15.844   474   474 V APM::Serializer: deserialize: volume=1,-5800
01-05 17:54:15.844   474   474 V APM::Serializer: deserialize: volume=20,-4000
01-05 17:54:15.844   474   474 V APM::Serializer: deserialize: volume=60,-2100
01-05 17:54:15.844   474   474 V APM::Serializer: deserialize: volume=100,-1000
01-05 17:54:15.844   474   474 V APM::Serializer: deserialize: volume=1,-5800
01-05 17:54:15.844   474   474 V APM::Serializer: deserialize: volume=20,-4000
01-05 17:54:15.844   474   474 V APM::Serializer: deserialize: volume=60,-1700
01-05 17:54:15.844   474   474 V APM::Serializer: deserialize: volume=100,0
01-05 17:54:15.844   474   474 V APM::Serializer: deserialize: volume=1,-5800
01-05 17:54:15.844   474   474 V APM::Serializer: deserialize: volume=20,-4000
01-05 17:54:15.844   474   474 V APM::Serializer: deserialize: volume=60,-1700
01-05 17:54:15.844   474   474 V APM::Serializer: deserialize: volume=100,0
01-05 17:54:15.844   474   474 V APM::Serializer: deserialize: volume=1,-5800
01-05 17:54:15.844   474   474 V APM::Serializer: deserialize: volume=20,-4000
01-05 17:54:15.844   474   474 V APM::Serializer: deserialize: volume=60,-1700
01-05 17:54:15.844   474   474 V APM::Serializer: deserialize: volume=100,0
01-05 17:54:15.845   474   474 V APM::Serializer: deserialize: volume=1,-5800
01-05 17:54:15.845   474   474 V APM::Serializer: deserialize: volume=20,-4000
01-05 17:54:15.845   474   474 V APM::Serializer: deserialize: volume=60,-1700
01-05 17:54:15.845   474   474 V APM::Serializer: deserialize: volume=100,0
01-05 17:54:15.845   474   474 V APM::Serializer: deserialize: volume=1,-4950
01-05 17:54:15.845   474   474 V APM::Serializer: deserialize: volume=33,-3350
01-05 17:54:15.845   474   474 V APM::Serializer: deserialize: volume=66,-1700
01-05 17:54:15.845   474   474 V APM::Serializer: deserialize: volume=100,0
01-05 17:54:15.845   474   474 V APM::Serializer: deserialize: volume=1,-2970
01-05 17:54:15.845   474   474 V APM::Serializer: deserialize: volume=33,-2010
01-05 17:54:15.845   474   474 V APM::Serializer: deserialize: volume=66,-1020
01-05 17:54:15.845   474   474 V APM::Serializer: deserialize: volume=100,0
01-05 17:54:15.845   474   474 V APM::Serializer: deserialize: volume=1,-4950
01-05 17:54:15.845   474   474 V APM::Serializer: deserialize: volume=33,-3350
01-05 17:54:15.845   474   474 V APM::Serializer: deserialize: volume=66,-1700
01-05 17:54:15.845   474   474 V APM::Serializer: deserialize: volume=100,0
01-05 17:54:15.845   474   474 V APM::Serializer: deserialize: volume=1,-5800
01-05 17:54:15.845   474   474 V APM::Serializer: deserialize: volume=20,-4000
01-05 17:54:15.845   474   474 V APM::Serializer: deserialize: volume=60,-2100
01-05 17:54:15.845   474   474 V APM::Serializer: deserialize: volume=100,-1000
01-05 17:54:15.845   474   474 V APM::Serializer: deserialize: volume=1,-4950
01-05 17:54:15.845   474   474 V APM::Serializer: deserialize: volume=33,-3350
01-05 17:54:15.845   474   474 V APM::Serializer: deserialize: volume=66,-1700
01-05 17:54:15.845   474   474 V APM::Serializer: deserialize: volume=100,0
01-05 17:54:15.845   474   474 V APM::Serializer: deserialize: volume=1,-2970
01-05 17:54:15.845   474   474 V APM::Serializer: deserialize: volume=33,-2010
01-05 17:54:15.846   474   474 V APM::Serializer: deserialize: volume=66,-1020
01-05 17:54:15.846   474   474 V APM::Serializer: deserialize: volume=100,0
01-05 17:54:15.846   474   474 V APM::Serializer: deserialize: volume=1,-4950
01-05 17:54:15.846   474   474 V APM::Serializer: deserialize: volume=33,-3350
01-05 17:54:15.846   474   474 V APM::Serializer: deserialize: volume=66,-1700
01-05 17:54:15.846   474   474 V APM::Serializer: deserialize: volume=100,0
01-05 17:54:15.846   474   474 V APM::Serializer: deserialize: volume=1,-5800
01-05 17:54:15.846   474   474 V APM::Serializer: deserialize: volume=20,-4000
01-05 17:54:15.846   474   474 V APM::Serializer: deserialize: volume=60,-2100
01-05 17:54:15.846   474   474 V APM::Serializer: deserialize: volume=100,-1000
01-05 17:54:15.846   474   474 V APM::Serializer: deserialize: volume=0,-4200
01-05 17:54:15.846   474   474 V APM::Serializer: deserialize: volume=33,-2800
01-05 17:54:15.846   474   474 V APM::Serializer: deserialize: volume=66,-1400
01-05 17:54:15.846   474   474 V APM::Serializer: deserialize: volume=100,0
01-05 17:54:15.846   474   474 V APM::Serializer: deserialize: volume=0,-2400
01-05 17:54:15.846   474   474 V APM::Serializer: deserialize: volume=33,-1600
01-05 17:54:15.846   474   474 V APM::Serializer: deserialize: volume=66,-800
01-05 17:54:15.846   474   474 V APM::Serializer: deserialize: volume=100,0
01-05 17:54:15.846   474   474 V APM::Serializer: deserialize: volume=0,-4200
01-05 17:54:15.846   474   474 V APM::Serializer: deserialize: volume=33,-2800
01-05 17:54:15.846   474   474 V APM::Serializer: deserialize: volume=66,-1400
01-05 17:54:15.846   474   474 V APM::Serializer: deserialize: volume=100,0
01-05 17:54:15.846   474   474 V APM::Serializer: deserialize: volume=1,-5800
01-05 17:54:15.846   474   474 V APM::Serializer: deserialize: volume=20,-4000
01-05 17:54:15.846   474   474 V APM::Serializer: deserialize: volume=60,-1700
01-05 17:54:15.846   474   474 V APM::Serializer: deserialize: volume=100,0
01-05 17:54:15.847   474   474 V APM::Serializer: deserialize: volume=1,-3000
01-05 17:54:15.847   474   474 V APM::Serializer: deserialize: volume=33,-2600
01-05 17:54:15.847   474   474 V APM::Serializer: deserialize: volume=66,-2200
01-05 17:54:15.847   474   474 V APM::Serializer: deserialize: volume=100,-1800
01-05 17:54:15.847   474   474 V APM::Serializer: deserialize: volume=1,-2400
01-05 17:54:15.847   474   474 V APM::Serializer: deserialize: volume=33,-1800
01-05 17:54:15.847   474   474 V APM::Serializer: deserialize: volume=66,-1200
01-05 17:54:15.847   474   474 V APM::Serializer: deserialize: volume=100,-600
01-05 17:54:15.847   474   474 V APM::Serializer: deserialize: volume=1,-2400
01-05 17:54:15.847   474   474 V APM::Serializer: deserialize: volume=33,-1800
01-05 17:54:15.847   474   474 V APM::Serializer: deserialize: volume=66,-1200
01-05 17:54:15.847   474   474 V APM::Serializer: deserialize: volume=100,-600
01-05 17:54:15.847   474   474 V APM::Serializer: deserialize: volume=1,-5800
01-05 17:54:15.847   474   474 V APM::Serializer: deserialize: volume=20,-4000
01-05 17:54:15.847   474   474 V APM::Serializer: deserialize: volume=60,-2100
01-05 17:54:15.847   474   474 V APM::Serializer: deserialize: volume=100,-1000
01-05 17:54:15.847   474   474 V APM::Serializer: deserialize: volume=1,-3000
01-05 17:54:15.847   474   474 V APM::Serializer: deserialize: volume=33,-2600
01-05 17:54:15.847   474   474 V APM::Serializer: deserialize: volume=66,-2200
01-05 17:54:15.847   474   474 V APM::Serializer: deserialize: volume=100,-1800
01-05 17:54:15.847   474   474 V APM::Serializer: deserialize: volume=1,-2400
01-05 17:54:15.847   474   474 V APM::Serializer: deserialize: volume=33,-1800
01-05 17:54:15.847   474   474 V APM::Serializer: deserialize: volume=66,-1200
01-05 17:54:15.847   474   474 V APM::Serializer: deserialize: volume=100,-600
01-05 17:54:15.847   474   474 V APM::Serializer: deserialize: volume=1,-2400
01-05 17:54:15.847   474   474 V APM::Serializer: deserialize: volume=33,-1800
01-05 17:54:15.848   474   474 V APM::Serializer: deserialize: volume=66,-1200
01-05 17:54:15.848   474   474 V APM::Serializer: deserialize: volume=100,-600
01-05 17:54:15.848   474   474 V APM::Serializer: deserialize: volume=1,-5800
01-05 17:54:15.848   474   474 V APM::Serializer: deserialize: volume=20,-4000
01-05 17:54:15.848   474   474 V APM::Serializer: deserialize: volume=60,-2100
01-05 17:54:15.848   474   474 V APM::Serializer: deserialize: volume=100,-1000
01-05 17:54:15.848   474   474 V APM::Serializer: deserialize: volume=0,-9600
01-05 17:54:15.848   474   474 V APM::Serializer: deserialize: volume=100,-9600
01-05 17:54:15.848   474   474 V APM::Serializer: deserialize: volume=0,0
01-05 17:54:15.848   474   474 V APM::Serializer: deserialize: volume=100,0
01-05 17:54:15.848   474   474 V APM::Serializer: deserialize: volume=0,-9600
01-05 17:54:15.848   474   474 V APM::Serializer: deserialize: volume=100,-9600
01-05 17:54:15.848   474   474 V APM::Serializer: deserialize: volume=0,-9600
01-05 17:54:15.848   474   474 V APM::Serializer: deserialize: volume=100,-9600
01-05 17:54:15.848   474   474 V APM::Serializer: deserialize: volume=1,-5800
01-05 17:54:15.848   474   474 V APM::Serializer: deserialize: volume=20,-4000
01-05 17:54:15.848   474   474 V APM::Serializer: deserialize: volume=60,-1700
01-05 17:54:15.848   474   474 V APM::Serializer: deserialize: volume=100,0
01-05 17:54:15.848   474   474 V APM::Serializer: deserialize: volume=1,-5800
01-05 17:54:15.848   474   474 V APM::Serializer: deserialize: volume=20,-4000
01-05 17:54:15.848   474   474 V APM::Serializer: deserialize: volume=60,-1700
01-05 17:54:15.848   474   474 V APM::Serializer: deserialize: volume=100,0
01-05 17:54:15.848   474   474 V APM::Serializer: deserialize: volume=1,-5800
01-05 17:54:15.848   474   474 V APM::Serializer: deserialize: volume=20,-4000
01-05 17:54:15.849   474   474 V APM::Serializer: deserialize: volume=60,-1700
01-05 17:54:15.849   589   589 W AEE_AED : aed_reboot_session, no valid ipanic header, ignored
01-05 17:54:15.889   589   589 V ETM     : open etb_get_nr fail! , default etb_nr is 1 , (2, No such file or directory)
01-05 17:54:15.889   589   589 V ETM     : open etb_length fail! (2, No such file or directory)
01-05 17:54:15.889   589   589 V ETM     : open etb_length fail! (2, No such file or directory)
01-05 17:54:15.890   589   589 I AEE_AED : wdt_status = 0, fiq_step=0, exception_type:0 
01-05 17:54:15.890   589   589 I AEE_AED : reboot_reason = 0
01-05 17:54:15.890   589   589 W AEE_AED : read_fstab: get fstab /fstab.mt6735
01-05 17:54:15.891   589   589 W AEE_AED : get_expdb_path: get expdb_path /dev/block/platform/mtk-msdc.0/11230000.msdc0/by-name/expdb
01-05 17:54:15.891   589   589 I AEE_AED : ipanic_blk_open, expdb, 200 x 5000 = a00000
01-05 17:54:15.892   589   589 D AEE_AED : version(aabbccdd)
01-05 17:54:15.893   560   560 D AEE_AED : clear ppm settings
01-05 17:54:15.894   560   560 D AEE_AED : $===AEE===AEE===AEE===$
01-05 17:54:15.898   474   474 V APM::Serializer: deserialize: volume=100,0
01-05 17:54:15.898   474   474 V APM::Serializer: deserialize: volume=1,-5800
01-05 17:54:15.898   474   474 V APM::Serializer: deserialize: volume=20,-4000
01-05 17:54:15.899   474   474 V APM::Serializer: deserialize: volume=60,-1700
01-05 17:54:15.899   474   474 V APM::Serializer: deserialize: volume=100,0
01-05 17:54:15.899   474   474 V APM::Serializer: deserialize: volume=0,0
01-05 17:54:15.899   474   474 V APM::Serializer: deserialize: volume=100,0
01-05 17:54:15.899   474   474 V APM::Serializer: deserialize: volume=0,0
01-05 17:54:15.899   474   474 V APM::Serializer: deserialize: volume=100,0
01-05 17:54:15.899   474   474 V APM::Serializer: deserialize: volume=0,0
01-05 17:54:15.899   474   474 V APM::Serializer: deserialize: volume=100,0
01-05 17:54:15.899   474   474 V APM::Serializer: deserialize: volume=0,0
01-05 17:54:15.899   474   474 V APM::Serializer: deserialize: volume=100,0
01-05 17:54:15.899   474   474 V APM::Serializer: deserialize: volume=0,0
01-05 17:54:15.899   474   474 V APM::Serializer: deserialize: volume=100,0
01-05 17:54:15.899   474   474 V APM::Serializer: deserialize: volume=0,0
01-05 17:54:15.899   474   474 V APM::Serializer: deserialize: volume=100,0
01-05 17:54:15.899   474   474 V APM::Serializer: deserialize: volume=0,0
01-05 17:54:15.899   474   474 V APM::Serializer: deserialize: volume=100,0
01-05 17:54:15.899   474   474 V APM::Serializer: deserialize: volume=0,0
01-05 17:54:15.899   474   474 V APM::Serializer: deserialize: volume=100,0
01-05 17:54:15.909   547   547 I muxreport: Invoke mux app mechanism with case=8
01-05 17:54:15.909   547   547 I muxreport: Start modem
01-05 17:54:15.911   476   476 D FPO_MSG : fpoServiceRegister : (0, FpoAggressiveFpsStrategy)
01-05 17:54:15.929   476   476 I DrmManagerService(Native): try register drm server to Service Manager.
01-05 17:54:15.961   588   588 W Flashless: 3373:main(): Flashless version: 2.0.1, suffix version:temp
01-05 17:54:15.961   588   588 E STATUSD : 461:statusd_register_cominf(): bind failed
01-05 17:54:15.964   588   588 I STATUSD : 484:statusd_register_cominf(): ret=0
01-05 17:54:15.964   588   588 I STATUSD : 487:statusd_register_cominf(): connect immediately
01-05 17:54:15.964   588   588 S STATUSD : 173:com_syslogdump(): >C2S[7](f s start).....27 00 04 00 01 00 27 
01-05 17:54:15.964   588   588 S STATUSD : 173:com_syslogdump(): >C2S[7](f s init).....27 00 04 00 01 01 27 
01-05 17:54:15.964   588   588 S Flashless: 3441:main(): packege size=16302 window size=1 logLevel=5
01-05 17:54:15.964   588   588 I Flashless: 3442:main(): CPU is little-endian
01-05 17:54:15.964   588   588 I Flashless: 3446:main(): Called with following options:
01-05 17:54:15.964   588   588 I Flashless: 3447:main(): 	-d: Fork, get a daemon [yes]
01-05 17:54:15.964   588   588 I Flashless: 3448:main(): 	-s: Simple run mode [no]
01-05 17:54:15.964   588   588 I Flashless: 3449:main(): 	-v: verbose logging level. 0 (Silent) - 7 (Debug) [5]
01-05 17:54:15.964   588   588 I Flashless: 3450:main(): 	-t <timeout>: the timeout to wait for ack [5]
01-05 17:54:15.964   588   588 I Flashless: 3451:main(): 	-r <retry>: the times to resend message if not ack [2]
01-05 17:54:15.964   588   588 I Flashless: 3452:main(): 	-b <baudrate>: baudrate for asciboot serial[115200]
01-05 17:54:15.964   588   588 I Flashless: 3453:main(): 	-m: In [normal] mode
01-05 17:54:15.964   588   588 I Flashless: 3454:main(): 	-l <log to file>: Output log to /data/flashless/debug.log [no]
01-05 17:54:15.964   588   588 I Flashless: 3456:main(): 	-f <extra supported functions>: [NONE]
01-05 17:54:15.965   274   567 I STATUSD : 1271:statusd_analysis_thread(): SA2 msg from [flashless]/[CMD_CLIENT_START]
01-05 17:54:15.965   274   567 I STATUSD : 1271:statusd_analysis_thread(): SA2 msg from [flashless]/[CMD_CLIENT_INIT]
01-05 17:54:15.965   588   588 I Flashless: 859:fsm_cust_get_pingpang_index(): fsm_cust_get_pingpang_index: 1, retry =0
01-05 17:54:15.965   588   588 I Flashless: 892:fsm_rw_get_pingpang_index(): fsm_rw_get_pingpang_index: 1, retry =0
01-05 17:54:15.965   588   588 I Flashless: 925:fsm_get_pingpang_index(): fsm_get_pingpang_index: 0, retry =0
01-05 17:54:15.965   588   588 I Flashless: 1307:asci_device_prepare(): get asci device /dev/ttyMT4
01-05 17:54:15.967   588   588 I Flashless: 1378:asci_device_prepare(): asci device has been prepare ok[0.001422]
01-05 17:54:15.967   588   588 I Flashless: 2127:session_asci_boot(): --- Start session asci for 0 times ---
01-05 17:54:15.979   588   588 I Flashless: 2144:session_asci_boot(): Asci handshake Ok
01-05 17:54:15.981   588   588 I Flashless: 2158:session_asci_boot(): Asci header message Ok
01-05 17:54:15.981   588   588 I Flashless: 2179:session_asci_boot(): /vendor/firmware/boot_3_3g_n.rom image size is 13408
01-05 17:54:16.003   469   500 E C2KMDLOGGER: select timeout
01-05 17:54:16.003   469   500 D C2KMDLOGGER: mdlogger socket select start
01-05 17:54:16.004   469   501 E C2KMDLOGGER: read poll excp_msg_dev: got POLLERR
01-05 17:54:16.011   474   474 D AudioALSAHardware: +mAudioALSAHardware
01-05 17:54:16.011   474   474 D AudioALSADriverUtility: AudioALSADriverUtility()
01-05 17:54:16.013   474   474 D AudioALSADeviceParser: +UniqueVolumeInstance
01-05 17:54:16.014   474   474 D AudioALSADeviceParser: AudioALSADeviceParser()
01-05 17:54:16.014   474   474 D AudioALSADeviceParser: ParseCardIndex()
01-05 17:54:16.014   474   474 D AudioALSADeviceParser: card open success
01-05 17:54:16.014   474   474 D AudioALSADeviceParser: 	current CardIndex = 0, Rch =  0 
01-05 17:54:16.014   474   474 D AudioALSADeviceParser: 	current sound card name = mtsndcard
01-05 17:54:16.014   474   474 D AudioALSADeviceParser: 	mCardIndex found = 0
01-05 17:54:16.014   474   474 D AudioALSADeviceParser: reach EOF
01-05 17:54:16.014   474   474 D AudioALSADeviceParser: GetAllPcmAttribute()
01-05 17:54:16.014   474   474 D AudioALSADeviceParser: Pcm open success
01-05 17:54:16.014   474   474 D AudioALSADeviceParser: AddPcmString InputBuffer = 00-00: MultiMedia1_PLayback mt-soc-codec-tx-dai-0 :  : playback 1
01-05 17:54:16.014   474   474 D AudioALSADeviceParser: AddPcmString InputBuffer = 00-01: MultiMedia1_Capture mt-soc-codec-rx-dai-1 :  : capture 1
01-05 17:54:16.014   474   474 D AudioALSADeviceParser: AddPcmString InputBuffer = 00-02: Voice_MD1_PLayback mt-soc-codec-voicemd1-dai-2 :  : playback 1 : capture 1
01-05 17:54:16.014   474   474 D AudioALSADeviceParser: AddPcmString InputBuffer = 00-03: HMDI_PLayback mt-soc-hdmi-dummy-dai-codec-3 :  : playback 1 : capture 1
01-05 17:54:16.014   474   474 D AudioALSADeviceParser: AddPcmString InputBuffer = 00-04: ULDL_Loopback mt-soc-codec-uldlloopback-dai-4 :  : playback 1 : capture 1
01-05 17:54:16.014   474   474 D AudioALSADeviceParser: AddPcmString InputBuffer = 00-05: I2S0_PLayback mt-soc-i2s0-dummy-dai-codec-5 :  : playback 1 : capture 1
01-05 17:54:16.014   474   474 D AudioALSADeviceParser: AddPcmString InputBuffer = 00-06: MRGRX_PLayback mt-soc-mrgrx-dai-codec-6 :  : playback 1 : capture 1
01-05 17:54:16.014   474   474 D AudioALSADeviceParser: AddPcmString InputBuffer = 00-07: MRGRX_CAPTURE mt-soc-mrgrx-dummy-dai-codec-7 :  : playback 1 : capture 1
01-05 17:54:16.014   474   474 D AudioALSADeviceParser: AddPcmString InputBuffer = 00-08: I2S0DL1_PLayback mt-soc-codec-I2s0tx-dai-8 :  : playback 1
01-05 17:54:16.014   474   474 D AudioALSADeviceParser: AddPcmString InputBuffer = 00-09: DL1_AWB_Record mt-soc-codec-dl1awb-dai-9 :  : capture 1
01-05 17:54:16.014   474   474 D AudioALSADeviceParser: AddPcmString InputBuffer = 00-10: Voice_MD1_BT_Playback mt-soc-codec-voicemd1-bt-dai-10 :  : playback 1
01-05 17:54:16.014   474   474 D AudioALSADeviceParser: AddPcmString InputBuffer = 00-11: VOIP_Call_BT_Playback mt-soc-codec-voipcall-btout-dai-11 :  : playback 1
01-05 17:54:16.015   474   474 D AudioALSADeviceParser: AddPcmString InputBuffer = 00-12: VOIP_Call_BT_Capture mt-soc-codec-voipcall-btin-dai-12 :  : capture 1
01-05 17:54:16.015   474   474 D AudioALSADeviceParser: AddPcmString InputBuffer = 00-13: TDM_Debug_Record mt-soc-tdmrx-dai-codec-13 :  : capture 1
01-05 17:54:16.015   474   474 D AudioALSADeviceParser: AddPcmString InputBuffer = 00-14: FM_MRGTX_Playback mt-soc-fmmrg2tx-dummy-dai-codec-14 :  : playback 1
01-05 17:54:16.015   474   474 D AudioALSADeviceParser: AddPcmString InputBuffer = 00-15: MultiMediaData2_Capture mt-soc-codec-rx-dai2-15 :  : capture 1
01-05 17:54:16.015   474   474 D AudioALSADeviceParser: AddPcmString InputBuffer = 00-16: I2S0AWB_Capture mt-soc-codec-i2s0awb-dai-16 :  : capture 1
01-05 17:54:16.015   474   474 D AudioALSADeviceParser: AddPcmString InputBuffer = 00-17: Voice_MD2_PLayback mt-soc-codec-voicemd2-dai-17 :  : playback 1 : capture 1
01-05 17:54:16.015   474   474 D AudioALSADeviceParser: AddPcmString InputBuffer = 00-18: MultiMedia_Routing mt-soc-dummy-dai-codec-18 :  : playback 1
01-05 17:54:16.015   474   474 D AudioALSADeviceParser: AddPcmString InputBuffer = 00-19: Voice_MD2_BT_Playback mt-soc-codec-voicemd2-bt-dai-19 :  : playback 1
01-05 17:54:16.015   474   474 D AudioALSADeviceParser: AddPcmString InputBuffer = 00-20: HP_IMPEDANCE_Playback mt-soc-codec-hp-impedance-dai-20 :  : playback 1
01-05 17:54:16.015   474   474 D AudioALSADeviceParser: AddPcmString InputBuffer = 00-21: FM_I2S_Playback mt-soc-fm-i2s-dai-codec-21 :  : playback 1
01-05 17:54:16.015   474   474 D AudioALSADeviceParser: AddPcmString InputBuffer = 00-22: FM_I2S_Capture mt-soc-fm-i2s-dummy-dai-codec-22 :  : capture 1
01-05 17:54:16.015   474   474 D AudioALSADeviceParser: AddPcmString InputBuffer = 00-24: MultiMedia2_PLayback mt-soc-codec-tx-dai2-24 :  : playback 1
01-05 17:54:16.015   474   474 D AudioALSADeviceParser: AddPcmString InputBuffer = 
01-05 17:54:16.015   474   474 D AudioALSADeviceParser: reach EOF
01-05 17:54:16.015   474   474 D AudioALSADeviceParser: pcm 0 MultiMedia1_PLayback 
01-05 17:54:16.015   474   474 D AudioALSADeviceParser: pcm mCardindex 0 mPcmindex 0 
01-05 17:54:16.025   474   474 D AudioALSADeviceParser: Rate:	min=8000Hz	max=192000Hz
01-05 17:54:16.025   474   474 D AudioALSADeviceParser: Channels:	min=1		max=2
01-05 17:54:16.025   474   474 D AudioALSADeviceParser: Sample bits:	min=16		max=32
01-05 17:54:16.025   474   474 D AudioALSADeviceParser: Period size:	min=0		max=16384
01-05 17:54:16.025   474   474 D AudioALSADeviceParser: Period count:	min=1		max=4
01-05 17:54:16.025   474   474 D AudioALSADeviceParser: PCM_PARAM_BUFFER_BYTES :	 max=32768	
01-05 17:54:16.025   474   474 D AudioALSADeviceParser: pcm 1 MultiMedia1_Capture 
01-05 17:54:16.025   474   474 D AudioALSADeviceParser: pcm mCardindex 0 mPcmindex 1 
01-05 17:54:16.032   280   299 I BufferQueueProducer: [BootAnimation](this:0x7ced73b800,id:1,api:1,p:323,c:280) queueBuffer: fps=11.96 dur=1003.70 max=86.78 min=81.40
01-05 17:54:16.039   474   474 D AudioALSADeviceParser: Rate:	min=8000Hz	max=48000Hz
01-05 17:54:16.039   474   474 D AudioALSADeviceParser: Channels:	min=1		max=2
01-05 17:54:16.039   474   474 D AudioALSADeviceParser: Sample bits:	min=16		max=32
01-05 17:54:16.039   474   474 D AudioALSADeviceParser: Period size:	min=0		max=18432
01-05 17:54:16.039   474   474 D AudioALSADeviceParser: Period count:	min=1		max=36864
01-05 17:54:16.039   474   474 D AudioALSADeviceParser: PCM_PARAM_BUFFER_BYTES :	 max=36864	
01-05 17:54:16.039   474   474 D AudioALSADeviceParser: pcm 2 Voice_MD1_PLayback 
01-05 17:54:16.040   474   474 D AudioALSADeviceParser: pcm mCardindex 0 mPcmindex 2 
01-05 17:54:16.062   474   474 D AudioALSADeviceParser: Rate:	min=8000Hz	max=32000Hz
01-05 17:54:16.062   474   474 D AudioALSADeviceParser: Channels:	min=1		max=2
01-05 17:54:16.062   474   474 D AudioALSADeviceParser: Sample bits:	min=16		max=16
01-05 17:54:16.062   474   474 D AudioALSADeviceParser: Period size:	min=0		max=18432
